
 RUN  v3.2.4 /Users/denis.lantsman/src/magenta.nvim

 ↓ node/providers/openai.test.ts (1 test | 1 skipped)
 ✓ node/core/src/tools/spawn-subagents.test.ts (49 tests) 421ms
 ✓ node/core/src/edl/executor.test.ts (97 tests) 379ms
 ✓ node/core/src/tools/getFile.test.ts (20 tests) 403ms
 ✓ node/core/src/compact-renderer.test.ts (27 tests) 3ms
 ✓ node/utils/file-summary.test.ts (39 tests) 6ms
stderr | node/providers/anthropic-agent.test.ts > appendUserMessage > does not add assistant message until first content block completes
[winston] Attempt to write logs with no transports, which can increase memory usage: {"message":"Usage: inputTokens=1000 outputTokens=5000 cacheHits=0 cacheMisses=0 stopReason=end_turn","level":"info"}

stderr | node/providers/anthropic-agent.test.ts > toolResult > appends tool result when in correct state
[winston] Attempt to write logs with no transports, which can increase memory usage: {"message":"Usage: inputTokens=1000 outputTokens=5000 cacheHits=0 cacheMisses=0 stopReason=tool_use","level":"info"}

stderr | node/providers/anthropic-agent.test.ts > dispatch messages > dispatches messages when stream updates state
[winston] Attempt to write logs with no transports, which can increase memory usage: {"message":"Usage: inputTokens=1000 outputTokens=5000 cacheHits=0 cacheMisses=0 stopReason=end_turn","level":"info"}

stderr | node/providers/anthropic-agent.test.ts > thinking blocks > accumulates signature across multiple deltas
[winston] Attempt to write logs with no transports, which can increase memory usage: {"message":"Usage: inputTokens=1000 outputTokens=5000 cacheHits=0 cacheMisses=0 stopReason=end_turn","level":"info"}

stderr | node/providers/anthropic-agent.test.ts > thinking blocks > uses streamThinking helper with signature
[winston] Attempt to write logs with no transports, which can increase memory usage: {"message":"Usage: inputTokens=1000 outputTokens=5000 cacheHits=0 cacheMisses=0 stopReason=end_turn","level":"info"}

stderr | node/providers/anthropic-agent.test.ts > streaming block > exposes text streaming block during streaming
[winston] Attempt to write logs with no transports, which can increase memory usage: {"message":"Usage: inputTokens=1000 outputTokens=5000 cacheHits=0 cacheMisses=0 stopReason=end_turn","level":"info"}

stderr | node/providers/anthropic-agent.test.ts > streaming block > exposes tool_use streaming block during streaming
[winston] Attempt to write logs with no transports, which can increase memory usage: {"message":"Usage: inputTokens=1000 outputTokens=5000 cacheHits=0 cacheMisses=0 stopReason=tool_use","level":"info"}

stderr | node/providers/anthropic-agent.test.ts > streaming block > returns undefined for server_tool_use blocks
[winston] Attempt to write logs with no transports, which can increase memory usage: {"message":"Usage: inputTokens=1000 outputTokens=5000 cacheHits=0 cacheMisses=0 stopReason=end_turn","level":"info"}

stderr | node/providers/anthropic-agent.test.ts > streaming block > dispatches content-updated messages during streaming
[winston] Attempt to write logs with no transports, which can increase memory usage: {"message":"Usage: inputTokens=1000 outputTokens=5000 cacheHits=0 cacheMisses=0 stopReason=end_turn","level":"info"}

stderr | node/providers/anthropic-agent.test.ts > web search result preservation > preserves encrypted_content in web_search_tool_result after stream completes
[winston] Attempt to write logs with no transports, which can increase memory usage: {"message":"Usage: inputTokens=100 outputTokens=200 cacheHits=0 cacheMisses=6000 stopReason=end_turn","level":"info"}

stderr | node/providers/anthropic-agent.test.ts > web search result preservation > preserves web_search_tool_result in native messages for next turn
[winston] Attempt to write logs with no transports, which can increase memory usage: {"message":"Usage: inputTokens=1000 outputTokens=5000 cacheHits=0 cacheMisses=0 stopReason=end_turn","level":"info"}

stderr | node/providers/anthropic-agent.test.ts > web search result preservation > preserves web_search_tool_result in native messages for next turn
[winston] Attempt to write logs with no transports, which can increase memory usage: {"message":"Usage: inputTokens=1000 outputTokens=5000 cacheHits=0 cacheMisses=0 stopReason=end_turn","level":"info"}

stderr | node/providers/anthropic-agent.test.ts > web search result preservation > latestUsage > tracks usage from successful responses
[winston] Attempt to write logs with no transports, which can increase memory usage: {"message":"Usage: inputTokens=100 outputTokens=50 cacheHits=10 cacheMisses=5 stopReason=end_turn","level":"info"}

stderr | node/providers/anthropic-agent.test.ts > web search result preservation > latestUsage > preserves latestUsage when subsequent request is aborted
[winston] Attempt to write logs with no transports, which can increase memory usage: {"message":"Usage: inputTokens=100 outputTokens=50 cacheHits=0 cacheMisses=0 stopReason=end_turn","level":"info"}

stderr | node/providers/anthropic-agent.test.ts > web search result preservation > latestUsage > preserves latestUsage when subsequent request errors
[winston] Attempt to write logs with no transports, which can increase memory usage: {"message":"Usage: inputTokens=200 outputTokens=75 cacheHits=20 cacheMisses=0 stopReason=end_turn","level":"info"}

stderr | node/providers/anthropic-agent.test.ts > web search result preservation > latestUsage > updates latestUsage only on successful responses
[winston] Attempt to write logs with no transports, which can increase memory usage: {"message":"Usage: inputTokens=150 outputTokens=60 cacheHits=0 cacheMisses=0 stopReason=end_turn","level":"info"}

stderr | node/providers/anthropic-agent.test.ts > web search result preservation > malformed tool_use handling > produces error request for tool_use with invalid input
[winston] Attempt to write logs with no transports, which can increase memory usage: {"message":"Usage: inputTokens=1000 outputTokens=5000 cacheHits=0 cacheMisses=0 stopReason=tool_use","level":"info"}

 ✓ node/providers/anthropic-agent.test.ts (44 tests) 140ms
 ✓ node/capabilities/sandbox-shell.test.ts (21 tests) 720ms
stderr | node/chat/thread.test.ts > chat render and a few updates
getVar(magenta) failed: [1,"Key not found: magenta"]

stderr | node/tools/getFile.test.ts > render the getFile tool.
getVar(magenta) failed: [1,"Key not found: magenta"]

stderr | node/render-tools/spawn-subagents.test.ts > node/render-tools/spawn-subagents.test.ts > spawns subagent, runs command, yields result to parent
getVar(magenta) failed: [1,"Key not found: magenta"]

stderr | node/context/context-manager.test.ts > returns diff when file is edited on disk
getVar(magenta) failed: [1,"Key not found: magenta"]

stderr | node/chat/thread-compact.test.ts > compact flow: user initiates @compact, spawns compact thread, compacts and continues
getVar(magenta) failed: [1,"Key not found: magenta"]

stderr | node/tools/spawn-subagents.test.ts > navigates to spawned subagent thread when pressing Enter on completed summary
getVar(magenta) failed: [1,"Key not found: magenta"]

stderr | node/tools/bashCommand.test.ts > node/tools/bashCommand.test.ts > executes a simple echo command without requiring approval (allowlisted)
getVar(magenta) failed: [1,"Key not found: magenta"]

stderr | node/chat/thread-abort.test.ts > forks a thread while streaming by aborting the stream first
getVar(magenta) failed: [1,"Key not found: magenta"]

stderr | node/providers/skills.test.ts > Skills > loads skills from a directory with skill.md
getVar(magenta) failed: [1,"Key not found: magenta"]

stderr | node/context/context-manager.test.ts > returns diff when file is edited on disk
getVar(magenta_display_window) failed: [1,"Key not found: magenta_display_window"]

stderr | node/tools/spawn-subagents.test.ts > navigates to spawned subagent thread when pressing Enter on completed summary
getVar(magenta_display_window) failed: [1,"Key not found: magenta_display_window"]

stderr | node/tools/bashCommand.test.ts > node/tools/bashCommand.test.ts > executes a simple echo command without requiring approval (allowlisted)
getVar(magenta_display_window) failed: [1,"Key not found: magenta_display_window"]

stderr | node/render-tools/spawn-subagents.test.ts > node/render-tools/spawn-subagents.test.ts > spawns subagent, runs command, yields result to parent
getVar(magenta_display_window) failed: [1,"Key not found: magenta_display_window"]

stderr | node/chat/thread.test.ts > chat render and a few updates
getVar(magenta_display_window) failed: [1,"Key not found: magenta_display_window"]

stderr | node/tools/getFile.test.ts > render the getFile tool.
getVar(magenta_display_window) failed: [1,"Key not found: magenta_display_window"]

stderr | node/chat/thread-compact.test.ts > compact flow: user initiates @compact, spawns compact thread, compacts and continues
getVar(magenta_display_window) failed: [1,"Key not found: magenta_display_window"]

stderr | node/chat/thread-abort.test.ts > forks a thread while streaming by aborting the stream first
getVar(magenta_display_window) failed: [1,"Key not found: magenta_display_window"]

stderr | node/tools/spawn-subagents.test.ts > navigates to spawned subagent thread when pressing Enter on completed summary
[Thread 019d8a16-98a8-739c-917a-93ecc1bd5b1d] myUpdate: send-message

stderr | node/tools/bashCommand.test.ts > node/tools/bashCommand.test.ts > executes a simple echo command without requiring approval (allowlisted)
[Thread 019d8a16-98a8-764c-a684-d4eefa2a8b57] myUpdate: send-message

stderr | node/providers/skills.test.ts > Skills > loads skills from a directory with skill.md
getVar(magenta_display_window) failed: [1,"Key not found: magenta_display_window"]

stderr | node/render-tools/spawn-subagents.test.ts > node/render-tools/spawn-subagents.test.ts > spawns subagent, runs command, yields result to parent
[Thread 019d8a16-98a8-7219-8ddd-bffa8d244aef] myUpdate: send-message

stderr | node/tools/getFile.test.ts > render the getFile tool.
[Thread 019d8a16-98a8-7100-aec9-6ae34df96c9c] myUpdate: send-message

stderr | node/tools/bashCommand.test.ts > node/tools/bashCommand.test.ts > executes a simple echo command without requiring approval (allowlisted)
[Thread 019d8a16-98a8-764c-a684-d4eefa2a8b57] myUpdate: tool-progress

stderr | node/tools/spawn-subagents.test.ts > navigates to spawned subagent thread when pressing Enter on completed summary
[Thread 019d8a16-98a8-739c-917a-93ecc1bd5b1d] myUpdate: tool-progress

stderr | node/render-tools/spawn-subagents.test.ts > node/render-tools/spawn-subagents.test.ts > spawns subagent, runs command, yields result to parent
[Thread 019d8a16-98a8-7219-8ddd-bffa8d244aef] myUpdate: tool-progress

stderr | node/chat/thread-compact.test.ts > compact flow: user initiates @compact, spawns compact thread, compacts and continues
[Thread 019d8a16-98a8-75af-994f-bc16ca511322] myUpdate: send-message

stderr | node/chat/thread.test.ts > chat render and a few updates
[Thread 019d8a16-98a8-7127-8de7-b3e8bad2ad1f] myUpdate: send-message

stderr | node/tools/getFile.test.ts > render the getFile tool.
[Thread 019d8a16-98a8-7100-aec9-6ae34df96c9c] myUpdate: tool-progress

stderr | node/chat/thread-compact.test.ts > compact flow: user initiates @compact, spawns compact thread, compacts and continues
[Thread 019d8a16-98a8-75af-994f-bc16ca511322] myUpdate: tool-progress

stderr | node/chat/thread-abort.test.ts > forks a thread while streaming by aborting the stream first
[Thread 019d8a16-98a8-77ac-badd-a1274bc565a7] myUpdate: send-message

stderr | node/chat/thread.test.ts > chat render and a few updates
[Thread 019d8a16-98a8-7127-8de7-b3e8bad2ad1f] myUpdate: tool-progress

stderr | node/chat/thread-abort.test.ts > forks a thread while streaming by aborting the stream first
[Thread 019d8a16-98a8-77ac-badd-a1274bc565a7] myUpdate: tool-progress

stderr | node/context/context-manager.test.ts > returns diff when file is edited on disk
[Thread 019d8a16-98a8-721a-8647-f1fca99fe396] myUpdate: tool-progress

stderr | node/chat/thread.test.ts > chat render and a few updates
[winston] Attempt to write logs with no transports, which can increase memory usage: {"message":"Usage: inputTokens=1000 outputTokens=5000 cacheHits=0 cacheMisses=0 stopReason=tool_use","level":"info"}

stderr | node/tools/spawn-subagents.test.ts > navigates to spawned subagent thread when pressing Enter on completed summary
[winston] Attempt to write logs with no transports, which can increase memory usage: {"message":"Usage: inputTokens=1000 outputTokens=5000 cacheHits=0 cacheMisses=0 stopReason=tool_use","level":"info"}

stderr | node/render-tools/spawn-subagents.test.ts > node/render-tools/spawn-subagents.test.ts > spawns subagent, runs command, yields result to parent
[winston] Attempt to write logs with no transports, which can increase memory usage: {"message":"Usage: inputTokens=1000 outputTokens=5000 cacheHits=0 cacheMisses=0 stopReason=tool_use","level":"info"}

stderr | node/tools/bashCommand.test.ts > node/tools/bashCommand.test.ts > executes a simple echo command without requiring approval (allowlisted)
[winston] Attempt to write logs with no transports, which can increase memory usage: {"message":"Usage: inputTokens=1000 outputTokens=5000 cacheHits=0 cacheMisses=0 stopReason=tool_use","level":"info"}

stderr | node/tools/getFile.test.ts > render the getFile tool.
[winston] Attempt to write logs with no transports, which can increase memory usage: {"message":"Usage: inputTokens=1000 outputTokens=5000 cacheHits=0 cacheMisses=0 stopReason=tool_use","level":"info"}

stderr | node/tools/getFile.test.ts > render the getFile tool.
[Thread 019d8a16-98a8-7100-aec9-6ae34df96c9c] myUpdate: tool-progress

stderr | node/render-tools/spawn-subagents.test.ts > node/render-tools/spawn-subagents.test.ts > spawns subagent, runs command, yields result to parent
[Thread 019d8a16-98a8-7219-8ddd-bffa8d244aef] myUpdate: tool-progress

stderr | node/tools/spawn-subagents.test.ts > navigates to spawned subagent thread when pressing Enter on completed summary
[Thread 019d8a16-98a8-739c-917a-93ecc1bd5b1d] myUpdate: tool-progress

stderr | node/render-tools/spawn-subagents.test.ts > node/render-tools/spawn-subagents.test.ts > spawns subagent, runs command, yields result to parent
[Thread 019d8a16-990c-744d-960c-cbfb6b84babf] myUpdate: send-message

stderr | node/render-tools/spawn-subagents.test.ts > node/render-tools/spawn-subagents.test.ts > spawns subagent, runs command, yields result to parent
[Thread 019d8a16-990c-744d-960c-cbfb6b84babf] myUpdate: tool-progress
[Thread 019d8a16-98a8-7219-8ddd-bffa8d244aef] myUpdate: tool-progress

stderr | node/tools/spawn-subagents.test.ts > navigates to spawned subagent thread when pressing Enter on completed summary
[Thread 019d8a16-990d-72da-a9d4-8fa151cdb0e2] myUpdate: send-message

stderr | node/tools/spawn-subagents.test.ts > navigates to spawned subagent thread when pressing Enter on completed summary
[Thread 019d8a16-990d-72da-a9d4-8fa151cdb0e2] myUpdate: tool-progress
[Thread 019d8a16-98a8-739c-917a-93ecc1bd5b1d] myUpdate: tool-progress

stderr | node/chat/thread-compact.test.ts > compact flow: user initiates @compact, spawns compact thread, compacts and continues
[winston] Attempt to write logs with no transports, which can increase memory usage: {"message":"Usage: inputTokens=1000 outputTokens=5000 cacheHits=0 cacheMisses=0 stopReason=end_turn","level":"info"}

stderr | node/chat/thread-abort.test.ts > forks a thread while streaming by aborting the stream first
[winston] Attempt to write logs with no transports, which can increase memory usage: {"message":"Usage: inputTokens=1000 outputTokens=5000 cacheHits=0 cacheMisses=0 stopReason=end_turn","level":"info"}

stderr | node/chat/thread-compact.test.ts > compact flow: user initiates @compact, spawns compact thread, compacts and continues
[Thread 019d8a16-98a8-75af-994f-bc16ca511322] myUpdate: tool-progress

stderr | node/chat/thread-abort.test.ts > forks a thread while streaming by aborting the stream first
[Thread 019d8a16-98a8-77ac-badd-a1274bc565a7] myUpdate: tool-progress

stderr | node/chat/thread-compact.test.ts > compact flow: user initiates @compact, spawns compact thread, compacts and continues
[Thread 019d8a16-98a8-75af-994f-bc16ca511322] myUpdate: send-message

stderr | node/chat/thread-compact.test.ts > compact flow: user initiates @compact, spawns compact thread, compacts and continues
[Thread 019d8a16-98a8-75af-994f-bc16ca511322] myUpdate: tool-progress

stderr | node/chat/thread-abort.test.ts > forks a thread while streaming by aborting the stream first
[Thread 019d8a16-98a8-77ac-badd-a1274bc565a7] myUpdate: send-message

stderr | node/tools/getFile.test.ts > render the getFile tool.
[Thread 019d8a16-98a8-7100-aec9-6ae34df96c9c] myUpdate: tool-progress

stderr | node/tools/getFile.test.ts > render the getFile tool.
[Thread 019d8a16-98a8-7100-aec9-6ae34df96c9c] myUpdate: tool-progress

stderr | node/chat/thread-compact.test.ts > compact flow: user initiates @compact, spawns compact thread, compacts and continues
[winston] Attempt to write logs with no transports, which can increase memory usage: {"message":"Usage: inputTokens=1000 outputTokens=5000 cacheHits=0 cacheMisses=0 stopReason=end_turn","level":"info"}

stderr | node/chat/thread-compact.test.ts > compact flow: user initiates @compact, spawns compact thread, compacts and continues
[Thread 019d8a16-98a8-75af-994f-bc16ca511322] myUpdate: tool-progress

stderr | node/chat/thread-abort.test.ts > forks a thread while streaming by aborting the stream first
[Thread 019d8a16-98a8-77ac-badd-a1274bc565a7] myUpdate: tool-progress

stderr | node/tools/getFile.test.ts > render the getFile tool.
[Thread 019d8a16-98a8-7100-aec9-6ae34df96c9c] myUpdate: tool-progress

stderr | node/chat/thread-abort.test.ts > forks a thread while streaming by aborting the stream first
[Thread 019d8a16-98a8-77ac-badd-a1274bc565a7] myUpdate: tool-progress
[Thread 019d8a16-98a8-77ac-badd-a1274bc565a7] myUpdate: tool-progress

stderr | node/chat/thread.test.ts > chat render and a few updates
[Thread 019d8a16-98a8-7127-8de7-b3e8bad2ad1f] myUpdate: tool-progress

stderr | node/tools/bashCommand.test.ts > node/tools/bashCommand.test.ts > executes a simple echo command without requiring approval (allowlisted)
[Thread 019d8a16-98a8-764c-a684-d4eefa2a8b57] myUpdate: tool-progress

stderr | node/buf-enter.test.ts > node/buf-enter.test.ts > non-magenta buffer in magenta window > should eject a non-magenta buffer from the display window and restore the magenta buffer
getVar(magenta) failed: [1,"Key not found: magenta"]

stderr | node/chat/thread-abort.test.ts > forks a thread while streaming by aborting the stream first
[Thread 019d8a16-9918-700d-b9f0-800f8153c74f] myUpdate: send-message

stderr | node/chat/thread-abort.test.ts > forks a thread while streaming by aborting the stream first
[Thread 019d8a16-9918-700d-b9f0-800f8153c74f] myUpdate: tool-progress

stderr | node/tools/bashCommand.test.ts > node/tools/bashCommand.test.ts > executes a simple echo command without requiring approval (allowlisted)
[Thread 019d8a16-98a8-764c-a684-d4eefa2a8b57] myUpdate: tool-progress

stderr | node/chat/thread.test.ts > chat render and a few updates
[Thread 019d8a16-98a8-7127-8de7-b3e8bad2ad1f] myUpdate: tool-progress

stderr | node/tools/getFile.test.ts > render the getFile tool.
[Thread 019d8a16-98a8-7100-aec9-6ae34df96c9c] myUpdate: tool-progress

stderr | node/render-tools/spawn-subagents.test.ts > node/render-tools/spawn-subagents.test.ts > spawns subagent, runs command, yields result to parent
[Thread 019d8a16-98a8-7219-8ddd-bffa8d244aef] myUpdate: tool-progress

stderr | node/buf-enter.test.ts > node/buf-enter.test.ts > non-magenta buffer in magenta window > should eject a non-magenta buffer from the display window and restore the magenta buffer
getVar(magenta_display_window) failed: [1,"Key not found: magenta_display_window"]

stderr | node/render-tools/spawn-subagents.test.ts > node/render-tools/spawn-subagents.test.ts > spawns subagent, runs command, yields result to parent
[Thread 019d8a16-990c-744d-960c-cbfb6b84babf] myUpdate: tool-progress

stderr | node/tools/spawn-subagents.test.ts > navigates to spawned subagent thread when pressing Enter on completed summary
[Thread 019d8a16-98a8-739c-917a-93ecc1bd5b1d] myUpdate: tool-progress

stderr | node/buf-enter.test.ts > node/buf-enter.test.ts > non-magenta buffer in magenta window > should eject a non-magenta buffer from the display window and restore the magenta buffer
getVar(magenta) failed: [1,"Key not found: magenta"]

stderr | node/tools/spawn-subagents.test.ts > navigates to spawned subagent thread when pressing Enter on completed summary
[Thread 019d8a16-990d-72da-a9d4-8fa151cdb0e2] myUpdate: tool-progress

stderr | node/chat/thread-compact.test.ts > compact flow: user initiates @compact, spawns compact thread, compacts and continues
[Thread 019d8a16-98a8-75af-994f-bc16ca511322] myUpdate: tool-progress

stderr | node/chat/thread-abort.test.ts > forks a thread while waiting for tool use by aborting pending tools first
[Thread 019d8a16-98a8-77ac-badd-a1274bc565a7] myUpdate: tool-progress

stderr | node/chat/thread-abort.test.ts > forks a thread while waiting for tool use by aborting pending tools first
[Thread 019d8a16-9918-700d-b9f0-800f8153c74f] myUpdate: tool-progress

stderr | node/chat/thread.test.ts > chat render and a few updates
[Thread 019d8a16-98a8-7127-8de7-b3e8bad2ad1f] myUpdate: tool-progress

stderr | node/chat/thread.test.ts > chat render and a few updates
[Thread 019d8a16-98a8-7127-8de7-b3e8bad2ad1f] myUpdate: tool-progress

stderr | node/chat/thread.test.ts > chat render and a few updates
[Thread 019d8a16-98a8-7127-8de7-b3e8bad2ad1f] myUpdate: tool-progress

stderr | node/tools/bashCommand.test.ts > node/tools/bashCommand.test.ts > executes a simple echo command without requiring approval (allowlisted)
[Thread 019d8a16-98a8-764c-a684-d4eefa2a8b57] myUpdate: tool-progress

stderr | node/tools/bashCommand.test.ts > node/tools/bashCommand.test.ts > executes a simple echo command without requiring approval (allowlisted)
[Thread 019d8a16-98a8-764c-a684-d4eefa2a8b57] myUpdate: tool-progress

stderr | node/tools/bashCommand.test.ts > node/tools/bashCommand.test.ts > executes a simple echo command without requiring approval (allowlisted)
[Thread 019d8a16-98a8-764c-a684-d4eefa2a8b57] myUpdate: tool-progress

stderr | node/render-tools/spawn-subagents.test.ts > node/render-tools/spawn-subagents.test.ts > spawns subagent, runs command, yields result to parent
[winston] Attempt to write logs with no transports, which can increase memory usage: {"message":"Usage: inputTokens=1000 outputTokens=5000 cacheHits=0 cacheMisses=0 stopReason=tool_use","level":"info"}

stderr | node/tools/spawn-subagents.test.ts > navigates to spawned subagent thread when pressing Enter on completed summary
[winston] Attempt to write logs with no transports, which can increase memory usage: {"message":"Usage: inputTokens=1000 outputTokens=5000 cacheHits=0 cacheMisses=0 stopReason=tool_use","level":"info"}

stderr | node/tools/spawn-subagents.test.ts > navigates to spawned subagent thread when pressing Enter on completed summary
[Thread 019d8a16-990d-72da-a9d4-8fa151cdb0e2] myUpdate: tool-progress
[Thread 019d8a16-990d-72da-a9d4-8fa151cdb0e2] myUpdate: tool-progress
[Thread 019d8a16-990d-72da-a9d4-8fa151cdb0e2] myUpdate: tool-progress
[Thread 019d8a16-990d-72da-a9d4-8fa151cdb0e2] myUpdate: tool-progress

stderr | node/tools/spawn-subagents.test.ts > navigates to spawned subagent thread when pressing Enter on completed summary
[Thread 019d8a16-98a8-739c-917a-93ecc1bd5b1d] myUpdate: tool-progress

stderr | node/tools/spawn-subagents.test.ts > navigates to spawned subagent thread when pressing Enter on completed summary
[Thread 019d8a16-98a8-739c-917a-93ecc1bd5b1d] myUpdate: tool-progress

stderr | node/tools/spawn-subagents.test.ts > navigates to spawned subagent thread when pressing Enter on completed summary
Error scrolling to last user message: undefined
undefined

stderr | node/context/context-manager.test.ts > returns diff when file is edited on disk
getVar(magenta) failed: [1,"Key not found: magenta"]

stderr | node/chat/thread.test.ts > chat render and a few updates
[Thread 019d8a16-98a8-7127-8de7-b3e8bad2ad1f] myUpdate: tool-progress

stderr | node/tools/bashCommand.test.ts > node/tools/bashCommand.test.ts > executes a simple echo command without requiring approval (allowlisted)
[Thread 019d8a16-98a8-764c-a684-d4eefa2a8b57] myUpdate: tool-progress

stderr | node/render-tools/spawn-subagents.test.ts > node/render-tools/spawn-subagents.test.ts > spawns subagent, runs command, yields result to parent
[Thread 019d8a16-990c-744d-960c-cbfb6b84babf] myUpdate: tool-progress

stderr | node/chat/thread-compact.test.ts > compact flow: user initiates @compact, spawns compact thread, compacts and continues
[Thread 019d8a16-98a8-75af-994f-bc16ca511322] myUpdate: start-compaction
[Thread 019d8a16-98a8-75af-994f-bc16ca511322] myUpdate: tool-progress

stderr | node/chat/thread-compact.test.ts > compact flow: user initiates @compact, spawns compact thread, compacts and continues
[winston] Attempt to write logs with no transports, which can increase memory usage: {"message":"Usage: inputTokens=1000 outputTokens=5000 cacheHits=0 cacheMisses=0 stopReason=tool_use","level":"info"}

stderr | node/chat/thread-compact.test.ts > compact flow: user initiates @compact, spawns compact thread, compacts and continues
[Thread 019d8a16-98a8-75af-994f-bc16ca511322] myUpdate: tool-progress

stderr | node/render-tools/spawn-subagents.test.ts > node/render-tools/spawn-subagents.test.ts > spawns subagent, runs command, yields result to parent
[Thread 019d8a16-990c-744d-960c-cbfb6b84babf] myUpdate: tool-progress

stderr | node/tools/spawn-subagents.test.ts > navigates to spawned subagent thread when pressing Enter on completed summary
[Thread 019d8a16-990d-72da-a9d4-8fa151cdb0e2] myUpdate: tool-progress

stderr | node/tools/spawn-subagents.test.ts > navigates to spawned subagent thread when pressing Enter on completed summary
[Thread 019d8a16-98a8-739c-917a-93ecc1bd5b1d] myUpdate: tool-progress

stderr | node/render-tools/spawn-subagents.test.ts > node/render-tools/spawn-subagents.test.ts > spawns subagent, runs command, yields result to parent
[Thread 019d8a16-990c-744d-960c-cbfb6b84babf] myUpdate: tool-progress

stderr | node/render-tools/spawn-subagents.test.ts > node/render-tools/spawn-subagents.test.ts > spawns subagent, runs command, yields result to parent
[Thread 019d8a16-990c-744d-960c-cbfb6b84babf] myUpdate: tool-progress

stderr | node/render-tools/spawn-subagents.test.ts > node/render-tools/spawn-subagents.test.ts > spawns subagent, runs command, yields result to parent
[Thread 019d8a16-990c-744d-960c-cbfb6b84babf] myUpdate: tool-progress

stderr | node/render-tools/spawn-subagents.test.ts > node/render-tools/spawn-subagents.test.ts > spawns subagent, runs command, yields result to parent
[Thread 019d8a16-990c-744d-960c-cbfb6b84babf] myUpdate: tool-progress

stderr | node/render-tools/spawn-subagents.test.ts > node/render-tools/spawn-subagents.test.ts > spawns subagent, runs command, yields result to parent
[winston] Attempt to write logs with no transports, which can increase memory usage: {"message":"Usage: inputTokens=1000 outputTokens=5000 cacheHits=0 cacheMisses=0 stopReason=tool_use","level":"info"}

stderr | node/render-tools/spawn-subagents.test.ts > node/render-tools/spawn-subagents.test.ts > spawns subagent, runs command, yields result to parent
[Thread 019d8a16-990c-744d-960c-cbfb6b84babf] myUpdate: tool-progress
[Thread 019d8a16-990c-744d-960c-cbfb6b84babf] myUpdate: tool-progress
[Thread 019d8a16-990c-744d-960c-cbfb6b84babf] myUpdate: tool-progress
[Thread 019d8a16-990c-744d-960c-cbfb6b84babf] myUpdate: tool-progress

stderr | node/render-tools/spawn-subagents.test.ts > node/render-tools/spawn-subagents.test.ts > spawns subagent, runs command, yields result to parent
[Thread 019d8a16-98a8-7219-8ddd-bffa8d244aef] myUpdate: tool-progress

stderr | node/render-tools/spawn-subagents.test.ts > node/render-tools/spawn-subagents.test.ts > spawns subagent, runs command, yields result to parent
[Thread 019d8a16-98a8-7219-8ddd-bffa8d244aef] myUpdate: tool-progress

stderr | node/chat/thread-compact.test.ts > compact flow: user initiates @compact, spawns compact thread, compacts and continues
[winston] Attempt to write logs with no transports, which can increase memory usage: {"message":"Usage: inputTokens=1000 outputTokens=5000 cacheHits=0 cacheMisses=0 stopReason=end_turn","level":"info"}

stderr | node/chat/thread-compact.test.ts > compact flow: user initiates @compact, spawns compact thread, compacts and continues
[Thread 019d8a16-98a8-75af-994f-bc16ca511322] myUpdate: tool-progress
[Thread 019d8a16-98a8-75af-994f-bc16ca511322] myUpdate: tool-progress
[Thread 019d8a16-98a8-75af-994f-bc16ca511322] myUpdate: tool-progress

stderr | node/chat/thread-compact.test.ts > compact flow: user initiates @compact, spawns compact thread, compacts and continues
[Thread 019d8a16-98a8-75af-994f-bc16ca511322] myUpdate: tool-progress

stderr | node/providers/skills.test.ts > Skills > handles case-insensitive skill.md filename
getVar(magenta) failed: [1,"Key not found: magenta"]

stderr | node/chat/thread-abort.test.ts > forks a thread while waiting for tool use by aborting pending tools first
getVar(magenta) failed: [1,"Key not found: magenta"]

stderr | node/providers/skills.test.ts > Skills > handles case-insensitive skill.md filename
getVar(magenta_display_window) failed: [1,"Key not found: magenta_display_window"]

stderr | node/chat/thread-abort.test.ts > forks a thread while waiting for tool use by aborting pending tools first
getVar(magenta_display_window) failed: [1,"Key not found: magenta_display_window"]

stderr | node/chat/thread-abort.test.ts > forks a thread while waiting for tool use by aborting pending tools first
[Thread 019d8a16-99dc-724b-98eb-206b809fec85] myUpdate: send-message

stderr | node/chat/thread-abort.test.ts > forks a thread while waiting for tool use by aborting pending tools first
[Thread 019d8a16-99dc-724b-98eb-206b809fec85] myUpdate: tool-progress

stderr | node/render-tools/spawn-subagents.test.ts > node/render-tools/spawn-subagents.test.ts > spawns subagent, runs command, yields result to parent
[Thread 019d8a16-990c-744d-960c-cbfb6b84babf] myUpdate: tool-progress

stderr | node/render-tools/spawn-subagents.test.ts > node/render-tools/spawn-subagents.test.ts > spawns subagent, runs command, yields result to parent
[Thread 019d8a16-98a8-7219-8ddd-bffa8d244aef] myUpdate: tool-progress

stderr | node/chat/thread-abort.test.ts > forks a thread while waiting for tool use by aborting pending tools first
[winston] Attempt to write logs with no transports, which can increase memory usage: {"message":"Usage: inputTokens=1000 outputTokens=5000 cacheHits=0 cacheMisses=0 stopReason=tool_use","level":"info"}

stderr | node/chat/thread-abort.test.ts > forks a thread while waiting for tool use by aborting pending tools first
[Thread 019d8a16-99dc-724b-98eb-206b809fec85] myUpdate: permission-pending-change
[Thread 019d8a16-99dc-724b-98eb-206b809fec85] myUpdate: tool-progress

stderr | node/chat/thread-compact.test.ts > compact flow: user initiates @compact, spawns compact thread, compacts and continues
[Thread 019d8a16-98a8-75af-994f-bc16ca511322] myUpdate: tool-progress

stderr | node/chat/thread-abort.test.ts > forks a thread while waiting for tool use by aborting pending tools first
[Thread 019d8a16-99dc-724b-98eb-206b809fec85] myUpdate: tool-progress

stderr | node/chat/thread-compact.test.ts > compact flow: user initiates @compact, spawns compact thread, compacts and continues
[winston] Attempt to write logs with no transports, which can increase memory usage: {"message":"Usage: inputTokens=1000 outputTokens=5000 cacheHits=0 cacheMisses=0 stopReason=end_turn","level":"info"}

stderr | node/chat/thread-compact.test.ts > compact flow: user initiates @compact, spawns compact thread, compacts and continues
[Thread 019d8a16-98a8-75af-994f-bc16ca511322] myUpdate: tool-progress

stderr | node/chat/thread-abort.test.ts > forks a thread while waiting for tool use by aborting pending tools first
[Thread 019d8a16-99dc-724b-98eb-206b809fec85] myUpdate: permission-pending-change

stderr | node/chat/thread-abort.test.ts > forks a thread while waiting for tool use by aborting pending tools first
[Thread 019d8a16-99dc-724b-98eb-206b809fec85] myUpdate: tool-progress
[Thread 019d8a16-99dc-724b-98eb-206b809fec85] myUpdate: tool-progress

stderr | node/chat/thread-abort.test.ts > forks a thread while waiting for tool use by aborting pending tools first
[Thread 019d8a16-99dc-724b-98eb-206b809fec85] myUpdate: tool-progress

stderr | node/chat/thread-abort.test.ts > forks a thread while waiting for tool use by aborting pending tools first
[Thread 019d8a16-9a56-76ed-baa4-e1d2fa7351a5] myUpdate: send-message

stderr | node/chat/thread-abort.test.ts > forks a thread while waiting for tool use by aborting pending tools first
[Thread 019d8a16-9a56-76ed-baa4-e1d2fa7351a5] myUpdate: tool-progress

stderr | node/chat/thread-compact.test.ts > compact flow: user initiates @compact, spawns compact thread, compacts and continues
[Thread 019d8a16-98a8-75af-994f-bc16ca511322] myUpdate: tool-progress

stderr | node/chat/thread-abort.test.ts > aborts request when sending new message while waiting for response
[Thread 019d8a16-9a56-76ed-baa4-e1d2fa7351a5] myUpdate: tool-progress

stderr | node/tools/getFile.test.ts > should expand get_file tool input on <CR>
getVar(magenta) failed: [1,"Key not found: magenta"]

stderr | node/context/context-manager.test.ts > returns diff when disk changes even if buffer has unsaved changes
getVar(magenta) failed: [1,"Key not found: magenta"]

stderr | node/tools/getFile.test.ts > should expand get_file tool input on <CR>
getVar(magenta_display_window) failed: [1,"Key not found: magenta_display_window"]

stderr | node/tools/getFile.test.ts > should expand get_file tool input on <CR>
[Thread 019d8a16-9ab8-73de-9b48-5c0dae537ec1] myUpdate: send-message

stderr | node/tools/getFile.test.ts > should expand get_file tool input on <CR>
[Thread 019d8a16-9ab8-73de-9b48-5c0dae537ec1] myUpdate: tool-progress

stderr | node/tools/getFile.test.ts > should expand get_file tool input on <CR>
[winston] Attempt to write logs with no transports, which can increase memory usage: {"message":"Usage: inputTokens=1000 outputTokens=5000 cacheHits=0 cacheMisses=0 stopReason=tool_use","level":"info"}

stderr | node/tools/getFile.test.ts > should expand get_file tool input on <CR>
[Thread 019d8a16-9ab8-73de-9b48-5c0dae537ec1] myUpdate: tool-progress

stderr | node/context/context-manager.test.ts > returns diff when disk changes even if buffer has unsaved changes
getVar(magenta_display_window) failed: [1,"Key not found: magenta_display_window"]

stderr | node/tools/getFile.test.ts > should expand get_file tool input on <CR>
[Thread 019d8a16-9ab8-73de-9b48-5c0dae537ec1] myUpdate: tool-progress

stderr | node/tools/getFile.test.ts > should expand get_file tool input on <CR>
[Thread 019d8a16-9ab8-73de-9b48-5c0dae537ec1] myUpdate: tool-progress

stderr | node/tools/getFile.test.ts > should expand get_file tool input on <CR>
[Thread 019d8a16-9ab8-73de-9b48-5c0dae537ec1] myUpdate: tool-progress

stderr | node/context/context-manager.test.ts > returns diff when disk changes even if buffer has unsaved changes
[Thread 019d8a16-9abc-759f-af9e-8ed3d943246a] myUpdate: tool-progress

stderr | node/chat/thread.test.ts > new-thread creates fresh thread
getVar(magenta) failed: [1,"Key not found: magenta"]

stderr | node/chat/thread.test.ts > new-thread creates fresh thread
getVar(magenta_display_window) failed: [1,"Key not found: magenta_display_window"]

stderr | node/chat/thread.test.ts > new-thread creates fresh thread
[Thread 019d8a16-9ac8-766f-aca0-ad0b449f699a] myUpdate: send-message

stderr | node/chat/thread.test.ts > new-thread creates fresh thread
[Thread 019d8a16-9ac8-766f-aca0-ad0b449f699a] myUpdate: tool-progress

stderr | node/chat/thread.test.ts > new-thread creates fresh thread
[winston] Attempt to write logs with no transports, which can increase memory usage: {"message":"Usage: inputTokens=1000 outputTokens=5000 cacheHits=0 cacheMisses=0 stopReason=end_turn","level":"info"}

stderr | node/chat/thread.test.ts > new-thread creates fresh thread
[Thread 019d8a16-9ac8-766f-aca0-ad0b449f699a] myUpdate: tool-progress

stderr | node/tools/bashCommand.test.ts > node/tools/bashCommand.test.ts > handles command errors gracefully after approval
getVar(magenta) failed: [1,"Key not found: magenta"]

stderr | node/tools/bashCommand.test.ts > node/tools/bashCommand.test.ts > handles command errors gracefully after approval
getVar(magenta_display_window) failed: [1,"Key not found: magenta_display_window"]

stderr | node/tools/bashCommand.test.ts > node/tools/bashCommand.test.ts > handles command errors gracefully after approval
[Thread 019d8a16-9ad3-7369-ada9-29d2e79f4ff2] myUpdate: send-message

stderr | node/tools/bashCommand.test.ts > node/tools/bashCommand.test.ts > handles command errors gracefully after approval
[Thread 019d8a16-9ad3-7369-ada9-29d2e79f4ff2] myUpdate: tool-progress

stderr | node/tools/bashCommand.test.ts > node/tools/bashCommand.test.ts > handles command errors gracefully after approval
[winston] Attempt to write logs with no transports, which can increase memory usage: {"message":"Usage: inputTokens=1000 outputTokens=5000 cacheHits=0 cacheMisses=0 stopReason=tool_use","level":"info"}

stderr | node/tools/bashCommand.test.ts > node/tools/bashCommand.test.ts > handles command errors gracefully after approval
[Thread 019d8a16-9ad3-7369-ada9-29d2e79f4ff2] myUpdate: permission-pending-change
[Thread 019d8a16-9ad3-7369-ada9-29d2e79f4ff2] myUpdate: tool-progress

stderr | node/buf-enter.test.ts > node/buf-enter.test.ts > non-magenta buffer in magenta window > should eject a non-magenta buffer from the input window
getVar(magenta) failed: [1,"Key not found: magenta"]

stderr | node/buf-enter.test.ts > node/buf-enter.test.ts > non-magenta buffer in magenta window > should eject a non-magenta buffer from the input window
getVar(magenta_display_window) failed: [1,"Key not found: magenta_display_window"]

stderr | node/tools/getFile.test.ts > should expand get_file tool input on <CR>
[Thread 019d8a16-9ab8-73de-9b48-5c0dae537ec1] myUpdate: tool-progress

stderr | node/chat/thread.test.ts > new-thread creates fresh thread
[Thread 019d8a16-9ac8-766f-aca0-ad0b449f699a] myUpdate: tool-progress

stderr | node/tools/spawn-subagents.test.ts > explore subagent > spawns explore agent with agentType set to explore
getVar(magenta) failed: [1,"Key not found: magenta"]

stderr | node/providers/skills.test.ts > Skills > skips skills with missing YAML frontmatter
getVar(magenta) failed: [1,"Key not found: magenta"]

stderr | node/tools/bashCommand.test.ts > node/tools/bashCommand.test.ts > handles command errors gracefully after approval
[Thread 019d8a16-9ad3-7369-ada9-29d2e79f4ff2] myUpdate: tool-progress

stderr | node/tools/spawn-subagents.test.ts > explore subagent > spawns explore agent with agentType set to explore
getVar(magenta_display_window) failed: [1,"Key not found: magenta_display_window"]

stderr | node/chat/thread-abort.test.ts > aborts request when sending new message while waiting for response
getVar(magenta) failed: [1,"Key not found: magenta"]

stderr | node/tools/spawn-subagents.test.ts > explore subagent > spawns explore agent with agentType set to explore
[Thread 019d8a16-9af2-70f9-b24c-b679f0da3ef6] myUpdate: send-message

stderr | node/tools/spawn-subagents.test.ts > explore subagent > spawns explore agent with agentType set to explore
[Thread 019d8a16-9af2-70f9-b24c-b679f0da3ef6] myUpdate: tool-progress

stderr | node/tools/spawn-subagents.test.ts > explore subagent > spawns explore agent with agentType set to explore
[winston] Attempt to write logs with no transports, which can increase memory usage: {"message":"Usage: inputTokens=1000 outputTokens=5000 cacheHits=0 cacheMisses=0 stopReason=tool_use","level":"info"}

stderr | node/tools/spawn-subagents.test.ts > explore subagent > spawns explore agent with agentType set to explore
[Thread 019d8a16-9af2-70f9-b24c-b679f0da3ef6] myUpdate: tool-progress

stderr | node/providers/skills.test.ts > Skills > skips skills with missing YAML frontmatter
getVar(magenta_display_window) failed: [1,"Key not found: magenta_display_window"]

stderr | node/tools/spawn-subagents.test.ts > explore subagent > spawns explore agent with agentType set to explore
[Thread 019d8a16-9b09-7727-86af-fbab51a2bc25] myUpdate: send-message

stderr | node/tools/spawn-subagents.test.ts > explore subagent > spawns explore agent with agentType set to explore
[Thread 019d8a16-9b09-7727-86af-fbab51a2bc25] myUpdate: tool-progress
[Thread 019d8a16-9af2-70f9-b24c-b679f0da3ef6] myUpdate: tool-progress

stderr | node/chat/thread-abort.test.ts > aborts request when sending new message while waiting for response
getVar(magenta_display_window) failed: [1,"Key not found: magenta_display_window"]

stderr | node/chat/thread-abort.test.ts > aborts request when sending new message while waiting for response
[Thread 019d8a16-9afb-7063-b7d7-1d53dda551e6] myUpdate: send-message

stderr | node/chat/thread-abort.test.ts > aborts request when sending new message while waiting for response
[Thread 019d8a16-9afb-7063-b7d7-1d53dda551e6] myUpdate: tool-progress

stderr | node/chat/thread-abort.test.ts > aborts request when sending new message while waiting for response
[Thread 019d8a16-9afb-7063-b7d7-1d53dda551e6] myUpdate: send-message

stderr | node/chat/thread-abort.test.ts > aborts request when sending new message while waiting for response
[Thread 019d8a16-9afb-7063-b7d7-1d53dda551e6] myUpdate: tool-progress
[Thread 019d8a16-9afb-7063-b7d7-1d53dda551e6] myUpdate: tool-progress

stderr | node/chat/thread-abort.test.ts > aborts request when sending new message while waiting for response
[Thread 019d8a16-9afb-7063-b7d7-1d53dda551e6] myUpdate: tool-progress

stderr | node/tools/spawn-subagents.test.ts > explore subagent > spawns explore agent with agentType set to explore
[Thread 019d8a16-9af2-70f9-b24c-b679f0da3ef6] myUpdate: tool-progress

stderr | node/tools/spawn-subagents.test.ts > explore subagent > spawns explore agent with agentType set to explore
[Thread 019d8a16-9b09-7727-86af-fbab51a2bc25] myUpdate: tool-progress

stderr | node/chat/thread-abort.test.ts > aborts request when sending new message while waiting for response
[Thread 019d8a16-9afb-7063-b7d7-1d53dda551e6] myUpdate: tool-progress

stderr | node/render-tools/spawn-subagents.test.ts > node/render-tools/spawn-subagents.test.ts > spawn_subagents view updates as agents progress and yield
getVar(magenta) failed: [1,"Key not found: magenta"]

stderr | node/tools/getFile.test.ts > should expand get_file tool input on <CR>
[Thread 019d8a16-9ab8-73de-9b48-5c0dae537ec1] myUpdate: toggle-tool-input-summary

stderr | node/render-tools/spawn-subagents.test.ts > node/render-tools/spawn-subagents.test.ts > spawn_subagents view updates as agents progress and yield
getVar(magenta_display_window) failed: [1,"Key not found: magenta_display_window"]

stderr | node/render-tools/spawn-subagents.test.ts > node/render-tools/spawn-subagents.test.ts > spawn_subagents view updates as agents progress and yield
[Thread 019d8a16-9b23-72e5-b9ab-8224464f63eb] myUpdate: send-message

stderr | node/render-tools/spawn-subagents.test.ts > node/render-tools/spawn-subagents.test.ts > spawn_subagents view updates as agents progress and yield
[Thread 019d8a16-9b23-72e5-b9ab-8224464f63eb] myUpdate: tool-progress

stderr | node/render-tools/spawn-subagents.test.ts > node/render-tools/spawn-subagents.test.ts > spawn_subagents view updates as agents progress and yield
[winston] Attempt to write logs with no transports, which can increase memory usage: {"message":"Usage: inputTokens=1000 outputTokens=5000 cacheHits=0 cacheMisses=0 stopReason=tool_use","level":"info"}

stderr | node/render-tools/spawn-subagents.test.ts > node/render-tools/spawn-subagents.test.ts > spawn_subagents view updates as agents progress and yield
[Thread 019d8a16-9b23-72e5-b9ab-8224464f63eb] myUpdate: tool-progress

stderr | node/render-tools/spawn-subagents.test.ts > node/render-tools/spawn-subagents.test.ts > spawn_subagents view updates as agents progress and yield
[Thread 019d8a16-9b36-7623-9057-ade68aab0f5f] myUpdate: send-message

stderr | node/render-tools/spawn-subagents.test.ts > node/render-tools/spawn-subagents.test.ts > spawn_subagents view updates as agents progress and yield
[Thread 019d8a16-9b36-7623-9057-ade68aab0f5f] myUpdate: tool-progress
[Thread 019d8a16-9b23-72e5-b9ab-8224464f63eb] myUpdate: tool-progress

stderr | node/render-tools/spawn-subagents.test.ts > node/render-tools/spawn-subagents.test.ts > spawn_subagents view updates as agents progress and yield
[Thread 019d8a16-9b36-7623-9057-b2f4c0c7d455] myUpdate: send-message

stderr | node/render-tools/spawn-subagents.test.ts > node/render-tools/spawn-subagents.test.ts > spawn_subagents view updates as agents progress and yield
[Thread 019d8a16-9b36-7623-9057-b2f4c0c7d455] myUpdate: tool-progress
[Thread 019d8a16-9b23-72e5-b9ab-8224464f63eb] myUpdate: tool-progress

stderr | node/context/context-manager.test.ts > returns diff when disk changes even if buffer has unsaved changes
getVar(magenta) failed: [1,"Key not found: magenta"]

stderr | node/tools/bashCommand.test.ts > node/tools/bashCommand.test.ts > handles command errors gracefully after approval
[Thread 019d8a16-9ad3-7369-ada9-29d2e79f4ff2] myUpdate: permission-pending-change

stderr | node/render-tools/spawn-subagents.test.ts > node/render-tools/spawn-subagents.test.ts > spawn_subagents view updates as agents progress and yield
[Thread 019d8a16-9b23-72e5-b9ab-8224464f63eb] myUpdate: tool-progress

stderr | node/render-tools/spawn-subagents.test.ts > node/render-tools/spawn-subagents.test.ts > spawn_subagents view updates as agents progress and yield
[Thread 019d8a16-9b36-7623-9057-ade68aab0f5f] myUpdate: tool-progress

stderr | node/render-tools/spawn-subagents.test.ts > node/render-tools/spawn-subagents.test.ts > spawn_subagents view updates as agents progress and yield
[Thread 019d8a16-9b36-7623-9057-b2f4c0c7d455] myUpdate: tool-progress

stderr | node/chat/thread-abort.test.ts > aborts request when sending new message while waiting for response
[winston] Attempt to write logs with no transports, which can increase memory usage: {"message":"Usage: inputTokens=1000 outputTokens=5000 cacheHits=0 cacheMisses=0 stopReason=end_turn","level":"info"}

stderr | node/chat/thread-abort.test.ts > aborts request when sending new message while waiting for response
[Thread 019d8a16-9afb-7063-b7d7-1d53dda551e6] myUpdate: tool-progress

stderr | node/chat/thread-compact.test.ts > compact flow without continuation: @compact with no next prompt
getVar(magenta) failed: [1,"Key not found: magenta"]

stderr | node/chat/thread-compact.test.ts > compact flow without continuation: @compact with no next prompt
getVar(magenta_display_window) failed: [1,"Key not found: magenta_display_window"]

stderr | node/chat/thread-compact.test.ts > compact flow without continuation: @compact with no next prompt
[Thread 019d8a16-9b69-766b-95a6-f4ca988e7dd9] myUpdate: send-message

stderr | node/chat/thread-compact.test.ts > compact flow without continuation: @compact with no next prompt
[Thread 019d8a16-9b69-766b-95a6-f4ca988e7dd9] myUpdate: tool-progress

stderr | node/chat/thread-compact.test.ts > compact flow without continuation: @compact with no next prompt
[winston] Attempt to write logs with no transports, which can increase memory usage: {"message":"Usage: inputTokens=1000 outputTokens=5000 cacheHits=0 cacheMisses=0 stopReason=end_turn","level":"info"}

stderr | node/chat/thread-compact.test.ts > compact flow without continuation: @compact with no next prompt
[Thread 019d8a16-9b69-766b-95a6-f4ca988e7dd9] myUpdate: tool-progress

stderr | node/chat/thread-compact.test.ts > compact flow without continuation: @compact with no next prompt
[Thread 019d8a16-9b69-766b-95a6-f4ca988e7dd9] myUpdate: start-compaction
[Thread 019d8a16-9b69-766b-95a6-f4ca988e7dd9] myUpdate: tool-progress

stderr | node/chat/thread-compact.test.ts > compact flow without continuation: @compact with no next prompt
[winston] Attempt to write logs with no transports, which can increase memory usage: {"message":"Usage: inputTokens=1000 outputTokens=5000 cacheHits=0 cacheMisses=0 stopReason=tool_use","level":"info"}

stderr | node/chat/thread-compact.test.ts > compact flow without continuation: @compact with no next prompt
[Thread 019d8a16-9b69-766b-95a6-f4ca988e7dd9] myUpdate: tool-progress

stderr | node/tools/bashCommand.test.ts > node/tools/bashCommand.test.ts > handles command errors gracefully after approval
[Thread 019d8a16-9ad3-7369-ada9-29d2e79f4ff2] myUpdate: tool-progress

stderr | node/tools/bashCommand.test.ts > node/tools/bashCommand.test.ts > handles command errors gracefully after approval
[Thread 019d8a16-9ad3-7369-ada9-29d2e79f4ff2] myUpdate: tool-progress

stderr | node/tools/bashCommand.test.ts > node/tools/bashCommand.test.ts > handles command errors gracefully after approval
[Thread 019d8a16-9ad3-7369-ada9-29d2e79f4ff2] myUpdate: tool-progress

stderr | node/chat/thread-abort.test.ts > aborts tool use when sending new message while tool is executing
[Thread 019d8a16-9afb-7063-b7d7-1d53dda551e6] myUpdate: tool-progress

stderr | node/render-tools/spawn-subagents.test.ts > node/render-tools/spawn-subagents.test.ts > spawn_subagents view updates as agents progress and yield
[winston] Attempt to write logs with no transports, which can increase memory usage: {"message":"Usage: inputTokens=1000 outputTokens=5000 cacheHits=0 cacheMisses=0 stopReason=tool_use","level":"info"}

stderr | node/chat/thread-compact.test.ts > compact flow without continuation: @compact with no next prompt
[Thread 019d8a16-9b69-766b-95a6-f4ca988e7dd9] myUpdate: tool-progress

stderr | node/render-tools/spawn-subagents.test.ts > node/render-tools/spawn-subagents.test.ts > spawn_subagents view updates as agents progress and yield
[Thread 019d8a16-9b36-7623-9057-ade68aab0f5f] myUpdate: tool-progress
[Thread 019d8a16-9b36-7623-9057-ade68aab0f5f] myUpdate: tool-progress
[Thread 019d8a16-9b36-7623-9057-ade68aab0f5f] myUpdate: tool-progress
[Thread 019d8a16-9b36-7623-9057-ade68aab0f5f] myUpdate: tool-progress

stderr | node/tools/bashCommand.test.ts > node/tools/bashCommand.test.ts > handles command errors gracefully after approval
[Thread 019d8a16-9ad3-7369-ada9-29d2e79f4ff2] myUpdate: tool-progress

stderr | node/buf-enter.test.ts > node/buf-enter.test.ts > should create a new window when ejecting a buffer with only magenta windows visible
getVar(magenta) failed: [1,"Key not found: magenta"]

stderr | node/buf-enter.test.ts > node/buf-enter.test.ts > should create a new window when ejecting a buffer with only magenta windows visible
getVar(magenta_display_window) failed: [1,"Key not found: magenta_display_window"]

stderr | node/render-tools/spawn-subagents.test.ts > node/render-tools/spawn-subagents.test.ts > spawn_subagents view updates as agents progress and yield
[Thread 019d8a16-9b36-7623-9057-ade68aab0f5f] myUpdate: tool-progress

stderr | node/chat/thread-compact.test.ts > compact flow without continuation: @compact with no next prompt
[winston] Attempt to write logs with no transports, which can increase memory usage: {"message":"Usage: inputTokens=1000 outputTokens=5000 cacheHits=0 cacheMisses=0 stopReason=end_turn","level":"info"}

stderr | node/chat/thread-compact.test.ts > compact flow without continuation: @compact with no next prompt
[Thread 019d8a16-9b69-766b-95a6-f4ca988e7dd9] myUpdate: tool-progress
[Thread 019d8a16-9b69-766b-95a6-f4ca988e7dd9] myUpdate: tool-progress
[Thread 019d8a16-9b69-766b-95a6-f4ca988e7dd9] myUpdate: tool-progress

stderr | node/chat/thread-compact.test.ts > compact flow without continuation: @compact with no next prompt
[Thread 019d8a16-9b69-766b-95a6-f4ca988e7dd9] myUpdate: tool-progress

stderr | node/render-tools/spawn-subagents.test.ts > node/render-tools/spawn-subagents.test.ts > spawn_subagents view updates as agents progress and yield
[winston] Attempt to write logs with no transports, which can increase memory usage: {"message":"Usage: inputTokens=1000 outputTokens=5000 cacheHits=0 cacheMisses=0 stopReason=tool_use","level":"info"}

stderr | node/render-tools/spawn-subagents.test.ts > node/render-tools/spawn-subagents.test.ts > spawn_subagents view updates as agents progress and yield
[Thread 019d8a16-9b36-7623-9057-b2f4c0c7d455] myUpdate: tool-progress
[Thread 019d8a16-9b36-7623-9057-b2f4c0c7d455] myUpdate: tool-progress
[Thread 019d8a16-9b36-7623-9057-b2f4c0c7d455] myUpdate: tool-progress
[Thread 019d8a16-9b36-7623-9057-b2f4c0c7d455] myUpdate: tool-progress

stderr | node/render-tools/spawn-subagents.test.ts > node/render-tools/spawn-subagents.test.ts > spawn_subagents view updates as agents progress and yield
[Thread 019d8a16-9b23-72e5-b9ab-8224464f63eb] myUpdate: tool-progress

stderr | node/render-tools/spawn-subagents.test.ts > node/render-tools/spawn-subagents.test.ts > spawn_subagents view updates as agents progress and yield
[Thread 019d8a16-9b23-72e5-b9ab-8224464f63eb] myUpdate: tool-progress

stderr | node/chat/thread-compact.test.ts > compact flow without continuation: @compact with no next prompt
[Thread 019d8a16-9b69-766b-95a6-f4ca988e7dd9] myUpdate: tool-progress

stderr | node/render-tools/spawn-subagents.test.ts > node/render-tools/spawn-subagents.test.ts > spawn_subagents view updates as agents progress and yield
[Thread 019d8a16-9b36-7623-9057-b2f4c0c7d455] myUpdate: tool-progress

stderr | node/render-tools/spawn-subagents.test.ts > node/render-tools/spawn-subagents.test.ts > spawn_subagents view updates as agents progress and yield
[Thread 019d8a16-9b23-72e5-b9ab-8224464f63eb] myUpdate: tool-progress

stderr | node/chat/thread-compact.test.ts > compact flow without continuation: @compact with no next prompt
[winston] Attempt to write logs with no transports, which can increase memory usage: {"message":"Usage: inputTokens=1000 outputTokens=5000 cacheHits=0 cacheMisses=0 stopReason=end_turn","level":"info"}

stderr | node/chat/thread-compact.test.ts > compact flow without continuation: @compact with no next prompt
[Thread 019d8a16-9b69-766b-95a6-f4ca988e7dd9] myUpdate: tool-progress

stderr | node/providers/skills.test.ts > Skills > skips skills with missing required fields
getVar(magenta) failed: [1,"Key not found: magenta"]

stderr | node/tools/bashCommand.test.ts > node/tools/bashCommand.test.ts > requires approval for a command not in the allowlist
getVar(magenta) failed: [1,"Key not found: magenta"]

stderr | node/providers/skills.test.ts > Skills > skips skills with missing required fields
getVar(magenta_display_window) failed: [1,"Key not found: magenta_display_window"]

stderr | node/tools/bashCommand.test.ts > node/tools/bashCommand.test.ts > requires approval for a command not in the allowlist
getVar(magenta_display_window) failed: [1,"Key not found: magenta_display_window"]

stderr | node/tools/bashCommand.test.ts > node/tools/bashCommand.test.ts > requires approval for a command not in the allowlist
[Thread 019d8a16-9c4d-74aa-8181-7147a8c74b7e] myUpdate: send-message

stderr | node/tools/bashCommand.test.ts > node/tools/bashCommand.test.ts > requires approval for a command not in the allowlist
[Thread 019d8a16-9c4d-74aa-8181-7147a8c74b7e] myUpdate: tool-progress

stderr | node/tools/bashCommand.test.ts > node/tools/bashCommand.test.ts > requires approval for a command not in the allowlist
[winston] Attempt to write logs with no transports, which can increase memory usage: {"message":"Usage: inputTokens=1000 outputTokens=5000 cacheHits=0 cacheMisses=0 stopReason=tool_use","level":"info"}

stderr | node/tools/bashCommand.test.ts > node/tools/bashCommand.test.ts > requires approval for a command not in the allowlist
[Thread 019d8a16-9c4d-74aa-8181-7147a8c74b7e] myUpdate: permission-pending-change
[Thread 019d8a16-9c4d-74aa-8181-7147a8c74b7e] myUpdate: tool-progress

stderr | node/context/context-manager.test.ts > key bindings > 'dd' key correctly removes the middle file when three files are in context
getVar(magenta) failed: [1,"Key not found: magenta"]

stderr | node/context/context-manager.test.ts > key bindings > 'dd' key correctly removes the middle file when three files are in context
getVar(magenta_display_window) failed: [1,"Key not found: magenta_display_window"]

stderr | node/chat/thread-compact.test.ts > compact flow without continuation: @compact with no next prompt
[Thread 019d8a16-9b69-766b-95a6-f4ca988e7dd9] myUpdate: tool-progress

stderr | node/context/context-manager.test.ts > key bindings > 'dd' key correctly removes the middle file when three files are in context
[Thread 019d8a16-9c55-714d-b532-093c0776fa96] myUpdate: tool-progress

stderr | node/chat/thread.test.ts > getMessages correctly interleaves tool requests and responses
getVar(magenta) failed: [1,"Key not found: magenta"]

stderr | node/context/context-manager.test.ts > key bindings > 'dd' key correctly removes the middle file when three files are in context
[Thread 019d8a16-9c55-714d-b532-093c0776fa96] myUpdate: tool-progress

stderr | node/context/context-manager.test.ts > key bindings > 'dd' key correctly removes the middle file when three files are in context
[Thread 019d8a16-9c55-714d-b532-093c0776fa96] myUpdate: tool-progress

stderr | node/chat/thread.test.ts > getMessages correctly interleaves tool requests and responses
getVar(magenta_display_window) failed: [1,"Key not found: magenta_display_window"]

stderr | node/chat/thread.test.ts > getMessages correctly interleaves tool requests and responses
[Thread 019d8a16-9c5f-77cd-a56c-2c84bb116bfa] myUpdate: send-message

stderr | node/chat/thread.test.ts > getMessages correctly interleaves tool requests and responses
[Thread 019d8a16-9c5f-77cd-a56c-2c84bb116bfa] myUpdate: tool-progress

stderr | node/chat/thread.test.ts > getMessages correctly interleaves tool requests and responses
[winston] Attempt to write logs with no transports, which can increase memory usage: {"message":"Usage: inputTokens=1000 outputTokens=5000 cacheHits=0 cacheMisses=0 stopReason=tool_use","level":"info"}

stderr | node/tools/spawn-subagents.test.ts > blocking behavior (always blocks) > waits for subagent completion and returns result
getVar(magenta) failed: [1,"Key not found: magenta"]

stderr | node/chat/thread-abort.test.ts > aborts tool use when sending new message while tool is executing
getVar(magenta) failed: [1,"Key not found: magenta"]

stderr | node/chat/thread-abort.test.ts > aborts tool use when sending new message while tool is executing
getVar(magenta_display_window) failed: [1,"Key not found: magenta_display_window"]

stderr | node/tools/spawn-subagents.test.ts > blocking behavior (always blocks) > waits for subagent completion and returns result
getVar(magenta_display_window) failed: [1,"Key not found: magenta_display_window"]

stderr | node/chat/thread-abort.test.ts > aborts tool use when sending new message while tool is executing
[Thread 019d8a16-9c6e-71a8-af7c-bc8d0786e021] myUpdate: send-message

stderr | node/tools/spawn-subagents.test.ts > blocking behavior (always blocks) > waits for subagent completion and returns result
[Thread 019d8a16-9c6e-740f-9b26-996b9edeeb12] myUpdate: send-message

stderr | node/chat/thread-abort.test.ts > aborts tool use when sending new message while tool is executing
[Thread 019d8a16-9c6e-71a8-af7c-bc8d0786e021] myUpdate: tool-progress

stderr | node/tools/spawn-subagents.test.ts > blocking behavior (always blocks) > waits for subagent completion and returns result
[Thread 019d8a16-9c6e-740f-9b26-996b9edeeb12] myUpdate: tool-progress

stderr | node/tools/spawn-subagents.test.ts > blocking behavior (always blocks) > waits for subagent completion and returns result
[winston] Attempt to write logs with no transports, which can increase memory usage: {"message":"Usage: inputTokens=1000 outputTokens=5000 cacheHits=0 cacheMisses=0 stopReason=tool_use","level":"info"}

stderr | node/chat/thread-abort.test.ts > aborts tool use when sending new message while tool is executing
[winston] Attempt to write logs with no transports, which can increase memory usage: {"message":"Usage: inputTokens=1000 outputTokens=5000 cacheHits=0 cacheMisses=0 stopReason=tool_use","level":"info"}

stderr | node/tools/spawn-subagents.test.ts > blocking behavior (always blocks) > waits for subagent completion and returns result
[Thread 019d8a16-9c6e-740f-9b26-996b9edeeb12] myUpdate: tool-progress

stderr | node/tools/bashCommand.test.ts > node/tools/bashCommand.test.ts > requires approval for a command not in the allowlist
[Thread 019d8a16-9c4d-74aa-8181-7147a8c74b7e] myUpdate: tool-progress

stderr | node/tools/spawn-subagents.test.ts > blocking behavior (always blocks) > waits for subagent completion and returns result
[Thread 019d8a16-9c81-758c-beb0-b600eacbd5c6] myUpdate: send-message

stderr | node/tools/spawn-subagents.test.ts > blocking behavior (always blocks) > waits for subagent completion and returns result
[Thread 019d8a16-9c81-758c-beb0-b600eacbd5c6] myUpdate: tool-progress
[Thread 019d8a16-9c6e-740f-9b26-996b9edeeb12] myUpdate: tool-progress

stderr | node/chat/thread.test.ts > getMessages correctly interleaves tool requests and responses
[Thread 019d8a16-9c5f-77cd-a56c-2c84bb116bfa] myUpdate: tool-progress

stderr | node/chat/thread-abort.test.ts > aborts tool use when sending new message while tool is executing
[Thread 019d8a16-9c6e-71a8-af7c-bc8d0786e021] myUpdate: tool-progress

stderr | node/chat/thread.test.ts > getMessages correctly interleaves tool requests and responses
[Thread 019d8a16-9c5f-77cd-a56c-2c84bb116bfa] myUpdate: tool-progress

stderr | node/chat/thread.test.ts > getMessages correctly interleaves tool requests and responses
[Thread 019d8a16-9c5f-77cd-a56c-2c84bb116bfa] myUpdate: tool-progress

stderr | node/chat/thread.test.ts > getMessages correctly interleaves tool requests and responses
[Thread 019d8a16-9c5f-77cd-a56c-2c84bb116bfa] myUpdate: tool-progress

stderr | node/chat/thread.test.ts > getMessages correctly interleaves tool requests and responses
[Thread 019d8a16-9c5f-77cd-a56c-2c84bb116bfa] myUpdate: tool-progress

stderr | node/tools/getFile.test.ts > getFile adds file to context after reading
getVar(magenta) failed: [1,"Key not found: magenta"]

stderr | node/tools/getFile.test.ts > getFile adds file to context after reading
getVar(magenta_display_window) failed: [1,"Key not found: magenta_display_window"]

stderr | node/chat/thread-abort.test.ts > aborts tool use when sending new message while tool is executing
[Thread 019d8a16-9c6e-71a8-af7c-bc8d0786e021] myUpdate: tool-progress

stderr | node/tools/spawn-subagents.test.ts > blocking behavior (always blocks) > waits for subagent completion and returns result
[Thread 019d8a16-9c6e-740f-9b26-996b9edeeb12] myUpdate: tool-progress

stderr | node/tools/getFile.test.ts > getFile adds file to context after reading
[Thread 019d8a16-9c8f-7459-a029-2d51981eef16] myUpdate: send-message

stderr | node/tools/getFile.test.ts > getFile adds file to context after reading
[Thread 019d8a16-9c8f-7459-a029-2d51981eef16] myUpdate: tool-progress

stderr | node/tools/getFile.test.ts > getFile adds file to context after reading
[winston] Attempt to write logs with no transports, which can increase memory usage: {"message":"Usage: inputTokens=1000 outputTokens=5000 cacheHits=0 cacheMisses=0 stopReason=tool_use","level":"info"}

stderr | node/tools/getFile.test.ts > getFile adds file to context after reading
[Thread 019d8a16-9c8f-7459-a029-2d51981eef16] myUpdate: tool-progress

stderr | node/tools/spawn-subagents.test.ts > blocking behavior (always blocks) > waits for subagent completion and returns result
[Thread 019d8a16-9c81-758c-beb0-b600eacbd5c6] myUpdate: tool-progress

stderr | node/tools/getFile.test.ts > getFile adds file to context after reading
[Thread 019d8a16-9c8f-7459-a029-2d51981eef16] myUpdate: tool-progress

stderr | node/tools/getFile.test.ts > getFile adds file to context after reading
[Thread 019d8a16-9c8f-7459-a029-2d51981eef16] myUpdate: tool-progress

stderr | node/tools/getFile.test.ts > getFile adds file to context after reading
[Thread 019d8a16-9c8f-7459-a029-2d51981eef16] myUpdate: tool-progress

stderr | node/chat/thread.test.ts > getMessages correctly interleaves tool requests and responses
[Thread 019d8a16-9c5f-77cd-a56c-2c84bb116bfa] myUpdate: tool-progress

stderr | node/tools/getFile.test.ts > getFile adds file to context after reading
[Thread 019d8a16-9c8f-7459-a029-2d51981eef16] myUpdate: tool-progress

stderr | node/tools/bashCommand.test.ts > node/tools/bashCommand.test.ts > requires approval for a command not in the allowlist
[Thread 019d8a16-9c4d-74aa-8181-7147a8c74b7e] myUpdate: permission-pending-change

stderr | node/context/context-manager.test.ts > key bindings > 'dd' key correctly removes the middle file when three files are in context
[Thread 019d8a16-9c55-714d-b532-093c0776fa96] myUpdate: tool-progress

stderr | node/tools/spawn-subagents.test.ts > blocking behavior (always blocks) > waits for subagent completion and returns result
[winston] Attempt to write logs with no transports, which can increase memory usage: {"message":"Usage: inputTokens=1000 outputTokens=5000 cacheHits=0 cacheMisses=0 stopReason=tool_use","level":"info"}

stderr | node/tools/spawn-subagents.test.ts > blocking behavior (always blocks) > waits for subagent completion and returns result
[Thread 019d8a16-9c81-758c-beb0-b600eacbd5c6] myUpdate: tool-progress
[Thread 019d8a16-9c81-758c-beb0-b600eacbd5c6] myUpdate: tool-progress
[Thread 019d8a16-9c81-758c-beb0-b600eacbd5c6] myUpdate: tool-progress
[Thread 019d8a16-9c81-758c-beb0-b600eacbd5c6] myUpdate: tool-progress

stderr | node/tools/spawn-subagents.test.ts > blocking behavior (always blocks) > waits for subagent completion and returns result
[Thread 019d8a16-9c6e-740f-9b26-996b9edeeb12] myUpdate: tool-progress

stderr | node/tools/spawn-subagents.test.ts > blocking behavior (always blocks) > waits for subagent completion and returns result
[Thread 019d8a16-9c6e-740f-9b26-996b9edeeb12] myUpdate: tool-progress

stderr | node/tools/spawn-subagents.test.ts > blocking behavior (always blocks) > waits for subagent completion and returns result
Error scrolling to last user message: undefined
undefined

stderr | node/chat/thread.test.ts > getMessages correctly interleaves tool requests and responses
[winston] Attempt to write logs with no transports, which can increase memory usage: {"message":"Usage: inputTokens=1000 outputTokens=5000 cacheHits=0 cacheMisses=0 stopReason=tool_use","level":"info"}

stderr | node/chat/thread.test.ts > getMessages correctly interleaves tool requests and responses
[Thread 019d8a16-9c5f-77cd-a56c-2c84bb116bfa] myUpdate: tool-progress

stderr | node/chat/thread-abort.test.ts > aborts tool use when sending new message while tool is executing
[Thread 019d8a16-9c6e-71a8-af7c-bc8d0786e021] myUpdate: send-message

stderr | node/chat/thread-abort.test.ts > aborts tool use when sending new message while tool is executing
[Thread 019d8a16-9c6e-71a8-af7c-bc8d0786e021] myUpdate: tool-progress
[Thread 019d8a16-9c6e-71a8-af7c-bc8d0786e021] myUpdate: tool-progress

stderr | node/chat/thread-abort.test.ts > aborts tool use when sending new message while tool is executing
[Thread 019d8a16-9c6e-71a8-af7c-bc8d0786e021] myUpdate: tool-progress

stderr | node/tools/spawn-subagents.test.ts > blocking behavior (always blocks) > waits for subagent completion and returns result
[Thread 019d8a16-9c81-758c-beb0-b600eacbd5c6] myUpdate: tool-progress

stderr | node/tools/spawn-subagents.test.ts > blocking behavior (always blocks) > waits for subagent completion and returns result
[Thread 019d8a16-9c6e-740f-9b26-996b9edeeb12] myUpdate: tool-progress

stderr | node/tools/getFile.test.ts > getFile adds file to context after reading
[winston] Attempt to write logs with no transports, which can increase memory usage: {"message":"Usage: inputTokens=1000 outputTokens=5000 cacheHits=0 cacheMisses=0 stopReason=end_turn","level":"info"}

stderr | node/tools/getFile.test.ts > getFile adds file to context after reading
[Thread 019d8a16-9c8f-7459-a029-2d51981eef16] myUpdate: tool-progress

stderr | node/tools/getFile.test.ts > getFile adds file to context after reading
Error scrolling to last user message: undefined
undefined

stderr | node/chat/thread.test.ts > getMessages correctly interleaves tool requests and responses
[Thread 019d8a16-9c5f-77cd-a56c-2c84bb116bfa] myUpdate: tool-progress

stderr | node/chat/thread-abort.test.ts > aborts tool use when sending new message while tool is executing
[Thread 019d8a16-9c6e-71a8-af7c-bc8d0786e021] myUpdate: tool-progress

stderr | node/tools/getFile.test.ts > getFile adds file to context after reading
[Thread 019d8a16-9c8f-7459-a029-2d51981eef16] myUpdate: tool-progress

stderr | node/tools/bashCommand.test.ts > node/tools/bashCommand.test.ts > requires approval for a command not in the allowlist
[Thread 019d8a16-9c4d-74aa-8181-7147a8c74b7e] myUpdate: tool-progress

stderr | node/tools/bashCommand.test.ts > node/tools/bashCommand.test.ts > requires approval for a command not in the allowlist
[Thread 019d8a16-9c4d-74aa-8181-7147a8c74b7e] myUpdate: tool-progress

stderr | node/tools/bashCommand.test.ts > node/tools/bashCommand.test.ts > requires approval for a command not in the allowlist
[Thread 019d8a16-9c4d-74aa-8181-7147a8c74b7e] myUpdate: tool-progress

stderr | node/chat/thread.test.ts > getMessages correctly interleaves tool requests and responses
[Thread 019d8a16-9c5f-77cd-a56c-2c84bb116bfa] myUpdate: tool-progress

stderr | node/chat/thread.test.ts > getMessages correctly interleaves tool requests and responses
[Thread 019d8a16-9c5f-77cd-a56c-2c84bb116bfa] myUpdate: tool-progress

stderr | node/chat/thread.test.ts > getMessages correctly interleaves tool requests and responses
[Thread 019d8a16-9c5f-77cd-a56c-2c84bb116bfa] myUpdate: tool-progress

stderr | node/chat/thread-abort.test.ts > aborts tool use when sending new message while tool is executing
[Thread 019d8a16-9c6e-71a8-af7c-bc8d0786e021] myUpdate: tool-progress

stderr | node/tools/bashCommand.test.ts > node/tools/bashCommand.test.ts > requires approval for a command not in the allowlist
[Thread 019d8a16-9c4d-74aa-8181-7147a8c74b7e] myUpdate: tool-progress

stderr | node/chat/thread.test.ts > getMessages correctly interleaves tool requests and responses
[Thread 019d8a16-9c5f-77cd-a56c-2c84bb116bfa] myUpdate: tool-progress

stderr | node/render-tools/spawn-subagents.test.ts > node/render-tools/spawn-subagents.test.ts > spawn_subagents progress view allows clicking to navigate to child thread
getVar(magenta) failed: [1,"Key not found: magenta"]

stderr | node/buf-enter.test.ts > node/buf-enter.test.ts > magenta buffer navigation within magenta windows > should sync input buffer when ctrl-o navigates to a different thread's display buffer
getVar(magenta) failed: [1,"Key not found: magenta"]

stderr | node/render-tools/spawn-subagents.test.ts > node/render-tools/spawn-subagents.test.ts > spawn_subagents progress view allows clicking to navigate to child thread
getVar(magenta_display_window) failed: [1,"Key not found: magenta_display_window"]

stderr | node/buf-enter.test.ts > node/buf-enter.test.ts > magenta buffer navigation within magenta windows > should sync input buffer when ctrl-o navigates to a different thread's display buffer
getVar(magenta_display_window) failed: [1,"Key not found: magenta_display_window"]

stderr | node/render-tools/spawn-subagents.test.ts > node/render-tools/spawn-subagents.test.ts > spawn_subagents progress view allows clicking to navigate to child thread
[Thread 019d8a16-9d95-7619-8d35-e1160eb9540d] myUpdate: send-message

stderr | node/render-tools/spawn-subagents.test.ts > node/render-tools/spawn-subagents.test.ts > spawn_subagents progress view allows clicking to navigate to child thread
[Thread 019d8a16-9d95-7619-8d35-e1160eb9540d] myUpdate: tool-progress

stderr | node/render-tools/spawn-subagents.test.ts > node/render-tools/spawn-subagents.test.ts > spawn_subagents progress view allows clicking to navigate to child thread
[winston] Attempt to write logs with no transports, which can increase memory usage: {"message":"Usage: inputTokens=1000 outputTokens=5000 cacheHits=0 cacheMisses=0 stopReason=tool_use","level":"info"}

stderr | node/render-tools/spawn-subagents.test.ts > node/render-tools/spawn-subagents.test.ts > spawn_subagents progress view allows clicking to navigate to child thread
[Thread 019d8a16-9d95-7619-8d35-e1160eb9540d] myUpdate: tool-progress

stderr | node/render-tools/spawn-subagents.test.ts > node/render-tools/spawn-subagents.test.ts > spawn_subagents progress view allows clicking to navigate to child thread
[Thread 019d8a16-9da8-72ef-9dac-cbf6e409e6ed] myUpdate: send-message

stderr | node/render-tools/spawn-subagents.test.ts > node/render-tools/spawn-subagents.test.ts > spawn_subagents progress view allows clicking to navigate to child thread
[Thread 019d8a16-9da8-72ef-9dac-cbf6e409e6ed] myUpdate: tool-progress
[Thread 019d8a16-9d95-7619-8d35-e1160eb9540d] myUpdate: tool-progress

stderr | node/chat/thread-compact.test.ts > compact flow does not process @file commands in subagent or summary
getVar(magenta) failed: [1,"Key not found: magenta"]

stderr | node/chat/thread-compact.test.ts > compact flow does not process @file commands in subagent or summary
getVar(magenta_display_window) failed: [1,"Key not found: magenta_display_window"]

stderr | node/providers/skills.test.ts > Skills > warns about duplicate skill names
getVar(magenta) failed: [1,"Key not found: magenta"]

stderr | node/chat/thread-compact.test.ts > compact flow does not process @file commands in subagent or summary
[Thread 019d8a16-9d9e-720a-8255-5099a01560fb] myUpdate: tool-progress

stderr | node/chat/thread-compact.test.ts > compact flow does not process @file commands in subagent or summary
[Thread 019d8a16-9d9e-720a-8255-5099a01560fb] myUpdate: send-message

stderr | node/chat/thread-compact.test.ts > compact flow does not process @file commands in subagent or summary
[Thread 019d8a16-9d9e-720a-8255-5099a01560fb] myUpdate: tool-progress

stderr | node/providers/skills.test.ts > Skills > warns about duplicate skill names
getVar(magenta_display_window) failed: [1,"Key not found: magenta_display_window"]

stderr | node/chat/thread.test.ts > getMessages correctly interleaves tool requests and responses
[winston] Attempt to write logs with no transports, which can increase memory usage: {"message":"Usage: inputTokens=1000 outputTokens=5000 cacheHits=0 cacheMisses=0 stopReason=end_turn","level":"info"}

stderr | node/chat/thread.test.ts > getMessages correctly interleaves tool requests and responses
[Thread 019d8a16-9c5f-77cd-a56c-2c84bb116bfa] myUpdate: tool-progress

stderr | node/render-tools/spawn-subagents.test.ts > node/render-tools/spawn-subagents.test.ts > spawn_subagents progress view allows clicking to navigate to child thread
[Thread 019d8a16-9d95-7619-8d35-e1160eb9540d] myUpdate: tool-progress

stderr | node/render-tools/spawn-subagents.test.ts > node/render-tools/spawn-subagents.test.ts > spawn_subagents progress view allows clicking to navigate to child thread
[Thread 019d8a16-9da8-72ef-9dac-cbf6e409e6ed] myUpdate: tool-progress

stderr | node/chat/thread-compact.test.ts > compact flow does not process @file commands in subagent or summary
[Thread 019d8a16-9d9e-720a-8255-5099a01560fb] myUpdate: tool-progress

stderr | node/context/context-manager.test.ts > key bindings > 'Enter' key opens file in existing non-magenta window
getVar(magenta) failed: [1,"Key not found: magenta"]

stderr | node/context/context-manager.test.ts > key bindings > 'Enter' key opens file in existing non-magenta window
getVar(magenta_display_window) failed: [1,"Key not found: magenta_display_window"]

stderr | node/chat/thread.test.ts > handles errors during streaming response
[Thread 019d8a16-9c5f-77cd-a56c-2c84bb116bfa] myUpdate: tool-progress

stderr | node/context/context-manager.test.ts > key bindings > 'Enter' key opens file in existing non-magenta window
[Thread 019d8a16-9dca-778c-9de8-c9d6e8890790] myUpdate: tool-progress

stderr | node/tools/spawn-subagents.test.ts > yield behavior > yield_to_parent submits tool result back to subagent thread
getVar(magenta) failed: [1,"Key not found: magenta"]

stderr | node/tools/spawn-subagents.test.ts > yield behavior > yield_to_parent submits tool result back to subagent thread
getVar(magenta_display_window) failed: [1,"Key not found: magenta_display_window"]

stderr | node/tools/spawn-subagents.test.ts > yield behavior > yield_to_parent submits tool result back to subagent thread
[Thread 019d8a16-9df3-73ea-8566-77e2a7dd098e] myUpdate: send-message

stderr | node/tools/spawn-subagents.test.ts > yield behavior > yield_to_parent submits tool result back to subagent thread
[Thread 019d8a16-9df3-73ea-8566-77e2a7dd098e] myUpdate: tool-progress

stderr | node/tools/spawn-subagents.test.ts > yield behavior > yield_to_parent submits tool result back to subagent thread
[winston] Attempt to write logs with no transports, which can increase memory usage: {"message":"Usage: inputTokens=1000 outputTokens=5000 cacheHits=0 cacheMisses=0 stopReason=tool_use","level":"info"}

stderr | node/tools/spawn-subagents.test.ts > yield behavior > yield_to_parent submits tool result back to subagent thread
[Thread 019d8a16-9df3-73ea-8566-77e2a7dd098e] myUpdate: tool-progress

stderr | node/tools/spawn-subagents.test.ts > yield behavior > yield_to_parent submits tool result back to subagent thread
[Thread 019d8a16-9e05-71c9-9246-555311be3860] myUpdate: send-message

stderr | node/tools/spawn-subagents.test.ts > yield behavior > yield_to_parent submits tool result back to subagent thread
[Thread 019d8a16-9e05-71c9-9246-555311be3860] myUpdate: tool-progress
[Thread 019d8a16-9df3-73ea-8566-77e2a7dd098e] myUpdate: tool-progress

stderr | node/chat/thread-compact.test.ts > compact flow does not process @file commands in subagent or summary
[winston] Attempt to write logs with no transports, which can increase memory usage: {"message":"Usage: inputTokens=1000 outputTokens=5000 cacheHits=0 cacheMisses=0 stopReason=end_turn","level":"info"}

stderr | node/chat/thread-compact.test.ts > compact flow does not process @file commands in subagent or summary
[Thread 019d8a16-9d9e-720a-8255-5099a01560fb] myUpdate: tool-progress

stderr | node/chat/thread-compact.test.ts > compact flow does not process @file commands in subagent or summary
[Thread 019d8a16-9d9e-720a-8255-5099a01560fb] myUpdate: tool-progress

stderr | node/chat/thread-compact.test.ts > compact flow does not process @file commands in subagent or summary
[Thread 019d8a16-9d9e-720a-8255-5099a01560fb] myUpdate: start-compaction
[Thread 019d8a16-9d9e-720a-8255-5099a01560fb] myUpdate: tool-progress

stderr | node/chat/thread-compact.test.ts > compact flow does not process @file commands in subagent or summary
[winston] Attempt to write logs with no transports, which can increase memory usage: {"message":"Usage: inputTokens=1000 outputTokens=5000 cacheHits=0 cacheMisses=0 stopReason=tool_use","level":"info"}

stderr | node/chat/thread-compact.test.ts > compact flow does not process @file commands in subagent or summary
[Thread 019d8a16-9d9e-720a-8255-5099a01560fb] myUpdate: tool-progress

stderr | node/tools/spawn-subagents.test.ts > yield behavior > yield_to_parent submits tool result back to subagent thread
[Thread 019d8a16-9df3-73ea-8566-77e2a7dd098e] myUpdate: tool-progress

stderr | node/tools/spawn-subagents.test.ts > yield behavior > yield_to_parent submits tool result back to subagent thread
[Thread 019d8a16-9e05-71c9-9246-555311be3860] myUpdate: tool-progress

stderr | node/chat/thread-compact.test.ts > compact flow does not process @file commands in subagent or summary
[Thread 019d8a16-9d9e-720a-8255-5099a01560fb] myUpdate: tool-progress

stderr | node/context/context-manager.test.ts > key bindings > 'Enter' key opens file in existing non-magenta window
getVar(magenta) failed: [1,"Key not found: magenta"]

stderr | node/tools/spawn-subagents.test.ts > yield behavior > yield_to_parent submits tool result back to subagent thread
[winston] Attempt to write logs with no transports, which can increase memory usage: {"message":"Usage: inputTokens=1000 outputTokens=5000 cacheHits=0 cacheMisses=0 stopReason=tool_use","level":"info"}

stderr | node/tools/spawn-subagents.test.ts > yield behavior > yield_to_parent submits tool result back to subagent thread
[Thread 019d8a16-9e05-71c9-9246-555311be3860] myUpdate: tool-progress
[Thread 019d8a16-9e05-71c9-9246-555311be3860] myUpdate: tool-progress
[Thread 019d8a16-9e05-71c9-9246-555311be3860] myUpdate: tool-progress
[Thread 019d8a16-9e05-71c9-9246-555311be3860] myUpdate: tool-progress

stderr | node/tools/spawn-subagents.test.ts > yield behavior > yield_to_parent submits tool result back to subagent thread
[Thread 019d8a16-9df3-73ea-8566-77e2a7dd098e] myUpdate: tool-progress

stderr | node/tools/spawn-subagents.test.ts > yield behavior > yield_to_parent submits tool result back to subagent thread
[Thread 019d8a16-9df3-73ea-8566-77e2a7dd098e] myUpdate: tool-progress

stderr | node/tools/spawn-subagents.test.ts > yield behavior > yield_to_parent submits tool result back to subagent thread
Error scrolling to last user message: undefined
undefined

stderr | node/chat/thread-compact.test.ts > compact flow does not process @file commands in subagent or summary
[winston] Attempt to write logs with no transports, which can increase memory usage: {"message":"Usage: inputTokens=1000 outputTokens=5000 cacheHits=0 cacheMisses=0 stopReason=end_turn","level":"info"}

stderr | node/chat/thread-compact.test.ts > compact flow does not process @file commands in subagent or summary
[Thread 019d8a16-9d9e-720a-8255-5099a01560fb] myUpdate: tool-progress
[Thread 019d8a16-9d9e-720a-8255-5099a01560fb] myUpdate: tool-progress
[Thread 019d8a16-9d9e-720a-8255-5099a01560fb] myUpdate: tool-progress

stderr | node/chat/thread-compact.test.ts > compact flow does not process @file commands in subagent or summary
[Thread 019d8a16-9d9e-720a-8255-5099a01560fb] myUpdate: tool-progress

stderr | node/tools/spawn-subagents.test.ts > yield behavior > yield_to_parent submits tool result back to subagent thread
[Thread 019d8a16-9e05-71c9-9246-555311be3860] myUpdate: tool-progress

stderr | node/tools/spawn-subagents.test.ts > yield behavior > yield_to_parent submits tool result back to subagent thread
[Thread 019d8a16-9df3-73ea-8566-77e2a7dd098e] myUpdate: tool-progress

stderr | node/chat/thread-compact.test.ts > compact flow does not process @file commands in subagent or summary
[Thread 019d8a16-9d9e-720a-8255-5099a01560fb] myUpdate: tool-progress

stderr | node/chat/thread-abort.test.ts > inserts error tool results when aborting while stopped waiting for tool use
getVar(magenta) failed: [1,"Key not found: magenta"]

stderr | node/chat/thread-abort.test.ts > inserts error tool results when aborting while stopped waiting for tool use
getVar(magenta_display_window) failed: [1,"Key not found: magenta_display_window"]

stderr | node/chat/thread-abort.test.ts > inserts error tool results when aborting while stopped waiting for tool use
[Thread 019d8a16-9ebc-7401-ab18-dab1cedd5b0b] myUpdate: send-message

stderr | node/chat/thread-abort.test.ts > inserts error tool results when aborting while stopped waiting for tool use
[Thread 019d8a16-9ebc-7401-ab18-dab1cedd5b0b] myUpdate: tool-progress

stderr | node/chat/thread-abort.test.ts > inserts error tool results when aborting while stopped waiting for tool use
[winston] Attempt to write logs with no transports, which can increase memory usage: {"message":"Usage: inputTokens=1000 outputTokens=5000 cacheHits=0 cacheMisses=0 stopReason=tool_use","level":"info"}

stderr | node/chat/thread-abort.test.ts > inserts error tool results when aborting while stopped waiting for tool use
[Thread 019d8a16-9ebc-7401-ab18-dab1cedd5b0b] myUpdate: permission-pending-change
[Thread 019d8a16-9ebc-7401-ab18-dab1cedd5b0b] myUpdate: tool-progress

stderr | node/tools/bashCommand.test.ts > node/tools/bashCommand.test.ts > handles user rejection of command
getVar(magenta) failed: [1,"Key not found: magenta"]

stderr | node/tools/getFile.test.ts > getFile reads unloaded buffer
getVar(magenta) failed: [1,"Key not found: magenta"]

stderr | node/tools/getFile.test.ts > getFile reads unloaded buffer
getVar(magenta) failed: [1,"Key not found: magenta"]

stderr | node/tools/bashCommand.test.ts > node/tools/bashCommand.test.ts > handles user rejection of command
getVar(magenta_display_window) failed: [1,"Key not found: magenta_display_window"]

stderr | node/tools/bashCommand.test.ts > node/tools/bashCommand.test.ts > handles user rejection of command
[Thread 019d8a16-9ed2-7759-b6a8-1cd00d3fc020] myUpdate: send-message

stderr | node/tools/bashCommand.test.ts > node/tools/bashCommand.test.ts > handles user rejection of command
[Thread 019d8a16-9ed2-7759-b6a8-1cd00d3fc020] myUpdate: tool-progress

stderr | node/tools/bashCommand.test.ts > node/tools/bashCommand.test.ts > handles user rejection of command
[winston] Attempt to write logs with no transports, which can increase memory usage: {"message":"Usage: inputTokens=1000 outputTokens=5000 cacheHits=0 cacheMisses=0 stopReason=tool_use","level":"info"}

stderr | node/tools/bashCommand.test.ts > node/tools/bashCommand.test.ts > handles user rejection of command
[Thread 019d8a16-9ed2-7759-b6a8-1cd00d3fc020] myUpdate: permission-pending-change
[Thread 019d8a16-9ed2-7759-b6a8-1cd00d3fc020] myUpdate: tool-progress

stderr | node/chat/thread-compact.test.ts > compact flow does not process @file commands in subagent or summary
[winston] Attempt to write logs with no transports, which can increase memory usage: {"message":"Usage: inputTokens=1000 outputTokens=5000 cacheHits=0 cacheMisses=0 stopReason=end_turn","level":"info"}

stderr | node/tools/getFile.test.ts > getFile reads unloaded buffer
getVar(magenta_display_window) failed: [1,"Key not found: magenta_display_window"]

stderr | node/chat/thread-compact.test.ts > compact flow does not process @file commands in subagent or summary
[Thread 019d8a16-9d9e-720a-8255-5099a01560fb] myUpdate: tool-progress

stderr | node/tools/getFile.test.ts > getFile reads unloaded buffer
getVar(magenta_display_window) failed: [1,"Key not found: magenta_display_window"]

stderr | node/tools/getFile.test.ts > getFile reads unloaded buffer
getVar(magenta_display_window) failed: [1,"Key not found: magenta_display_window"]

stderr | node/tools/getFile.test.ts > getFile reads unloaded buffer
[Thread 019d8a16-9eca-779c-b47d-0acb37f4d0e0] myUpdate: send-message

stderr | node/tools/getFile.test.ts > getFile reads unloaded buffer
[Thread 019d8a16-9eca-779c-b47d-0acb37f4d0e0] myUpdate: tool-progress

stderr | node/tools/getFile.test.ts > getFile reads unloaded buffer
[winston] Attempt to write logs with no transports, which can increase memory usage: {"message":"Usage: inputTokens=1000 outputTokens=5000 cacheHits=0 cacheMisses=0 stopReason=tool_use","level":"info"}

stderr | node/tools/getFile.test.ts > getFile reads unloaded buffer
[Thread 019d8a16-9eca-779c-b47d-0acb37f4d0e0] myUpdate: tool-progress

stderr | node/tools/getFile.test.ts > getFile reads unloaded buffer
[Thread 019d8a16-9eca-779c-b47d-0acb37f4d0e0] myUpdate: tool-progress

stderr | node/tools/getFile.test.ts > getFile reads unloaded buffer
[Thread 019d8a16-9eca-779c-b47d-0acb37f4d0e0] myUpdate: tool-progress

stderr | node/tools/getFile.test.ts > getFile reads unloaded buffer
[Thread 019d8a16-9eca-779c-b47d-0acb37f4d0e0] myUpdate: tool-progress

stderr | node/chat/thread-abort.test.ts > inserts error tool results when aborting while stopped waiting for tool use
[Thread 019d8a16-9ebc-7401-ab18-dab1cedd5b0b] myUpdate: tool-progress

stderr | node/chat/thread.test.ts > handles errors during streaming response
getVar(magenta) failed: [1,"Key not found: magenta"]

stderr | node/chat/thread.test.ts > handles errors during streaming response
getVar(magenta_display_window) failed: [1,"Key not found: magenta_display_window"]

stderr | node/tools/bashCommand.test.ts > node/tools/bashCommand.test.ts > handles user rejection of command
[Thread 019d8a16-9ed2-7759-b6a8-1cd00d3fc020] myUpdate: tool-progress

stderr | node/chat/thread.test.ts > handles errors during streaming response
[Thread 019d8a16-9ef2-7611-b521-41899e4f4fdb] myUpdate: send-message

stderr | node/chat/thread.test.ts > handles errors during streaming response
[Thread 019d8a16-9ef2-7611-b521-41899e4f4fdb] myUpdate: tool-progress

stderr | node/providers/skills.test.ts > Skills > includes skills in system prompt
getVar(magenta) failed: [1,"Key not found: magenta"]

stderr | node/chat/thread-compact.test.ts > compact flow does not process @file commands in subagent or summary
[Thread 019d8a16-9d9e-720a-8255-5099a01560fb] myUpdate: tool-progress

stderr | node/buf-enter.test.ts > node/buf-enter.test.ts > magenta buffer navigation within magenta windows > should sync display buffer when an input buffer appears in the input window for a different thread
getVar(magenta) failed: [1,"Key not found: magenta"]

stderr | node/tools/getFile.test.ts > getFile reads unloaded buffer
[Thread 019d8a16-9eca-779c-b47d-0acb37f4d0e0] myUpdate: tool-progress

stderr | node/providers/skills.test.ts > Skills > includes skills in system prompt
getVar(magenta_display_window) failed: [1,"Key not found: magenta_display_window"]

stderr | node/buf-enter.test.ts > node/buf-enter.test.ts > magenta buffer navigation within magenta windows > should sync display buffer when an input buffer appears in the input window for a different thread
getVar(magenta_display_window) failed: [1,"Key not found: magenta_display_window"]

stderr | node/render-tools/spawn-subagents.test.ts > node/render-tools/spawn-subagents.test.ts > shows thread hierarchy with parent-child relationships
getVar(magenta) failed: [1,"Key not found: magenta"]

stderr | node/render-tools/spawn-subagents.test.ts > node/render-tools/spawn-subagents.test.ts > shows thread hierarchy with parent-child relationships
getVar(magenta_display_window) failed: [1,"Key not found: magenta_display_window"]

stderr | node/render-tools/spawn-subagents.test.ts > node/render-tools/spawn-subagents.test.ts > shows thread hierarchy with parent-child relationships
[Thread 019d8a16-9f00-734c-85d4-11f7cae285a1] myUpdate: send-message

stderr | node/render-tools/spawn-subagents.test.ts > node/render-tools/spawn-subagents.test.ts > shows thread hierarchy with parent-child relationships
[Thread 019d8a16-9f00-734c-85d4-11f7cae285a1] myUpdate: tool-progress

stderr | node/render-tools/spawn-subagents.test.ts > node/render-tools/spawn-subagents.test.ts > shows thread hierarchy with parent-child relationships
[winston] Attempt to write logs with no transports, which can increase memory usage: {"message":"Usage: inputTokens=1000 outputTokens=5000 cacheHits=0 cacheMisses=0 stopReason=tool_use","level":"info"}

stderr | node/render-tools/spawn-subagents.test.ts > node/render-tools/spawn-subagents.test.ts > shows thread hierarchy with parent-child relationships
[Thread 019d8a16-9f00-734c-85d4-11f7cae285a1] myUpdate: tool-progress

stderr | node/render-tools/spawn-subagents.test.ts > node/render-tools/spawn-subagents.test.ts > shows thread hierarchy with parent-child relationships
[Thread 019d8a16-9f14-72dd-92cf-d25bf43b13a7] myUpdate: send-message

stderr | node/render-tools/spawn-subagents.test.ts > node/render-tools/spawn-subagents.test.ts > shows thread hierarchy with parent-child relationships
[Thread 019d8a16-9f14-72dd-92cf-d25bf43b13a7] myUpdate: tool-progress
[Thread 019d8a16-9f00-734c-85d4-11f7cae285a1] myUpdate: tool-progress

stderr | node/chat/thread.test.ts > handles errors during streaming response
[Thread 019d8a16-9ef2-7611-b521-41899e4f4fdb] myUpdate: tool-progress

stderr | node/render-tools/spawn-subagents.test.ts > node/render-tools/spawn-subagents.test.ts > shows thread hierarchy with parent-child relationships
[Thread 019d8a16-9f00-734c-85d4-11f7cae285a1] myUpdate: tool-progress

stderr | node/chat/thread-abort.test.ts > inserts error tool results when aborting while stopped waiting for tool use
[Thread 019d8a16-9ebc-7401-ab18-dab1cedd5b0b] myUpdate: send-message
[Thread 019d8a16-9ebc-7401-ab18-dab1cedd5b0b] myUpdate: permission-pending-change

stderr | node/chat/thread-abort.test.ts > inserts error tool results when aborting while stopped waiting for tool use
[Thread 019d8a16-9ebc-7401-ab18-dab1cedd5b0b] myUpdate: tool-progress
[Thread 019d8a16-9ebc-7401-ab18-dab1cedd5b0b] myUpdate: tool-progress

stderr | node/chat/thread-abort.test.ts > inserts error tool results when aborting while stopped waiting for tool use
[Thread 019d8a16-9ebc-7401-ab18-dab1cedd5b0b] myUpdate: tool-progress
[Thread 019d8a16-9ebc-7401-ab18-dab1cedd5b0b] myUpdate: tool-progress

stderr | node/render-tools/spawn-subagents.test.ts > node/render-tools/spawn-subagents.test.ts > shows thread hierarchy with parent-child relationships
[Thread 019d8a16-9f14-72dd-92cf-d25bf43b13a7] myUpdate: tool-progress

stderr | node/tools/bashCommand.test.ts > node/tools/bashCommand.test.ts > handles user rejection of command
[Thread 019d8a16-9ed2-7759-b6a8-1cd00d3fc020] myUpdate: permission-pending-change

stderr | node/tools/bashCommand.test.ts > node/tools/bashCommand.test.ts > handles user rejection of command
[Thread 019d8a16-9ed2-7759-b6a8-1cd00d3fc020] myUpdate: tool-progress

stderr | node/tools/bashCommand.test.ts > node/tools/bashCommand.test.ts > handles user rejection of command
[Thread 019d8a16-9ed2-7759-b6a8-1cd00d3fc020] myUpdate: tool-progress

stderr | node/tools/getFile.test.ts > getFile reads unloaded buffer
[winston] Attempt to write logs with no transports, which can increase memory usage: {"message":"Usage: inputTokens=1000 outputTokens=5000 cacheHits=0 cacheMisses=0 stopReason=end_turn","level":"info"}

stderr | node/tools/getFile.test.ts > getFile reads unloaded buffer
[Thread 019d8a16-9eca-779c-b47d-0acb37f4d0e0] myUpdate: tool-progress

stderr | node/chat/thread-abort.test.ts > inserts error tool results when aborting while stopped waiting for tool use
[Thread 019d8a16-9ebc-7401-ab18-dab1cedd5b0b] myUpdate: tool-progress

stderr | node/context/context-manager.test.ts > key bindings > 'Enter' key opens file with multiple non-magenta windows
getVar(magenta) failed: [1,"Key not found: magenta"]

stderr | node/context/context-manager.test.ts > key bindings > 'Enter' key opens file with multiple non-magenta windows
getVar(magenta) failed: [1,"Key not found: magenta"]

stderr | node/context/context-manager.test.ts > key bindings > 'Enter' key opens file with multiple non-magenta windows
getVar(magenta_display_window) failed: [1,"Key not found: magenta_display_window"]

stderr | node/context/context-manager.test.ts > key bindings > 'Enter' key opens file with multiple non-magenta windows
[Thread 019d8a16-9f48-72a0-86c3-abbb06c8f466] myUpdate: tool-progress

stderr | node/tools/bashCommand.test.ts > node/tools/bashCommand.test.ts > handles user rejection of command
[Thread 019d8a16-9ed2-7759-b6a8-1cd00d3fc020] myUpdate: tool-progress

stderr | node/tools/getFile.test.ts > should add images to context manager
[Thread 019d8a16-9eca-779c-b47d-0acb37f4d0e0] myUpdate: tool-progress

stderr | node/render-tools/spawn-subagents.test.ts > node/render-tools/spawn-subagents.test.ts > shows thread hierarchy with parent-child relationships
[Thread 019d8a16-9f78-76aa-92d0-1efa0c579ad6] myUpdate: send-message

stderr | node/render-tools/spawn-subagents.test.ts > node/render-tools/spawn-subagents.test.ts > shows thread hierarchy with parent-child relationships
[Thread 019d8a16-9f78-76aa-92d0-1efa0c579ad6] myUpdate: tool-progress

stderr | node/render-tools/spawn-subagents.test.ts > node/render-tools/spawn-subagents.test.ts > shows thread hierarchy with parent-child relationships
[winston] Attempt to write logs with no transports, which can increase memory usage: {"message":"Usage: inputTokens=1000 outputTokens=5000 cacheHits=0 cacheMisses=0 stopReason=tool_use","level":"info"}

stderr | node/render-tools/spawn-subagents.test.ts > node/render-tools/spawn-subagents.test.ts > shows thread hierarchy with parent-child relationships
[Thread 019d8a16-9f78-76aa-92d0-1efa0c579ad6] myUpdate: tool-progress

stderr | node/render-tools/spawn-subagents.test.ts > node/render-tools/spawn-subagents.test.ts > shows thread hierarchy with parent-child relationships
[Thread 019d8a16-9f8a-71b9-a8e6-5b5b5113f5fe] myUpdate: send-message

stderr | node/render-tools/spawn-subagents.test.ts > node/render-tools/spawn-subagents.test.ts > shows thread hierarchy with parent-child relationships
[Thread 019d8a16-9f8a-71b9-a8e6-5b5b5113f5fe] myUpdate: tool-progress
[Thread 019d8a16-9f78-76aa-92d0-1efa0c579ad6] myUpdate: tool-progress

stderr | node/render-tools/spawn-subagents.test.ts > node/render-tools/spawn-subagents.test.ts > shows thread hierarchy with parent-child relationships
[Thread 019d8a16-9f78-76aa-92d0-1efa0c579ad6] myUpdate: tool-progress

stderr | node/render-tools/spawn-subagents.test.ts > node/render-tools/spawn-subagents.test.ts > shows thread hierarchy with parent-child relationships
[Thread 019d8a16-9f8a-71b9-a8e6-5b5b5113f5fe] myUpdate: tool-progress

stderr | node/context/context-manager.test.ts > key bindings > 'Enter' key opens file with multiple non-magenta windows
getVar(magenta) failed: [1,"Key not found: magenta"]

stderr | node/context/context-manager.test.ts > key bindings > 'Enter' key opens file with multiple non-magenta windows
getVar(magenta) failed: [1,"Key not found: magenta"]

stderr | node/tools/getFile.test.ts > should add images to context manager
getVar(magenta) failed: [1,"Key not found: magenta"]

stderr | node/chat/thread-compact.test.ts > forks a thread with @compact to clone and compact in one step
getVar(magenta) failed: [1,"Key not found: magenta"]

stderr | node/render-tools/spawn-subagents.test.ts > node/render-tools/spawn-subagents.test.ts > shows thread hierarchy with parent-child relationships
Error scrolling to last user message: undefined
undefined

stderr | node/chat/thread-compact.test.ts > forks a thread with @compact to clone and compact in one step
getVar(magenta_display_window) failed: [1,"Key not found: magenta_display_window"]

stderr | node/tools/getFile.test.ts > should add images to context manager
getVar(magenta_display_window) failed: [1,"Key not found: magenta_display_window"]

stderr | node/tools/getFile.test.ts > should add images to context manager
[Thread 019d8a16-9fe1-71b9-ad29-3b482615e2f8] myUpdate: send-message

stderr | node/chat/thread-compact.test.ts > forks a thread with @compact to clone and compact in one step
[Thread 019d8a16-9fe1-735b-90ab-db4baf2cac40] myUpdate: send-message

stderr | node/tools/getFile.test.ts > should add images to context manager
[Thread 019d8a16-9fe1-71b9-ad29-3b482615e2f8] myUpdate: tool-progress

stderr | node/chat/thread-compact.test.ts > forks a thread with @compact to clone and compact in one step
[Thread 019d8a16-9fe1-735b-90ab-db4baf2cac40] myUpdate: tool-progress

stderr | node/tools/getFile.test.ts > should add images to context manager
[winston] Attempt to write logs with no transports, which can increase memory usage: {"message":"Usage: inputTokens=1000 outputTokens=5000 cacheHits=0 cacheMisses=0 stopReason=tool_use","level":"info"}

stderr | node/tools/getFile.test.ts > should add images to context manager
[Thread 019d8a16-9fe1-71b9-ad29-3b482615e2f8] myUpdate: tool-progress

stderr | node/chat/thread-compact.test.ts > forks a thread with @compact to clone and compact in one step
[winston] Attempt to write logs with no transports, which can increase memory usage: {"message":"Usage: inputTokens=1000 outputTokens=5000 cacheHits=0 cacheMisses=0 stopReason=end_turn","level":"info"}

stderr | node/chat/thread-compact.test.ts > forks a thread with @compact to clone and compact in one step
[Thread 019d8a16-9fe1-735b-90ab-db4baf2cac40] myUpdate: tool-progress

stderr | node/chat/thread-compact.test.ts > forks a thread with @compact to clone and compact in one step
[Thread 019d8a16-9fe1-735b-90ab-db4baf2cac40] myUpdate: send-message

stderr | node/chat/thread-compact.test.ts > forks a thread with @compact to clone and compact in one step
[Thread 019d8a16-9fe1-735b-90ab-db4baf2cac40] myUpdate: tool-progress

stderr | node/chat/thread-compact.test.ts > forks a thread with @compact to clone and compact in one step
[winston] Attempt to write logs with no transports, which can increase memory usage: {"message":"Usage: inputTokens=1000 outputTokens=5000 cacheHits=0 cacheMisses=0 stopReason=end_turn","level":"info"}

stderr | node/chat/thread-compact.test.ts > forks a thread with @compact to clone and compact in one step
[Thread 019d8a16-9fe1-735b-90ab-db4baf2cac40] myUpdate: tool-progress

stderr | node/tools/spawn-subagents.test.ts > yield behavior > supervisor resultPrefix is prepended to yield response
getVar(magenta) failed: [1,"Key not found: magenta"]

stderr | node/tools/spawn-subagents.test.ts > yield behavior > supervisor resultPrefix is prepended to yield response
getVar(magenta_display_window) failed: [1,"Key not found: magenta_display_window"]

stderr | node/tools/spawn-subagents.test.ts > yield behavior > supervisor resultPrefix is prepended to yield response
[Thread 019d8a16-9feb-7304-b69a-ac12ad09b474] myUpdate: send-message

stderr | node/tools/spawn-subagents.test.ts > yield behavior > supervisor resultPrefix is prepended to yield response
[Thread 019d8a16-9feb-7304-b69a-ac12ad09b474] myUpdate: tool-progress

stderr | node/tools/spawn-subagents.test.ts > yield behavior > supervisor resultPrefix is prepended to yield response
[winston] Attempt to write logs with no transports, which can increase memory usage: {"message":"Usage: inputTokens=1000 outputTokens=5000 cacheHits=0 cacheMisses=0 stopReason=tool_use","level":"info"}

stderr | node/tools/spawn-subagents.test.ts > yield behavior > supervisor resultPrefix is prepended to yield response
[Thread 019d8a16-9feb-7304-b69a-ac12ad09b474] myUpdate: tool-progress

stderr | node/tools/spawn-subagents.test.ts > yield behavior > supervisor resultPrefix is prepended to yield response
[Thread 019d8a16-9fff-7455-951f-e71c30c970ea] myUpdate: send-message

stderr | node/tools/spawn-subagents.test.ts > yield behavior > supervisor resultPrefix is prepended to yield response
[Thread 019d8a16-9fff-7455-951f-e71c30c970ea] myUpdate: tool-progress
[Thread 019d8a16-9feb-7304-b69a-ac12ad09b474] myUpdate: tool-progress

stderr | node/tools/getFile.test.ts > should add images to context manager
[Thread 019d8a16-9fe1-71b9-ad29-3b482615e2f8] myUpdate: tool-progress

stderr | node/tools/getFile.test.ts > should add images to context manager
[Thread 019d8a16-9fe1-71b9-ad29-3b482615e2f8] myUpdate: tool-progress

stderr | node/tools/getFile.test.ts > should add images to context manager
[Thread 019d8a16-9fe1-71b9-ad29-3b482615e2f8] myUpdate: tool-progress

stderr | node/chat/thread-compact.test.ts > forks a thread with @compact to clone and compact in one step
[Thread 019d8a16-9ff6-761f-9b88-a9c351487ac6] myUpdate: start-compaction
[Thread 019d8a16-9ff6-761f-9b88-a9c351487ac6] myUpdate: tool-progress

stderr | node/chat/thread-compact.test.ts > forks a thread with @compact to clone and compact in one step
[winston] Attempt to write logs with no transports, which can increase memory usage: {"message":"Usage: inputTokens=1000 outputTokens=5000 cacheHits=0 cacheMisses=0 stopReason=tool_use","level":"info"}

stderr | node/chat/thread-compact.test.ts > forks a thread with @compact to clone and compact in one step
[Thread 019d8a16-9ff6-761f-9b88-a9c351487ac6] myUpdate: tool-progress

stderr | node/chat/thread.test.ts > forks a thread with multiple messages into a new thread
getVar(magenta) failed: [1,"Key not found: magenta"]

stderr | node/chat/thread.test.ts > forks a thread with multiple messages into a new thread
getVar(magenta_display_window) failed: [1,"Key not found: magenta_display_window"]

stderr | node/chat/thread.test.ts > forks a thread with multiple messages into a new thread
[Thread 019d8a16-a003-70ef-a553-c4b1db956f6a] myUpdate: send-message

stderr | node/chat/thread.test.ts > forks a thread with multiple messages into a new thread
[Thread 019d8a16-a003-70ef-a553-c4b1db956f6a] myUpdate: tool-progress

stderr | node/tools/getFile.test.ts > should add images to context manager
[Thread 019d8a16-9fe1-71b9-ad29-3b482615e2f8] myUpdate: tool-progress

stderr | node/chat/thread.test.ts > forks a thread with multiple messages into a new thread
[winston] Attempt to write logs with no transports, which can increase memory usage: {"message":"Usage: inputTokens=1000 outputTokens=5000 cacheHits=0 cacheMisses=0 stopReason=end_turn","level":"info"}

stderr | node/chat/thread.test.ts > forks a thread with multiple messages into a new thread
[Thread 019d8a16-a003-70ef-a553-c4b1db956f6a] myUpdate: tool-progress

stderr | node/chat/thread.test.ts > forks a thread with multiple messages into a new thread
[Thread 019d8a16-a003-70ef-a553-c4b1db956f6a] myUpdate: send-message

stderr | node/chat/thread.test.ts > forks a thread with multiple messages into a new thread
[Thread 019d8a16-a003-70ef-a553-c4b1db956f6a] myUpdate: tool-progress

stderr | node/chat/thread.test.ts > forks a thread with multiple messages into a new thread
[winston] Attempt to write logs with no transports, which can increase memory usage: {"message":"Usage: inputTokens=1000 outputTokens=5000 cacheHits=0 cacheMisses=0 stopReason=end_turn","level":"info"}

stderr | node/chat/thread.test.ts > forks a thread with multiple messages into a new thread
[Thread 019d8a16-a003-70ef-a553-c4b1db956f6a] myUpdate: tool-progress

stderr | node/chat/thread-compact.test.ts > forks a thread with @compact to clone and compact in one step
[Thread 019d8a16-9fe1-735b-90ab-db4baf2cac40] myUpdate: tool-progress

stderr | node/providers/skills.test.ts > Skills > shows no skills section when no user skills are configured
getVar(magenta) failed: [1,"Key not found: magenta"]

stderr | node/providers/skills.test.ts > Skills > shows no skills section when no user skills are configured
getVar(magenta_display_window) failed: [1,"Key not found: magenta_display_window"]

stderr | node/tools/spawn-subagents.test.ts > yield behavior > supervisor resultPrefix is prepended to yield response
[Thread 019d8a16-9feb-7304-b69a-ac12ad09b474] myUpdate: tool-progress

stderr | node/tools/spawn-subagents.test.ts > yield behavior > supervisor resultPrefix is prepended to yield response
[Thread 019d8a16-9fff-7455-951f-e71c30c970ea] myUpdate: tool-progress

stderr | node/chat/thread.test.ts > forks a thread with multiple messages into a new thread
[Thread 019d8a16-a017-708c-bf95-fbdb09469189] myUpdate: send-message

stderr | node/chat/thread.test.ts > forks a thread with multiple messages into a new thread
[Thread 019d8a16-a017-708c-bf95-fbdb09469189] myUpdate: tool-progress

stderr | node/chat/thread.test.ts > forks a thread with multiple messages into a new thread
[winston] Attempt to write logs with no transports, which can increase memory usage: {"message":"Usage: inputTokens=1000 outputTokens=5000 cacheHits=0 cacheMisses=0 stopReason=end_turn","level":"info"}

stderr | node/chat/thread.test.ts > forks a thread with multiple messages into a new thread
[Thread 019d8a16-a017-708c-bf95-fbdb09469189] myUpdate: tool-progress

stderr | node/buf-enter.test.ts > node/buf-enter.test.ts > should coerce an input buffer opened in the display window to the correct windows
getVar(magenta) failed: [1,"Key not found: magenta"]

stderr | node/context/context-manager.test.ts > key bindings > 'Enter' key opens file with multiple non-magenta windows
getVar(magenta) failed: [1,"Key not found: magenta"]

stderr | node/buf-enter.test.ts > node/buf-enter.test.ts > should coerce an input buffer opened in the display window to the correct windows
getVar(magenta_display_window) failed: [1,"Key not found: magenta_display_window"]

stderr | node/chat/thread.test.ts > forks a thread with multiple messages into a new thread
[Thread 019d8a16-a003-70ef-a553-c4b1db956f6a] myUpdate: tool-progress

stderr | node/chat/thread-abort.test.ts > clears pending file permission checks when aborting
getVar(magenta) failed: [1,"Key not found: magenta"]

stderr | node/chat/thread-abort.test.ts > clears pending file permission checks when aborting
getVar(magenta_display_window) failed: [1,"Key not found: magenta_display_window"]

stderr | node/chat/thread-abort.test.ts > clears pending file permission checks when aborting
[Thread 019d8a16-a030-766f-b3be-755f86d13536] myUpdate: send-message

stderr | node/chat/thread-abort.test.ts > clears pending file permission checks when aborting
[Thread 019d8a16-a030-766f-b3be-755f86d13536] myUpdate: tool-progress

stderr | node/chat/thread-abort.test.ts > clears pending file permission checks when aborting
[winston] Attempt to write logs with no transports, which can increase memory usage: {"message":"Usage: inputTokens=1000 outputTokens=5000 cacheHits=0 cacheMisses=0 stopReason=tool_use","level":"info"}

stderr | node/chat/thread-abort.test.ts > clears pending file permission checks when aborting
[Thread 019d8a16-a030-766f-b3be-755f86d13536] myUpdate: permission-pending-change
[Thread 019d8a16-a030-766f-b3be-755f86d13536] myUpdate: tool-progress

stderr | node/chat/thread.test.ts > forks a thread with multiple messages into a new thread
[Thread 019d8a16-a017-708c-bf95-fbdb09469189] myUpdate: tool-progress

stderr | node/tools/bashCommand.test.ts > node/tools/bashCommand.test.ts > displays approval dialog with proper box formatting
getVar(magenta) failed: [1,"Key not found: magenta"]

stderr | node/tools/bashCommand.test.ts > node/tools/bashCommand.test.ts > displays approval dialog with proper box formatting
getVar(magenta_display_window) failed: [1,"Key not found: magenta_display_window"]

stderr | node/tools/bashCommand.test.ts > node/tools/bashCommand.test.ts > displays approval dialog with proper box formatting
[Thread 019d8a16-a03f-70bb-a26a-619a029fff01] myUpdate: send-message

stderr | node/tools/bashCommand.test.ts > node/tools/bashCommand.test.ts > displays approval dialog with proper box formatting
[Thread 019d8a16-a03f-70bb-a26a-619a029fff01] myUpdate: tool-progress

stderr | node/tools/bashCommand.test.ts > node/tools/bashCommand.test.ts > displays approval dialog with proper box formatting
[winston] Attempt to write logs with no transports, which can increase memory usage: {"message":"Usage: inputTokens=1000 outputTokens=5000 cacheHits=0 cacheMisses=0 stopReason=tool_use","level":"info"}

stderr | node/tools/bashCommand.test.ts > node/tools/bashCommand.test.ts > displays approval dialog with proper box formatting
[Thread 019d8a16-a03f-70bb-a26a-619a029fff01] myUpdate: permission-pending-change
[Thread 019d8a16-a03f-70bb-a26a-619a029fff01] myUpdate: tool-progress

stderr | node/tools/getFile.test.ts > should add images to context manager
[winston] Attempt to write logs with no transports, which can increase memory usage: {"message":"Usage: inputTokens=1000 outputTokens=5000 cacheHits=0 cacheMisses=0 stopReason=end_turn","level":"info"}

stderr | node/tools/getFile.test.ts > should add images to context manager
[Thread 019d8a16-9fe1-71b9-ad29-3b482615e2f8] myUpdate: tool-progress

stderr | node/tools/getFile.test.ts > should add images to context manager
Error scrolling to last user message: undefined
undefined

stderr | node/chat/thread-abort.test.ts > clears pending file permission checks when aborting
[Thread 019d8a16-a030-766f-b3be-755f86d13536] myUpdate: tool-progress

stderr | node/tools/spawn-subagents.test.ts > yield behavior > supervisor resultPrefix is prepended to yield response
[winston] Attempt to write logs with no transports, which can increase memory usage: {"message":"Usage: inputTokens=1000 outputTokens=5000 cacheHits=0 cacheMisses=0 stopReason=tool_use","level":"info"}

stderr | node/tools/spawn-subagents.test.ts > yield behavior > supervisor resultPrefix is prepended to yield response
[Thread 019d8a16-9fff-7455-951f-e71c30c970ea] myUpdate: tool-progress
[Thread 019d8a16-9fff-7455-951f-e71c30c970ea] myUpdate: tool-progress
[Thread 019d8a16-9fff-7455-951f-e71c30c970ea] myUpdate: tool-progress
[Thread 019d8a16-9fff-7455-951f-e71c30c970ea] myUpdate: tool-progress

stderr | node/tools/spawn-subagents.test.ts > yield behavior > supervisor resultPrefix is prepended to yield response
[Thread 019d8a16-9feb-7304-b69a-ac12ad09b474] myUpdate: tool-progress

stderr | node/tools/spawn-subagents.test.ts > yield behavior > supervisor resultPrefix is prepended to yield response
[Thread 019d8a16-9feb-7304-b69a-ac12ad09b474] myUpdate: tool-progress

stderr | node/tools/spawn-subagents.test.ts > yield behavior > supervisor resultPrefix is prepended to yield response
Error scrolling to last user message: undefined
undefined

stderr | node/chat/thread-compact.test.ts > forks a thread with @compact to clone and compact in one step
[winston] Attempt to write logs with no transports, which can increase memory usage: {"message":"Usage: inputTokens=1000 outputTokens=5000 cacheHits=0 cacheMisses=0 stopReason=end_turn","level":"info"}

stderr | node/chat/thread-compact.test.ts > forks a thread with @compact to clone and compact in one step
[Thread 019d8a16-9ff6-761f-9b88-a9c351487ac6] myUpdate: tool-progress
[Thread 019d8a16-9ff6-761f-9b88-a9c351487ac6] myUpdate: tool-progress
[Thread 019d8a16-9ff6-761f-9b88-a9c351487ac6] myUpdate: tool-progress

stderr | node/chat/thread-compact.test.ts > forks a thread with @compact to clone and compact in one step
[Thread 019d8a16-9ff6-761f-9b88-a9c351487ac6] myUpdate: tool-progress

stderr | node/tools/bashCommand.test.ts > node/tools/bashCommand.test.ts > displays approval dialog with proper box formatting
[Thread 019d8a16-a03f-70bb-a26a-619a029fff01] myUpdate: tool-progress

stderr | node/tools/getFile.test.ts > should add images to context manager
[Thread 019d8a16-9fe1-71b9-ad29-3b482615e2f8] myUpdate: tool-progress

stderr | node/tools/spawn-subagents.test.ts > yield behavior > supervisor resultPrefix is prepended to yield response
[Thread 019d8a16-9fff-7455-951f-e71c30c970ea] myUpdate: tool-progress

stderr | node/tools/spawn-subagents.test.ts > yield behavior > supervisor resultPrefix is prepended to yield response
[Thread 019d8a16-9feb-7304-b69a-ac12ad09b474] myUpdate: tool-progress

stderr | node/chat/thread-compact.test.ts > forks a thread with @compact to clone and compact in one step
[Thread 019d8a16-9ff6-761f-9b88-a9c351487ac6] myUpdate: tool-progress

stderr | node/chat/thread-abort.test.ts > clears pending file permission checks when aborting
[Thread 019d8a16-a030-766f-b3be-755f86d13536] myUpdate: abort
[Thread 019d8a16-a030-766f-b3be-755f86d13536] myUpdate: permission-pending-change

stderr | node/chat/thread-abort.test.ts > clears pending file permission checks when aborting
[Thread 019d8a16-a030-766f-b3be-755f86d13536] myUpdate: tool-progress
[Thread 019d8a16-a030-766f-b3be-755f86d13536] myUpdate: tool-progress

stderr | node/chat/thread-abort.test.ts > clears pending file permission checks when aborting
[Thread 019d8a16-a030-766f-b3be-755f86d13536] myUpdate: tool-progress

stderr | node/tools/bashCommand.test.ts > node/tools/bashCommand.test.ts > displays approval dialog with proper box formatting
[Thread 019d8a16-a03f-70bb-a26a-619a029fff01] myUpdate: permission-pending-change

stderr | node/chat/thread-compact.test.ts > forks a thread with @compact to clone and compact in one step
[winston] Attempt to write logs with no transports, which can increase memory usage: {"message":"Usage: inputTokens=1000 outputTokens=5000 cacheHits=0 cacheMisses=0 stopReason=end_turn","level":"info"}

stderr | node/chat/thread-compact.test.ts > forks a thread with @compact to clone and compact in one step
[Thread 019d8a16-9ff6-761f-9b88-a9c351487ac6] myUpdate: tool-progress

stderr | node/chat/thread-compact.test.ts > forks a thread with @compact to clone and compact in one step
[Thread 019d8a16-9ff6-761f-9b88-a9c351487ac6] myUpdate: tool-progress

stderr | node/tools/bashCommand.test.ts > node/tools/bashCommand.test.ts > displays approval dialog with proper box formatting
[Thread 019d8a16-a03f-70bb-a26a-619a029fff01] myUpdate: tool-progress

stderr | node/tools/bashCommand.test.ts > node/tools/bashCommand.test.ts > displays approval dialog with proper box formatting
[Thread 019d8a16-a03f-70bb-a26a-619a029fff01] myUpdate: tool-progress

stderr | node/tools/bashCommand.test.ts > node/tools/bashCommand.test.ts > displays approval dialog with proper box formatting
[Thread 019d8a16-a03f-70bb-a26a-619a029fff01] myUpdate: tool-progress

stderr | node/tools/bashCommand.test.ts > node/tools/bashCommand.test.ts > displays approval dialog with proper box formatting
[Thread 019d8a16-a03f-70bb-a26a-619a029fff01] myUpdate: tool-progress

stderr | node/render-tools/spawn-subagents.test.ts > node/render-tools/spawn-subagents.test.ts > handles thread hierarchy with stopped and yielded children
getVar(magenta) failed: [1,"Key not found: magenta"]

stderr | node/render-tools/spawn-subagents.test.ts > node/render-tools/spawn-subagents.test.ts > handles thread hierarchy with stopped and yielded children
getVar(magenta_display_window) failed: [1,"Key not found: magenta_display_window"]

stderr | node/render-tools/spawn-subagents.test.ts > node/render-tools/spawn-subagents.test.ts > handles thread hierarchy with stopped and yielded children
[Thread 019d8a16-a11a-7768-ada3-fe3445e77962] myUpdate: send-message

stderr | node/render-tools/spawn-subagents.test.ts > node/render-tools/spawn-subagents.test.ts > handles thread hierarchy with stopped and yielded children
[Thread 019d8a16-a11a-7768-ada3-fe3445e77962] myUpdate: tool-progress

stderr | node/render-tools/spawn-subagents.test.ts > node/render-tools/spawn-subagents.test.ts > handles thread hierarchy with stopped and yielded children
[winston] Attempt to write logs with no transports, which can increase memory usage: {"message":"Usage: inputTokens=1000 outputTokens=5000 cacheHits=0 cacheMisses=0 stopReason=tool_use","level":"info"}

stderr | node/render-tools/spawn-subagents.test.ts > node/render-tools/spawn-subagents.test.ts > handles thread hierarchy with stopped and yielded children
[Thread 019d8a16-a11a-7768-ada3-fe3445e77962] myUpdate: tool-progress

stderr | node/render-tools/spawn-subagents.test.ts > node/render-tools/spawn-subagents.test.ts > handles thread hierarchy with stopped and yielded children
[Thread 019d8a16-a130-7488-a8e1-84392a410c6b] myUpdate: send-message

stderr | node/render-tools/spawn-subagents.test.ts > node/render-tools/spawn-subagents.test.ts > handles thread hierarchy with stopped and yielded children
[Thread 019d8a16-a130-7488-a8e1-84392a410c6b] myUpdate: tool-progress
[Thread 019d8a16-a11a-7768-ada3-fe3445e77962] myUpdate: tool-progress

stderr | node/providers/skills.test.ts > Skills > handles multiple skills from different directories
getVar(magenta) failed: [1,"Key not found: magenta"]

stderr | node/providers/skills.test.ts > Skills > handles multiple skills from different directories
getVar(magenta_display_window) failed: [1,"Key not found: magenta_display_window"]

stderr | node/context/context-manager.test.ts > key bindings > 'Enter' key opens file when sidebar is on the left
getVar(magenta) failed: [1,"Key not found: magenta"]

stderr | node/context/context-manager.test.ts > key bindings > 'Enter' key opens file when sidebar is on the left
getVar(magenta_display_window) failed: [1,"Key not found: magenta_display_window"]

stderr | node/context/context-manager.test.ts > key bindings > 'Enter' key opens file when sidebar is on the left
[Thread 019d8a16-a138-7476-9902-89a8d5cf64b0] myUpdate: tool-progress

stderr | node/render-tools/spawn-subagents.test.ts > node/render-tools/spawn-subagents.test.ts > handles thread hierarchy with stopped and yielded children
[Thread 019d8a16-a11a-7768-ada3-fe3445e77962] myUpdate: tool-progress

stderr | node/render-tools/spawn-subagents.test.ts > node/render-tools/spawn-subagents.test.ts > handles thread hierarchy with stopped and yielded children
[Thread 019d8a16-a130-7488-a8e1-84392a410c6b] myUpdate: tool-progress

stderr | node/tools/getFile.test.ts > should add PDFs to context manager
getVar(magenta) failed: [1,"Key not found: magenta"]

stderr | node/tools/getFile.test.ts > should add PDFs to context manager
getVar(magenta_display_window) failed: [1,"Key not found: magenta_display_window"]

stderr | node/tools/getFile.test.ts > should add PDFs to context manager
[Thread 019d8a16-a166-742f-a3c8-010d01c19999] myUpdate: send-message

stderr | node/tools/getFile.test.ts > should add PDFs to context manager
[Thread 019d8a16-a166-742f-a3c8-010d01c19999] myUpdate: tool-progress

stderr | node/tools/getFile.test.ts > should add PDFs to context manager
[winston] Attempt to write logs with no transports, which can increase memory usage: {"message":"Usage: inputTokens=1000 outputTokens=5000 cacheHits=0 cacheMisses=0 stopReason=tool_use","level":"info"}

stderr | node/tools/getFile.test.ts > should add PDFs to context manager
[Thread 019d8a16-a166-742f-a3c8-010d01c19999] myUpdate: tool-progress

stderr | node/chat/thread.test.ts > processes @diag keyword to include diagnostics in message
getVar(magenta) failed: [1,"Key not found: magenta"]

stderr | node/chat/thread.test.ts > processes @diag keyword to include diagnostics in message
getVar(magenta_display_window) failed: [1,"Key not found: magenta_display_window"]

stderr | node/tools/spawn-subagents.test.ts > foreach-style parallel agents > respects maxConcurrentSubagents limit and processes agents in batches
getVar(magenta) failed: [1,"Key not found: magenta"]

stderr | node/tools/getFile.test.ts > should add PDFs to context manager
[Thread 019d8a16-a166-742f-a3c8-010d01c19999] myUpdate: tool-progress

stderr | node/tools/getFile.test.ts > should add PDFs to context manager
[Thread 019d8a16-a166-742f-a3c8-010d01c19999] myUpdate: tool-progress

stderr | node/tools/getFile.test.ts > should add PDFs to context manager
[Thread 019d8a16-a166-742f-a3c8-010d01c19999] myUpdate: tool-progress

stderr | node/tools/spawn-subagents.test.ts > foreach-style parallel agents > respects maxConcurrentSubagents limit and processes agents in batches
getVar(magenta_display_window) failed: [1,"Key not found: magenta_display_window"]

stderr | node/tools/spawn-subagents.test.ts > foreach-style parallel agents > respects maxConcurrentSubagents limit and processes agents in batches
[Thread 019d8a16-a174-7537-a7c4-1fc936bdd3c3] myUpdate: send-message

stderr | node/tools/spawn-subagents.test.ts > foreach-style parallel agents > respects maxConcurrentSubagents limit and processes agents in batches
[Thread 019d8a16-a174-7537-a7c4-1fc936bdd3c3] myUpdate: tool-progress

stderr | node/tools/spawn-subagents.test.ts > foreach-style parallel agents > respects maxConcurrentSubagents limit and processes agents in batches
[winston] Attempt to write logs with no transports, which can increase memory usage: {"message":"Usage: inputTokens=1000 outputTokens=5000 cacheHits=0 cacheMisses=0 stopReason=tool_use","level":"info"}

stderr | node/tools/spawn-subagents.test.ts > foreach-style parallel agents > respects maxConcurrentSubagents limit and processes agents in batches
[Thread 019d8a16-a174-7537-a7c4-1fc936bdd3c3] myUpdate: tool-progress

stderr | node/tools/spawn-subagents.test.ts > foreach-style parallel agents > respects maxConcurrentSubagents limit and processes agents in batches
[Thread 019d8a16-a189-753b-a1a2-cdbe1d82c359] myUpdate: send-message

stderr | node/tools/spawn-subagents.test.ts > foreach-style parallel agents > respects maxConcurrentSubagents limit and processes agents in batches
[Thread 019d8a16-a189-753b-a1a2-cdbe1d82c359] myUpdate: tool-progress
[Thread 019d8a16-a174-7537-a7c4-1fc936bdd3c3] myUpdate: tool-progress

stderr | node/tools/spawn-subagents.test.ts > foreach-style parallel agents > respects maxConcurrentSubagents limit and processes agents in batches
[Thread 019d8a16-a18a-77da-b96e-84677fc281c3] myUpdate: send-message

stderr | node/tools/spawn-subagents.test.ts > foreach-style parallel agents > respects maxConcurrentSubagents limit and processes agents in batches
[Thread 019d8a16-a18a-77da-b96e-84677fc281c3] myUpdate: tool-progress
[Thread 019d8a16-a174-7537-a7c4-1fc936bdd3c3] myUpdate: tool-progress

stderr | node/tools/spawn-subagents.test.ts > foreach-style parallel agents > respects maxConcurrentSubagents limit and processes agents in batches
[Thread 019d8a16-a18a-77da-b96e-8a63b9e4caf9] myUpdate: send-message

stderr | node/tools/spawn-subagents.test.ts > foreach-style parallel agents > respects maxConcurrentSubagents limit and processes agents in batches
[Thread 019d8a16-a18a-77da-b96e-8a63b9e4caf9] myUpdate: tool-progress
[Thread 019d8a16-a174-7537-a7c4-1fc936bdd3c3] myUpdate: tool-progress

stderr | node/tools/spawn-subagents.test.ts > foreach-style parallel agents > respects maxConcurrentSubagents limit and processes agents in batches
[Thread 019d8a16-a18b-73dd-83a3-3c78b072f4d2] myUpdate: send-message

stderr | node/tools/spawn-subagents.test.ts > foreach-style parallel agents > respects maxConcurrentSubagents limit and processes agents in batches
[Thread 019d8a16-a18b-73dd-83a3-3c78b072f4d2] myUpdate: tool-progress
[Thread 019d8a16-a174-7537-a7c4-1fc936bdd3c3] myUpdate: tool-progress

stderr | node/render-tools/spawn-subagents.test.ts > node/render-tools/spawn-subagents.test.ts > handles thread hierarchy with stopped and yielded children
[winston] Attempt to write logs with no transports, which can increase memory usage: {"message":"Usage: inputTokens=1000 outputTokens=5000 cacheHits=0 cacheMisses=0 stopReason=tool_use","level":"info"}

stderr | node/render-tools/spawn-subagents.test.ts > node/render-tools/spawn-subagents.test.ts > handles thread hierarchy with stopped and yielded children
[Thread 019d8a16-a130-7488-a8e1-84392a410c6b] myUpdate: tool-progress
[Thread 019d8a16-a130-7488-a8e1-84392a410c6b] myUpdate: tool-progress
[Thread 019d8a16-a130-7488-a8e1-84392a410c6b] myUpdate: tool-progress
[Thread 019d8a16-a130-7488-a8e1-84392a410c6b] myUpdate: tool-progress

stderr | node/render-tools/spawn-subagents.test.ts > node/render-tools/spawn-subagents.test.ts > handles thread hierarchy with stopped and yielded children
[Thread 019d8a16-a11a-7768-ada3-fe3445e77962] myUpdate: tool-progress

stderr | node/render-tools/spawn-subagents.test.ts > node/render-tools/spawn-subagents.test.ts > handles thread hierarchy with stopped and yielded children
[Thread 019d8a16-a11a-7768-ada3-fe3445e77962] myUpdate: tool-progress

stderr | node/render-tools/spawn-subagents.test.ts > node/render-tools/spawn-subagents.test.ts > handles thread hierarchy with stopped and yielded children
Error scrolling to last user message: undefined
undefined

stderr | node/tools/getFile.test.ts > should add PDFs to context manager
[Thread 019d8a16-a166-742f-a3c8-010d01c19999] myUpdate: tool-progress

stderr | node/render-tools/spawn-subagents.test.ts > node/render-tools/spawn-subagents.test.ts > handles thread hierarchy with stopped and yielded children
[Thread 019d8a16-a194-7578-aebe-327ba9be7764] myUpdate: send-message

stderr | node/render-tools/spawn-subagents.test.ts > node/render-tools/spawn-subagents.test.ts > handles thread hierarchy with stopped and yielded children
[Thread 019d8a16-a194-7578-aebe-327ba9be7764] myUpdate: tool-progress

stderr | node/render-tools/spawn-subagents.test.ts > node/render-tools/spawn-subagents.test.ts > handles thread hierarchy with stopped and yielded children
[winston] Attempt to write logs with no transports, which can increase memory usage: {"message":"Usage: inputTokens=1000 outputTokens=5000 cacheHits=0 cacheMisses=0 stopReason=tool_use","level":"info"}

stderr | node/render-tools/spawn-subagents.test.ts > node/render-tools/spawn-subagents.test.ts > handles thread hierarchy with stopped and yielded children
[Thread 019d8a16-a194-7578-aebe-327ba9be7764] myUpdate: tool-progress

stderr | node/render-tools/spawn-subagents.test.ts > node/render-tools/spawn-subagents.test.ts > handles thread hierarchy with stopped and yielded children
[Thread 019d8a16-a1a6-74d7-8035-66a8350b1b0a] myUpdate: send-message

stderr | node/render-tools/spawn-subagents.test.ts > node/render-tools/spawn-subagents.test.ts > handles thread hierarchy with stopped and yielded children
[Thread 019d8a16-a1a6-74d7-8035-66a8350b1b0a] myUpdate: tool-progress
[Thread 019d8a16-a194-7578-aebe-327ba9be7764] myUpdate: tool-progress

stderr | node/tools/spawn-subagents.test.ts > foreach-style parallel agents > respects maxConcurrentSubagents limit and processes agents in batches
[Thread 019d8a16-a174-7537-a7c4-1fc936bdd3c3] myUpdate: tool-progress

stderr | node/tools/spawn-subagents.test.ts > foreach-style parallel agents > respects maxConcurrentSubagents limit and processes agents in batches
[Thread 019d8a16-a189-753b-a1a2-cdbe1d82c359] myUpdate: tool-progress

stderr | node/buf-enter.test.ts > node/buf-enter.test.ts > should coerce a different thread's input buffer opened in the display window
getVar(magenta) failed: [1,"Key not found: magenta"]

stderr | node/tools/spawn-subagents.test.ts > foreach-style parallel agents > respects maxConcurrentSubagents limit and processes agents in batches
[Thread 019d8a16-a18a-77da-b96e-84677fc281c3] myUpdate: tool-progress

stderr | node/tools/spawn-subagents.test.ts > foreach-style parallel agents > respects maxConcurrentSubagents limit and processes agents in batches
[Thread 019d8a16-a18a-77da-b96e-8a63b9e4caf9] myUpdate: tool-progress

stderr | node/tools/spawn-subagents.test.ts > foreach-style parallel agents > respects maxConcurrentSubagents limit and processes agents in batches
[Thread 019d8a16-a18b-73dd-83a3-3c78b072f4d2] myUpdate: tool-progress

stderr | node/buf-enter.test.ts > node/buf-enter.test.ts > should coerce a different thread's input buffer opened in the display window
getVar(magenta_display_window) failed: [1,"Key not found: magenta_display_window"]

stderr | node/render-tools/spawn-subagents.test.ts > node/render-tools/spawn-subagents.test.ts > handles thread hierarchy with stopped and yielded children
[Thread 019d8a16-a130-7488-a8e1-84392a410c6b] myUpdate: tool-progress

stderr | node/render-tools/spawn-subagents.test.ts > node/render-tools/spawn-subagents.test.ts > handles thread hierarchy with stopped and yielded children
[Thread 019d8a16-a11a-7768-ada3-fe3445e77962] myUpdate: tool-progress

stderr | node/render-tools/spawn-subagents.test.ts > node/render-tools/spawn-subagents.test.ts > handles thread hierarchy with stopped and yielded children
[Thread 019d8a16-a194-7578-aebe-327ba9be7764] myUpdate: tool-progress

stderr | node/render-tools/spawn-subagents.test.ts > node/render-tools/spawn-subagents.test.ts > handles thread hierarchy with stopped and yielded children
[Thread 019d8a16-a1a6-74d7-8035-66a8350b1b0a] myUpdate: tool-progress

stderr | node/chat/thread-abort.test.ts > clears pending permissions when sending a new message during tool_use
getVar(magenta) failed: [1,"Key not found: magenta"]

stderr | node/chat/thread-abort.test.ts > clears pending permissions when sending a new message during tool_use
getVar(magenta_display_window) failed: [1,"Key not found: magenta_display_window"]

stderr | node/chat/thread-abort.test.ts > clears pending permissions when sending a new message during tool_use
[Thread 019d8a16-a1c3-740e-90d9-970112ddc143] myUpdate: send-message

stderr | node/chat/thread-abort.test.ts > clears pending permissions when sending a new message during tool_use
[Thread 019d8a16-a1c3-740e-90d9-970112ddc143] myUpdate: tool-progress

stderr | node/chat/thread-abort.test.ts > clears pending permissions when sending a new message during tool_use
[winston] Attempt to write logs with no transports, which can increase memory usage: {"message":"Usage: inputTokens=1000 outputTokens=5000 cacheHits=0 cacheMisses=0 stopReason=tool_use","level":"info"}

stderr | node/chat/thread-abort.test.ts > clears pending permissions when sending a new message during tool_use
[Thread 019d8a16-a1c3-740e-90d9-970112ddc143] myUpdate: permission-pending-change
[Thread 019d8a16-a1c3-740e-90d9-970112ddc143] myUpdate: tool-progress

stderr | node/tools/getFile.test.ts > should add PDFs to context manager
[winston] Attempt to write logs with no transports, which can increase memory usage: {"message":"Usage: inputTokens=1000 outputTokens=5000 cacheHits=0 cacheMisses=0 stopReason=end_turn","level":"info"}

stderr | node/tools/getFile.test.ts > should add PDFs to context manager
[Thread 019d8a16-a166-742f-a3c8-010d01c19999] myUpdate: tool-progress

stderr | node/tools/getFile.test.ts > should add PDFs to context manager
Error scrolling to last user message: undefined
undefined

stderr | node/tools/spawn-subagents.test.ts > foreach-style parallel agents > respects maxConcurrentSubagents limit and processes agents in batches
[winston] Attempt to write logs with no transports, which can increase memory usage: {"message":"Usage: inputTokens=1000 outputTokens=5000 cacheHits=0 cacheMisses=0 stopReason=tool_use","level":"info"}

stderr | node/tools/spawn-subagents.test.ts > foreach-style parallel agents > respects maxConcurrentSubagents limit and processes agents in batches
[Thread 019d8a16-a189-753b-a1a2-cdbe1d82c359] myUpdate: tool-progress
[Thread 019d8a16-a189-753b-a1a2-cdbe1d82c359] myUpdate: tool-progress
[Thread 019d8a16-a189-753b-a1a2-cdbe1d82c359] myUpdate: tool-progress
[Thread 019d8a16-a189-753b-a1a2-cdbe1d82c359] myUpdate: tool-progress

stderr | node/chat/thread-abort.test.ts > clears pending permissions when sending a new message during tool_use
[Thread 019d8a16-a1c3-740e-90d9-970112ddc143] myUpdate: tool-progress

stderr | node/tools/getFile.test.ts > should add PDFs to context manager
[Thread 019d8a16-a166-742f-a3c8-010d01c19999] myUpdate: tool-progress

stderr | node/render-tools/spawn-subagents.test.ts > node/render-tools/spawn-subagents.test.ts > handles thread hierarchy with stopped and yielded children
[winston] Attempt to write logs with no transports, which can increase memory usage: {"message":"Usage: inputTokens=1000 outputTokens=5000 cacheHits=0 cacheMisses=0 stopReason=end_turn","level":"info"}

stderr | node/render-tools/spawn-subagents.test.ts > node/render-tools/spawn-subagents.test.ts > handles thread hierarchy with stopped and yielded children
[Thread 019d8a16-a1a6-74d7-8035-66a8350b1b0a] myUpdate: tool-progress

stderr | node/tools/spawn-subagents.test.ts > foreach-style parallel agents > respects maxConcurrentSubagents limit and processes agents in batches
[Thread 019d8a16-a189-753b-a1a2-cdbe1d82c359] myUpdate: tool-progress

stderr | node/render-tools/spawn-subagents.test.ts > node/render-tools/spawn-subagents.test.ts > allows selecting parent and child threads from hierarchy view
[Thread 019d8a16-a1a6-74d7-8035-66a8350b1b0a] myUpdate: tool-progress

stderr | node/chat/thread-abort.test.ts > clears pending permissions when sending a new message during tool_use
[Thread 019d8a16-a1c3-740e-90d9-970112ddc143] myUpdate: send-message
[Thread 019d8a16-a1c3-740e-90d9-970112ddc143] myUpdate: permission-pending-change

stderr | node/chat/thread-abort.test.ts > clears pending permissions when sending a new message during tool_use
[Thread 019d8a16-a1c3-740e-90d9-970112ddc143] myUpdate: tool-progress
[Thread 019d8a16-a1c3-740e-90d9-970112ddc143] myUpdate: tool-progress

stderr | node/chat/thread-abort.test.ts > clears pending permissions when sending a new message during tool_use
[Thread 019d8a16-a1c3-740e-90d9-970112ddc143] myUpdate: tool-progress
[Thread 019d8a16-a1c3-740e-90d9-970112ddc143] myUpdate: tool-progress

stderr | node/tools/bashCommand.test.ts > node/tools/bashCommand.test.ts > terminates a long-running command with 't' key
getVar(magenta) failed: [1,"Key not found: magenta"]

stderr | node/tools/bashCommand.test.ts > node/tools/bashCommand.test.ts > terminates a long-running command with 't' key
getVar(magenta_display_window) failed: [1,"Key not found: magenta_display_window"]

stderr | node/tools/bashCommand.test.ts > node/tools/bashCommand.test.ts > terminates a long-running command with 't' key
[Thread 019d8a16-a23b-728a-80df-a49bffa27ad7] myUpdate: send-message

stderr | node/tools/bashCommand.test.ts > node/tools/bashCommand.test.ts > terminates a long-running command with 't' key
[Thread 019d8a16-a23b-728a-80df-a49bffa27ad7] myUpdate: tool-progress

stderr | node/tools/bashCommand.test.ts > node/tools/bashCommand.test.ts > terminates a long-running command with 't' key
[winston] Attempt to write logs with no transports, which can increase memory usage: {"message":"Usage: inputTokens=1000 outputTokens=5000 cacheHits=0 cacheMisses=0 stopReason=tool_use","level":"info"}

stderr | node/tools/bashCommand.test.ts > node/tools/bashCommand.test.ts > terminates a long-running command with 't' key
[Thread 019d8a16-a23b-728a-80df-a49bffa27ad7] myUpdate: permission-pending-change
[Thread 019d8a16-a23b-728a-80df-a49bffa27ad7] myUpdate: tool-progress

stderr | node/tools/spawn-subagents.test.ts > foreach-style parallel agents > respects maxConcurrentSubagents limit and processes agents in batches
[winston] Attempt to write logs with no transports, which can increase memory usage: {"message":"Usage: inputTokens=1000 outputTokens=5000 cacheHits=0 cacheMisses=0 stopReason=tool_use","level":"info"}
[winston] Attempt to write logs with no transports, which can increase memory usage: {"message":"Usage: inputTokens=1000 outputTokens=5000 cacheHits=0 cacheMisses=0 stopReason=tool_use","level":"info"}
[winston] Attempt to write logs with no transports, which can increase memory usage: {"message":"Usage: inputTokens=1000 outputTokens=5000 cacheHits=0 cacheMisses=0 stopReason=tool_use","level":"info"}
[Thread 019d8a16-a18a-77da-b96e-84677fc281c3] myUpdate: tool-progress
[Thread 019d8a16-a18a-77da-b96e-84677fc281c3] myUpdate: tool-progress
[Thread 019d8a16-a18a-77da-b96e-8a63b9e4caf9] myUpdate: tool-progress
[Thread 019d8a16-a18a-77da-b96e-8a63b9e4caf9] myUpdate: tool-progress
[Thread 019d8a16-a18b-73dd-83a3-3c78b072f4d2] myUpdate: tool-progress
[Thread 019d8a16-a18b-73dd-83a3-3c78b072f4d2] myUpdate: tool-progress
[Thread 019d8a16-a18a-77da-b96e-84677fc281c3] myUpdate: tool-progress
[Thread 019d8a16-a18a-77da-b96e-84677fc281c3] myUpdate: tool-progress
[Thread 019d8a16-a18a-77da-b96e-8a63b9e4caf9] myUpdate: tool-progress
[Thread 019d8a16-a18a-77da-b96e-8a63b9e4caf9] myUpdate: tool-progress
[Thread 019d8a16-a18b-73dd-83a3-3c78b072f4d2] myUpdate: tool-progress
[Thread 019d8a16-a18b-73dd-83a3-3c78b072f4d2] myUpdate: tool-progress

stderr | node/tools/spawn-subagents.test.ts > foreach-style parallel agents > respects maxConcurrentSubagents limit and processes agents in batches
[Thread 019d8a16-a174-7537-a7c4-1fc936bdd3c3] myUpdate: tool-progress

stderr | node/tools/spawn-subagents.test.ts > foreach-style parallel agents > respects maxConcurrentSubagents limit and processes agents in batches
[Thread 019d8a16-a174-7537-a7c4-1fc936bdd3c3] myUpdate: tool-progress

stderr | node/chat/thread-compact.test.ts > auto-compact triggers when inputTokenCount exceeds 80% of context window
getVar(magenta) failed: [1,"Key not found: magenta"]

stderr | node/chat/thread-compact.test.ts > auto-compact triggers when inputTokenCount exceeds 80% of context window
getVar(magenta_display_window) failed: [1,"Key not found: magenta_display_window"]

stderr | node/chat/thread-compact.test.ts > auto-compact triggers when inputTokenCount exceeds 80% of context window
[Thread 019d8a16-a248-731c-b8c9-8e3a56a24002] myUpdate: send-message

stderr | node/chat/thread-compact.test.ts > auto-compact triggers when inputTokenCount exceeds 80% of context window
[Thread 019d8a16-a248-731c-b8c9-8e3a56a24002] myUpdate: tool-progress

stderr | node/chat/thread-abort.test.ts > clears pending permissions when sending a new message during tool_use
[Thread 019d8a16-a1c3-740e-90d9-970112ddc143] myUpdate: tool-progress

stderr | node/chat/thread-compact.test.ts > auto-compact triggers when inputTokenCount exceeds 80% of context window
[winston] Attempt to write logs with no transports, which can increase memory usage: {"message":"Usage: inputTokens=1000 outputTokens=5000 cacheHits=0 cacheMisses=0 stopReason=end_turn","level":"info"}

stderr | node/chat/thread-compact.test.ts > auto-compact triggers when inputTokenCount exceeds 80% of context window
[Thread 019d8a16-a248-731c-b8c9-8e3a56a24002] myUpdate: tool-progress

 ✓ node/nvim/buffer.test.ts (16 tests) 3172ms
   ✓ nvim/buffer.test.ts > extmark management > should set and delete extmarks  686ms
   ✓ nvim/buffer.test.ts > extmark management > should handle extmarks with various options  309ms
   ✓ nvim/buffer.test.ts > extmark management > should handle multi-line extmarks  357ms
   ✓ nvim/buffer.test.ts > extmark management > should get extmarks correctly  314ms
   ✓ nvim/buffer.test.ts > extmark management > should get extmark by ID  315ms
stderr | node/buf-enter.test.ts > node/buf-enter.test.ts > should coerce a display buffer opened in the input window to the correct windows
getVar(magenta) failed: [1,"Key not found: magenta"]

stderr | node/buf-enter.test.ts > node/buf-enter.test.ts > should coerce a display buffer opened in the input window to the correct windows
getVar(magenta_display_window) failed: [1,"Key not found: magenta_display_window"]

stderr | node/providers/skills.test.ts > Skills > handles frontmatter with values that are invalid in strict YAML
getVar(magenta) failed: [1,"Key not found: magenta"]

stderr | node/providers/skills.test.ts > Skills > handles frontmatter with values that are invalid in strict YAML
getVar(magenta_display_window) failed: [1,"Key not found: magenta_display_window"]

stderr | node/tools/bashCommand.test.ts > node/tools/bashCommand.test.ts > terminates a long-running command with 't' key
[Thread 019d8a16-a23b-728a-80df-a49bffa27ad7] myUpdate: tool-progress

stderr | node/tools/spawn-subagents.test.ts > foreach-style parallel agents > respects maxConcurrentSubagents limit and processes agents in batches
[Thread 019d8a16-a18a-77da-b96e-84677fc281c3] myUpdate: tool-progress

stderr | node/tools/spawn-subagents.test.ts > foreach-style parallel agents > respects maxConcurrentSubagents limit and processes agents in batches
[Thread 019d8a16-a18a-77da-b96e-8a63b9e4caf9] myUpdate: tool-progress

stderr | node/tools/spawn-subagents.test.ts > foreach-style parallel agents > respects maxConcurrentSubagents limit and processes agents in batches
[Thread 019d8a16-a18b-73dd-83a3-3c78b072f4d2] myUpdate: tool-progress

stderr | node/tools/spawn-subagents.test.ts > foreach-style parallel agents > respects maxConcurrentSubagents limit and processes agents in batches
[Thread 019d8a16-a174-7537-a7c4-1fc936bdd3c3] myUpdate: tool-progress

stderr | node/chat/thread-compact.test.ts > auto-compact triggers when inputTokenCount exceeds 80% of context window
[Thread 019d8a16-a248-731c-b8c9-8e3a56a24002] myUpdate: tool-progress

stderr | node/chat/thread-abort.test.ts > clears pending permissions when sending a new message during tool_use
[winston] Attempt to write logs with no transports, which can increase memory usage: {"message":"Usage: inputTokens=1000 outputTokens=5000 cacheHits=0 cacheMisses=0 stopReason=end_turn","level":"info"}

stderr | node/chat/thread-abort.test.ts > clears pending permissions when sending a new message during tool_use
[Thread 019d8a16-a1c3-740e-90d9-970112ddc143] myUpdate: tool-progress

stderr | node/render-tools/spawn-subagents.test.ts > node/render-tools/spawn-subagents.test.ts > allows selecting parent and child threads from hierarchy view
getVar(magenta) failed: [1,"Key not found: magenta"]

stderr | node/render-tools/spawn-subagents.test.ts > node/render-tools/spawn-subagents.test.ts > allows selecting parent and child threads from hierarchy view
getVar(magenta_display_window) failed: [1,"Key not found: magenta_display_window"]

stderr | node/render-tools/spawn-subagents.test.ts > node/render-tools/spawn-subagents.test.ts > allows selecting parent and child threads from hierarchy view
[Thread 019d8a16-a2a9-725e-9289-263d39a01a1b] myUpdate: send-message

stderr | node/render-tools/spawn-subagents.test.ts > node/render-tools/spawn-subagents.test.ts > allows selecting parent and child threads from hierarchy view
[Thread 019d8a16-a2a9-725e-9289-263d39a01a1b] myUpdate: tool-progress

stderr | node/tools/spawn-subagents.test.ts > foreach-style parallel agents > respects maxConcurrentSubagents limit and processes agents in batches
[winston] Attempt to write logs with no transports, which can increase memory usage: {"message":"Usage: inputTokens=1000 outputTokens=5000 cacheHits=0 cacheMisses=0 stopReason=end_turn","level":"info"}

stderr | node/render-tools/spawn-subagents.test.ts > node/render-tools/spawn-subagents.test.ts > allows selecting parent and child threads from hierarchy view
[winston] Attempt to write logs with no transports, which can increase memory usage: {"message":"Usage: inputTokens=1000 outputTokens=5000 cacheHits=0 cacheMisses=0 stopReason=tool_use","level":"info"}

stderr | node/tools/spawn-subagents.test.ts > foreach-style parallel agents > respects maxConcurrentSubagents limit and processes agents in batches
[Thread 019d8a16-a174-7537-a7c4-1fc936bdd3c3] myUpdate: tool-progress

stderr | node/render-tools/spawn-subagents.test.ts > node/render-tools/spawn-subagents.test.ts > allows selecting parent and child threads from hierarchy view
[Thread 019d8a16-a2a9-725e-9289-263d39a01a1b] myUpdate: tool-progress

stderr | node/render-tools/spawn-subagents.test.ts > node/render-tools/spawn-subagents.test.ts > allows selecting parent and child threads from hierarchy view
[Thread 019d8a16-a2bd-722b-bf1d-2eb31184df78] myUpdate: send-message

stderr | node/render-tools/spawn-subagents.test.ts > node/render-tools/spawn-subagents.test.ts > allows selecting parent and child threads from hierarchy view
[Thread 019d8a16-a2bd-722b-bf1d-2eb31184df78] myUpdate: tool-progress
[Thread 019d8a16-a2a9-725e-9289-263d39a01a1b] myUpdate: tool-progress

stderr | node/chat/thread-compact.test.ts > auto-compact triggers when inputTokenCount exceeds 80% of context window
[Thread 019d8a16-a248-731c-b8c9-8e3a56a24002] myUpdate: send-message

stderr | node/chat/thread-compact.test.ts > auto-compact triggers when inputTokenCount exceeds 80% of context window
[Thread 019d8a16-a248-731c-b8c9-8e3a56a24002] myUpdate: tool-progress

stderr | node/chat/thread-compact.test.ts > auto-compact triggers when inputTokenCount exceeds 80% of context window
[winston] Attempt to write logs with no transports, which can increase memory usage: {"message":"Usage: inputTokens=1000 outputTokens=5000 cacheHits=0 cacheMisses=0 stopReason=tool_use","level":"info"}

stderr | node/chat/thread-compact.test.ts > auto-compact triggers when inputTokenCount exceeds 80% of context window
[Thread 019d8a16-a248-731c-b8c9-8e3a56a24002] myUpdate: tool-progress

stderr | node/chat/thread-abort.test.ts > clears pending permissions when sending a new message during tool_use
[Thread 019d8a16-a1c3-740e-90d9-970112ddc143] myUpdate: tool-progress

stderr | node/tools/bashCommand.test.ts > node/tools/bashCommand.test.ts > terminates a long-running command with 't' key
[Thread 019d8a16-a23b-728a-80df-a49bffa27ad7] myUpdate: permission-pending-change

stderr | node/tools/bashCommand.test.ts > node/tools/bashCommand.test.ts > terminates a long-running command with 't' key
[Thread 019d8a16-a23b-728a-80df-a49bffa27ad7] myUpdate: tool-progress

stderr | node/tools/bashCommand.test.ts > node/tools/bashCommand.test.ts > terminates a long-running command with 't' key
[Thread 019d8a16-a23b-728a-80df-a49bffa27ad7] myUpdate: tool-progress

stderr | node/tools/spawn-subagents.test.ts > foreach-style parallel agents > uses fast model for subagents when agentType is 'fast-edit'
[Thread 019d8a16-a174-7537-a7c4-1fc936bdd3c3] myUpdate: tool-progress

stderr | node/render-tools/spawn-subagents.test.ts > node/render-tools/spawn-subagents.test.ts > allows selecting parent and child threads from hierarchy view
[Thread 019d8a16-a2a9-725e-9289-263d39a01a1b] myUpdate: tool-progress

stderr | node/context/context-manager.test.ts > key bindings > 'Enter' key opens file when sidebar is on the right
getVar(magenta) failed: [1,"Key not found: magenta"]

stderr | node/render-tools/spawn-subagents.test.ts > node/render-tools/spawn-subagents.test.ts > allows selecting parent and child threads from hierarchy view
[Thread 019d8a16-a2bd-722b-bf1d-2eb31184df78] myUpdate: tool-progress

stderr | node/context/context-manager.test.ts > key bindings > 'Enter' key opens file when sidebar is on the right
getVar(magenta) failed: [1,"Key not found: magenta"]

stderr | node/context/context-manager.test.ts > key bindings > 'Enter' key opens file when sidebar is on the right
getVar(magenta_display_window) failed: [1,"Key not found: magenta_display_window"]

stderr | node/context/context-manager.test.ts > key bindings > 'Enter' key opens file when sidebar is on the right
[Thread 019d8a16-a2ca-704b-abe3-e0548a7198e7] myUpdate: tool-progress

stderr | node/tools/bashCommand.test.ts > node/tools/bashCommand.test.ts > terminates a long-running command with 't' key
[Thread 019d8a16-a23b-728a-80df-a49bffa27ad7] myUpdate: tool-progress

stderr | node/chat/thread-compact.test.ts > auto-compact triggers when inputTokenCount exceeds 80% of context window
[winston] Attempt to write logs with no transports, which can increase memory usage: {"message":"Usage: inputTokens=1000 outputTokens=5000 cacheHits=0 cacheMisses=0 stopReason=end_turn","level":"info"}

stderr | node/chat/thread-compact.test.ts > auto-compact triggers when inputTokenCount exceeds 80% of context window
[Thread 019d8a16-a248-731c-b8c9-8e3a56a24002] myUpdate: tool-progress
[Thread 019d8a16-a248-731c-b8c9-8e3a56a24002] myUpdate: tool-progress
[Thread 019d8a16-a248-731c-b8c9-8e3a56a24002] myUpdate: tool-progress

stderr | node/chat/thread-compact.test.ts > auto-compact triggers when inputTokenCount exceeds 80% of context window
[Thread 019d8a16-a248-731c-b8c9-8e3a56a24002] myUpdate: tool-progress

stderr | node/chat/thread-compact.test.ts > auto-compact triggers when inputTokenCount exceeds 80% of context window
[Thread 019d8a16-a248-731c-b8c9-8e3a56a24002] myUpdate: tool-progress

stderr | node/tools/spawn-subagents.test.ts > foreach-style parallel agents > uses fast model for subagents when agentType is 'fast-edit'
getVar(magenta) failed: [1,"Key not found: magenta"]

stderr | node/tools/spawn-subagents.test.ts > foreach-style parallel agents > uses fast model for subagents when agentType is 'fast-edit'
getVar(magenta_display_window) failed: [1,"Key not found: magenta_display_window"]

stderr | node/tools/spawn-subagents.test.ts > foreach-style parallel agents > uses fast model for subagents when agentType is 'fast-edit'
[Thread 019d8a16-a36b-7599-8710-9208fae62237] myUpdate: send-message

stderr | node/tools/spawn-subagents.test.ts > foreach-style parallel agents > uses fast model for subagents when agentType is 'fast-edit'
[Thread 019d8a16-a36b-7599-8710-9208fae62237] myUpdate: tool-progress

stderr | node/tools/spawn-subagents.test.ts > foreach-style parallel agents > uses fast model for subagents when agentType is 'fast-edit'
[winston] Attempt to write logs with no transports, which can increase memory usage: {"message":"Usage: inputTokens=1000 outputTokens=5000 cacheHits=0 cacheMisses=0 stopReason=tool_use","level":"info"}

stderr | node/tools/spawn-subagents.test.ts > foreach-style parallel agents > uses fast model for subagents when agentType is 'fast-edit'
[Thread 019d8a16-a36b-7599-8710-9208fae62237] myUpdate: tool-progress

stderr | node/tools/spawn-subagents.test.ts > foreach-style parallel agents > uses fast model for subagents when agentType is 'fast-edit'
[Thread 019d8a16-a37f-733d-8df7-901da6233527] myUpdate: send-message

stderr | node/tools/spawn-subagents.test.ts > foreach-style parallel agents > uses fast model for subagents when agentType is 'fast-edit'
[Thread 019d8a16-a37f-733d-8df7-901da6233527] myUpdate: tool-progress
[Thread 019d8a16-a36b-7599-8710-9208fae62237] myUpdate: tool-progress

stderr | node/chat/thread-compact.test.ts > auto-compact triggers when inputTokenCount exceeds 80% of context window
[winston] Attempt to write logs with no transports, which can increase memory usage: {"message":"Usage: inputTokens=1000 outputTokens=5000 cacheHits=0 cacheMisses=0 stopReason=end_turn","level":"info"}

stderr | node/chat/thread-compact.test.ts > auto-compact triggers when inputTokenCount exceeds 80% of context window
[Thread 019d8a16-a248-731c-b8c9-8e3a56a24002] myUpdate: tool-progress

stderr | node/tools/getFile.test.ts > should continue to add text files to context normally
getVar(magenta) failed: [1,"Key not found: magenta"]

stderr | node/tools/getFile.test.ts > should continue to add text files to context normally
getVar(magenta_display_window) failed: [1,"Key not found: magenta_display_window"]

stderr | node/tools/getFile.test.ts > should continue to add text files to context normally
[Thread 019d8a16-a387-75a1-8607-81ea7855d335] myUpdate: send-message

stderr | node/tools/getFile.test.ts > should continue to add text files to context normally
[Thread 019d8a16-a387-75a1-8607-81ea7855d335] myUpdate: tool-progress

stderr | node/tools/getFile.test.ts > should continue to add text files to context normally
[winston] Attempt to write logs with no transports, which can increase memory usage: {"message":"Usage: inputTokens=1000 outputTokens=5000 cacheHits=0 cacheMisses=0 stopReason=tool_use","level":"info"}

stderr | node/tools/getFile.test.ts > should continue to add text files to context normally
[Thread 019d8a16-a387-75a1-8607-81ea7855d335] myUpdate: tool-progress

stderr | node/tools/getFile.test.ts > should continue to add text files to context normally
[Thread 019d8a16-a387-75a1-8607-81ea7855d335] myUpdate: tool-progress

stderr | node/tools/getFile.test.ts > should continue to add text files to context normally
[Thread 019d8a16-a387-75a1-8607-81ea7855d335] myUpdate: tool-progress

stderr | node/tools/getFile.test.ts > should continue to add text files to context normally
[Thread 019d8a16-a387-75a1-8607-81ea7855d335] myUpdate: tool-progress

stderr | node/providers/skills.test.ts > Skills > handles non-existent skills directory gracefully
getVar(magenta) failed: [1,"Key not found: magenta"]

stderr | node/tools/spawn-subagents.test.ts > foreach-style parallel agents > uses fast model for subagents when agentType is 'fast-edit'
[Thread 019d8a16-a36b-7599-8710-9208fae62237] myUpdate: tool-progress

stderr | node/buf-enter.test.ts > node/buf-enter.test.ts > magenta buffer in non-magenta window > should switch sidebar to the correct thread when a magenta display buffer is opened in a code window
getVar(magenta) failed: [1,"Key not found: magenta"]

stderr | node/providers/skills.test.ts > Skills > handles non-existent skills directory gracefully
getVar(magenta_display_window) failed: [1,"Key not found: magenta_display_window"]

stderr | node/tools/spawn-subagents.test.ts > foreach-style parallel agents > uses fast model for subagents when agentType is 'fast-edit'
[Thread 019d8a16-a37f-733d-8df7-901da6233527] myUpdate: tool-progress

stderr | node/buf-enter.test.ts > node/buf-enter.test.ts > magenta buffer in non-magenta window > should switch sidebar to the correct thread when a magenta display buffer is opened in a code window
getVar(magenta_display_window) failed: [1,"Key not found: magenta_display_window"]

stderr | node/chat/thread-compact.test.ts > auto-compact triggers when inputTokenCount exceeds 80% of context window
[Thread 019d8a16-a248-731c-b8c9-8e3a56a24002] myUpdate: tool-progress

stderr | node/chat/thread-abort.test.ts > removes server_tool_use content when aborted before receiving results
getVar(magenta) failed: [1,"Key not found: magenta"]

stderr | node/chat/thread-abort.test.ts > removes server_tool_use content when aborted before receiving results
getVar(magenta_display_window) failed: [1,"Key not found: magenta_display_window"]

stderr | node/chat/thread-abort.test.ts > removes server_tool_use content when aborted before receiving results
[Thread 019d8a16-a3a3-7632-87b3-e53d94326d49] myUpdate: send-message

stderr | node/chat/thread-abort.test.ts > removes server_tool_use content when aborted before receiving results
[Thread 019d8a16-a3a3-7632-87b3-e53d94326d49] myUpdate: tool-progress

stderr | node/tools/getFile.test.ts > should continue to add text files to context normally
[Thread 019d8a16-a387-75a1-8607-81ea7855d335] myUpdate: tool-progress

stderr | node/chat/thread-abort.test.ts > removes server_tool_use content when aborted before receiving results
[Thread 019d8a16-a3a3-7632-87b3-e53d94326d49] myUpdate: tool-progress

stderr | node/tools/bashCommand.test.ts > node/tools/bashCommand.test.ts > ensures a command is executed only once
getVar(magenta) failed: [1,"Key not found: magenta"]

stderr | node/tools/bashCommand.test.ts > node/tools/bashCommand.test.ts > ensures a command is executed only once
getVar(magenta_display_window) failed: [1,"Key not found: magenta_display_window"]

stderr | node/tools/bashCommand.test.ts > node/tools/bashCommand.test.ts > ensures a command is executed only once
[Thread 019d8a16-a3d1-7727-98cf-2da6d11cfb7a] myUpdate: send-message

stderr | node/tools/bashCommand.test.ts > node/tools/bashCommand.test.ts > ensures a command is executed only once
[Thread 019d8a16-a3d1-7727-98cf-2da6d11cfb7a] myUpdate: tool-progress

stderr | node/tools/bashCommand.test.ts > node/tools/bashCommand.test.ts > ensures a command is executed only once
[winston] Attempt to write logs with no transports, which can increase memory usage: {"message":"Usage: inputTokens=1000 outputTokens=5000 cacheHits=0 cacheMisses=0 stopReason=tool_use","level":"info"}

stderr | node/tools/bashCommand.test.ts > node/tools/bashCommand.test.ts > ensures a command is executed only once
[Thread 019d8a16-a3d1-7727-98cf-2da6d11cfb7a] myUpdate: permission-pending-change
[Thread 019d8a16-a3d1-7727-98cf-2da6d11cfb7a] myUpdate: tool-progress

 ✓ node/core/src/context/context-manager.test.ts (13 tests) 5ms
stderr | node/tools/getFile.test.ts > should continue to add text files to context normally
[winston] Attempt to write logs with no transports, which can increase memory usage: {"message":"Usage: inputTokens=1000 outputTokens=5000 cacheHits=0 cacheMisses=0 stopReason=end_turn","level":"info"}

stderr | node/tools/getFile.test.ts > should continue to add text files to context normally
[Thread 019d8a16-a387-75a1-8607-81ea7855d335] myUpdate: tool-progress

stderr | node/tools/getFile.test.ts > should continue to add text files to context normally
Error scrolling to last user message: undefined
undefined

stderr | node/tools/bashCommand.test.ts > node/tools/bashCommand.test.ts > ensures a command is executed only once
[Thread 019d8a16-a3d1-7727-98cf-2da6d11cfb7a] myUpdate: tool-progress

stderr | node/chat/thread-abort.test.ts > removes server_tool_use content when aborted before receiving results
[Thread 019d8a16-a3a3-7632-87b3-e53d94326d49] myUpdate: abort

stderr | node/chat/thread-abort.test.ts > removes server_tool_use content when aborted before receiving results
[Thread 019d8a16-a3a3-7632-87b3-e53d94326d49] myUpdate: tool-progress
[Thread 019d8a16-a3a3-7632-87b3-e53d94326d49] myUpdate: tool-progress

stderr | node/tools/getFile.test.ts > should continue to add text files to context normally
[Thread 019d8a16-a387-75a1-8607-81ea7855d335] myUpdate: tool-progress

 ✓ node/buf-enter.test.ts (9 tests) 3628ms
   ✓ node/buf-enter.test.ts > non-magenta buffer in magenta window > should eject a non-magenta buffer from the display window and restore the magenta buffer  955ms
   ✓ node/buf-enter.test.ts > non-magenta buffer in magenta window > should eject a non-magenta buffer from the input window  324ms
   ✓ node/buf-enter.test.ts > should create a new window when ejecting a buffer with only magenta windows visible  340ms
   ✓ node/buf-enter.test.ts > magenta buffer navigation within magenta windows > should sync input buffer when ctrl-o navigates to a different thread's display buffer  392ms
   ✓ node/buf-enter.test.ts > magenta buffer navigation within magenta windows > should sync display buffer when an input buffer appears in the input window for a different thread  336ms
   ✓ node/buf-enter.test.ts > should coerce an input buffer opened in the display window to the correct windows  380ms
   ✓ node/buf-enter.test.ts > magenta buffer in non-magenta window > should switch sidebar to the correct thread when a magenta display buffer is opened in a code window  421ms
 ✓ node/chat/thread-abort.test.ts (8 tests) 3622ms
   ✓ forks a thread while streaming by aborting the stream first  818ms
   ✓ forks a thread while waiting for tool use by aborting pending tools first  316ms
   ✓ aborts tool use when sending new message while tool is executing  529ms
   ✓ inserts error tool results when aborting while stopped waiting for tool use  534ms
   ✓ clears pending file permission checks when aborting  371ms
   ✓ clears pending permissions when sending a new message during tool_use  503ms
stderr | node/tools/bashCommand.test.ts > node/tools/bashCommand.test.ts > ensures a command is executed only once
[Thread 019d8a16-a3d1-7727-98cf-2da6d11cfb7a] myUpdate: permission-pending-change

stderr | node/providers/skills.test.ts > Skills > includes skills in system prompt not user messages
getVar(magenta) failed: [1,"Key not found: magenta"]

stderr | node/context/context-manager.test.ts > context-files end-to-end
getVar(magenta) failed: [1,"Key not found: magenta"]

stderr | node/providers/skills.test.ts > Skills > includes skills in system prompt not user messages
getVar(magenta_display_window) failed: [1,"Key not found: magenta_display_window"]

stderr | node/context/context-manager.test.ts > context-files end-to-end
getVar(magenta_display_window) failed: [1,"Key not found: magenta_display_window"]

stderr | node/providers/skills.test.ts > Skills > includes skills in system prompt not user messages
[Thread 019d8a16-a446-7107-905c-b4918966e3ea] myUpdate: send-message

stderr | node/providers/skills.test.ts > Skills > includes skills in system prompt not user messages
[Thread 019d8a16-a446-7107-905c-b4918966e3ea] myUpdate: tool-progress

stderr | node/context/context-manager.test.ts > context-files end-to-end
[Thread 019d8a16-a459-75c8-8816-238be172d522] myUpdate: tool-progress

stderr | node/tools/bashCommand.test.ts > node/tools/bashCommand.test.ts > ensures a command is executed only once
[Thread 019d8a16-a3d1-7727-98cf-2da6d11cfb7a] myUpdate: tool-progress

stderr | node/tools/bashCommand.test.ts > node/tools/bashCommand.test.ts > ensures a command is executed only once
[Thread 019d8a16-a3d1-7727-98cf-2da6d11cfb7a] myUpdate: tool-progress

stderr | node/providers/skills.test.ts > Skills > includes skills in system prompt not user messages
[winston] Attempt to write logs with no transports, which can increase memory usage: {"message":"Usage: inputTokens=1000 outputTokens=5000 cacheHits=0 cacheMisses=0 stopReason=end_turn","level":"info"}

stderr | node/providers/skills.test.ts > Skills > includes skills in system prompt not user messages
[Thread 019d8a16-a446-7107-905c-b4918966e3ea] myUpdate: tool-progress

stderr | node/providers/skills.test.ts > Skills > includes skills in system prompt not user messages
[Thread 019d8a16-a446-7107-905c-b4918966e3ea] myUpdate: send-message

stderr | node/providers/skills.test.ts > Skills > includes skills in system prompt not user messages
[Thread 019d8a16-a446-7107-905c-b4918966e3ea] myUpdate: tool-progress

 ✓ node/providers/skills.test.ts (11 tests) 3729ms
   ✓ Skills > loads skills from a directory with skill.md  816ms
   ✓ Skills > skips skills with missing required fields  352ms
   ✓ Skills > warns about duplicate skill names  335ms
   ✓ Skills > includes skills in system prompt  323ms
   ✓ Skills > handles frontmatter with values that are invalid in strict YAML  303ms
stderr | node/tools/bashCommand.test.ts > node/tools/bashCommand.test.ts > ensures a command is executed only once
[Thread 019d8a16-a3d1-7727-98cf-2da6d11cfb7a] myUpdate: tool-progress

stderr | node/tools/spawn-subagents.test.ts > foreach-style parallel agents > handles subagent errors gracefully and continues
getVar(magenta) failed: [1,"Key not found: magenta"]

stderr | node/tools/spawn-subagents.test.ts > foreach-style parallel agents > handles subagent errors gracefully and continues
getVar(magenta_display_window) failed: [1,"Key not found: magenta_display_window"]

stderr | node/tools/spawn-subagents.test.ts > foreach-style parallel agents > handles subagent errors gracefully and continues
[Thread 019d8a16-a48b-76cd-b350-6ca33e472dd5] myUpdate: send-message

stderr | node/tools/spawn-subagents.test.ts > foreach-style parallel agents > handles subagent errors gracefully and continues
[Thread 019d8a16-a48b-76cd-b350-6ca33e472dd5] myUpdate: tool-progress

stderr | node/tools/spawn-subagents.test.ts > foreach-style parallel agents > handles subagent errors gracefully and continues
[winston] Attempt to write logs with no transports, which can increase memory usage: {"message":"Usage: inputTokens=1000 outputTokens=5000 cacheHits=0 cacheMisses=0 stopReason=tool_use","level":"info"}

stderr | node/render-tools/spawn-subagents.test.ts > node/render-tools/spawn-subagents.test.ts > formats thread status correctly for different states
getVar(magenta) failed: [1,"Key not found: magenta"]

stderr | node/tools/spawn-subagents.test.ts > foreach-style parallel agents > handles subagent errors gracefully and continues
[Thread 019d8a16-a48b-76cd-b350-6ca33e472dd5] myUpdate: tool-progress

stderr | node/tools/spawn-subagents.test.ts > foreach-style parallel agents > handles subagent errors gracefully and continues
[Thread 019d8a16-a4a2-731f-8e1e-cf21d60b5a8a] myUpdate: send-message

stderr | node/tools/spawn-subagents.test.ts > foreach-style parallel agents > handles subagent errors gracefully and continues
[Thread 019d8a16-a4a2-731f-8e1e-cf21d60b5a8a] myUpdate: tool-progress
[Thread 019d8a16-a48b-76cd-b350-6ca33e472dd5] myUpdate: tool-progress

stderr | node/tools/spawn-subagents.test.ts > foreach-style parallel agents > handles subagent errors gracefully and continues
[Thread 019d8a16-a4a5-7539-a6e2-19330876d547] myUpdate: send-message

stderr | node/render-tools/spawn-subagents.test.ts > node/render-tools/spawn-subagents.test.ts > formats thread status correctly for different states
getVar(magenta_display_window) failed: [1,"Key not found: magenta_display_window"]

stderr | node/tools/spawn-subagents.test.ts > foreach-style parallel agents > handles subagent errors gracefully and continues
[Thread 019d8a16-a4a5-7539-a6e2-19330876d547] myUpdate: tool-progress
[Thread 019d8a16-a48b-76cd-b350-6ca33e472dd5] myUpdate: tool-progress

stderr | node/render-tools/spawn-subagents.test.ts > node/render-tools/spawn-subagents.test.ts > formats thread status correctly for different states
[Thread 019d8a16-a492-773e-bb07-55eeea90b6b4] myUpdate: send-message

stderr | node/render-tools/spawn-subagents.test.ts > node/render-tools/spawn-subagents.test.ts > formats thread status correctly for different states
[Thread 019d8a16-a492-773e-bb07-55eeea90b6b4] myUpdate: tool-progress

stderr | node/render-tools/spawn-subagents.test.ts > node/render-tools/spawn-subagents.test.ts > formats thread status correctly for different states
[winston] Attempt to write logs with no transports, which can increase memory usage: {"message":"Usage: inputTokens=1000 outputTokens=5000 cacheHits=0 cacheMisses=0 stopReason=end_turn","level":"info"}

stderr | node/render-tools/spawn-subagents.test.ts > node/render-tools/spawn-subagents.test.ts > formats thread status correctly for different states
[Thread 019d8a16-a492-773e-bb07-55eeea90b6b4] myUpdate: tool-progress

stderr | node/chat/thread-compact.test.ts > compaction history records steps from multi-chunk compaction
getVar(magenta) failed: [1,"Key not found: magenta"]

stderr | node/chat/thread-compact.test.ts > compaction history records steps from multi-chunk compaction
getVar(magenta_display_window) failed: [1,"Key not found: magenta_display_window"]

stderr | node/chat/thread-compact.test.ts > compaction history records steps from multi-chunk compaction
[Thread 019d8a16-a49c-70ee-9325-32c4667bdd86] myUpdate: send-message

stderr | node/chat/thread-compact.test.ts > compaction history records steps from multi-chunk compaction
[Thread 019d8a16-a49c-70ee-9325-32c4667bdd86] myUpdate: tool-progress

stderr | node/chat/thread-compact.test.ts > compaction history records steps from multi-chunk compaction
[winston] Attempt to write logs with no transports, which can increase memory usage: {"message":"Usage: inputTokens=1000 outputTokens=5000 cacheHits=0 cacheMisses=0 stopReason=end_turn","level":"info"}

stderr | node/chat/thread-compact.test.ts > compaction history records steps from multi-chunk compaction
[Thread 019d8a16-a49c-70ee-9325-32c4667bdd86] myUpdate: tool-progress

stderr | node/chat/thread-compact.test.ts > compaction history records steps from multi-chunk compaction
[Thread 019d8a16-a49c-70ee-9325-32c4667bdd86] myUpdate: send-message

stderr | node/chat/thread-compact.test.ts > compaction history records steps from multi-chunk compaction
[Thread 019d8a16-a49c-70ee-9325-32c4667bdd86] myUpdate: tool-progress

stderr | node/chat/thread-compact.test.ts > compaction history records steps from multi-chunk compaction
[winston] Attempt to write logs with no transports, which can increase memory usage: {"message":"Usage: inputTokens=1000 outputTokens=5000 cacheHits=0 cacheMisses=0 stopReason=end_turn","level":"info"}

stderr | node/chat/thread-compact.test.ts > compaction history records steps from multi-chunk compaction
[Thread 019d8a16-a49c-70ee-9325-32c4667bdd86] myUpdate: tool-progress

stderr | node/render-tools/spawn-subagents.test.ts > node/render-tools/spawn-subagents.test.ts > formats thread status correctly for different states
[Thread 019d8a16-a4a7-726d-bafe-e88487e0f85c] myUpdate: send-message

stderr | node/render-tools/spawn-subagents.test.ts > node/render-tools/spawn-subagents.test.ts > formats thread status correctly for different states
[Thread 019d8a16-a4a7-726d-bafe-e88487e0f85c] myUpdate: tool-progress

stderr | node/render-tools/spawn-subagents.test.ts > node/render-tools/spawn-subagents.test.ts > formats thread status correctly for different states
[winston] Attempt to write logs with no transports, which can increase memory usage: {"message":"Usage: inputTokens=1000 outputTokens=5000 cacheHits=0 cacheMisses=0 stopReason=tool_use","level":"info"}

stderr | node/render-tools/spawn-subagents.test.ts > node/render-tools/spawn-subagents.test.ts > formats thread status correctly for different states
[Thread 019d8a16-a4a7-726d-bafe-e88487e0f85c] myUpdate: tool-progress

stderr | node/chat/thread-compact.test.ts > compaction history records steps from multi-chunk compaction
[Thread 019d8a16-a49c-70ee-9325-32c4667bdd86] myUpdate: start-compaction
[Thread 019d8a16-a49c-70ee-9325-32c4667bdd86] myUpdate: tool-progress

stderr | node/chat/thread-compact.test.ts > compaction history records steps from multi-chunk compaction
[winston] Attempt to write logs with no transports, which can increase memory usage: {"message":"Usage: inputTokens=1000 outputTokens=5000 cacheHits=0 cacheMisses=0 stopReason=tool_use","level":"info"}

stderr | node/chat/thread-compact.test.ts > compaction history records steps from multi-chunk compaction
[Thread 019d8a16-a49c-70ee-9325-32c4667bdd86] myUpdate: tool-progress

stderr | node/render-tools/spawn-subagents.test.ts > node/render-tools/spawn-subagents.test.ts > formats thread status correctly for different states
[Thread 019d8a16-a4ba-73ec-8b08-e39542657e49] myUpdate: send-message

stderr | node/render-tools/spawn-subagents.test.ts > node/render-tools/spawn-subagents.test.ts > formats thread status correctly for different states
[Thread 019d8a16-a4ba-73ec-8b08-e39542657e49] myUpdate: tool-progress
[Thread 019d8a16-a4a7-726d-bafe-e88487e0f85c] myUpdate: tool-progress

stderr | node/tools/spawn-subagents.test.ts > foreach-style parallel agents > handles subagent errors gracefully and continues
[Thread 019d8a16-a48b-76cd-b350-6ca33e472dd5] myUpdate: tool-progress

stderr | node/tools/spawn-subagents.test.ts > foreach-style parallel agents > handles subagent errors gracefully and continues
[Thread 019d8a16-a4a2-731f-8e1e-cf21d60b5a8a] myUpdate: tool-progress

stderr | node/tools/spawn-subagents.test.ts > foreach-style parallel agents > handles subagent errors gracefully and continues
[Thread 019d8a16-a4a5-7539-a6e2-19330876d547] myUpdate: tool-progress

stderr | node/render-tools/spawn-subagents.test.ts > node/render-tools/spawn-subagents.test.ts > formats thread status correctly for different states
[Thread 019d8a16-a492-773e-bb07-55eeea90b6b4] myUpdate: tool-progress

stderr | node/context/context-manager.test.ts > context-files end-to-end
[Thread 019d8a16-a459-75c8-8816-238be172d522] myUpdate: send-message

stderr | node/context/context-manager.test.ts > context-files end-to-end
[Thread 019d8a16-a459-75c8-8816-238be172d522] myUpdate: tool-progress

stderr | node/chat/thread-compact.test.ts > compaction history records steps from multi-chunk compaction
[Thread 019d8a16-a49c-70ee-9325-32c4667bdd86] myUpdate: tool-progress

stderr | node/render-tools/spawn-subagents.test.ts > node/render-tools/spawn-subagents.test.ts > formats thread status correctly for different states
[Thread 019d8a16-a4a7-726d-bafe-e88487e0f85c] myUpdate: tool-progress

stderr | node/render-tools/spawn-subagents.test.ts > node/render-tools/spawn-subagents.test.ts > formats thread status correctly for different states
[Thread 019d8a16-a4ba-73ec-8b08-e39542657e49] myUpdate: tool-progress

stderr | node/context/context-manager.test.ts > context-files end-to-end
[Thread 019d8a16-a459-75c8-8816-238be172d522] myUpdate: tool-progress

stderr | node/tools/spawn-subagents.test.ts > foreach-style parallel agents > handles subagent errors gracefully and continues
AnthropicError: Simulated subagent error
    at [90mfile:///Users/denis.lantsman/src/magenta.nvim/[39mnode_modules/[4m@anthropic-ai/sdk[24m/src/lib/MessageStream.ts:384:46 {
  cause: Error: Simulated subagent error
      at [90m/Users/denis.lantsman/src/magenta.nvim/[39mnode/tools/spawn-subagents.test.ts:674:42
      at [90m/Users/denis.lantsman/src/magenta.nvim/[39mnode/test/preamble.ts:501:11
      at withMockClient [90m(/Users/denis.lantsman/src/magenta.nvim/[39mnode/providers/mock.ts:381:5[90m)[39m
      at withNvimProcess.setupFiles [90m(/Users/denis.lantsman/src/magenta.nvim/[39mnode/test/preamble.ts:467:7[90m)[39m
      at withNvimProcess [90m(/Users/denis.lantsman/src/magenta.nvim/[39mnode/test/preamble.ts:332:5[90m)[39m
      at withDriver [90m(/Users/denis.lantsman/src/magenta.nvim/[39mnode/test/preamble.ts:448:10[90m)[39m
      at [90m/Users/denis.lantsman/src/magenta.nvim/[39mnode/tools/spawn-subagents.test.ts:636:5
      at [90mfile:///Users/denis.lantsman/src/magenta.nvim/[39mnode_modules/[4m@vitest/runner[24m/dist/chunk-hooks.js:752:20
}

stderr | node/chat/thread-compact.test.ts > compaction history records steps from multi-chunk compaction
[winston] Attempt to write logs with no transports, which can increase memory usage: {"message":"Usage: inputTokens=1000 outputTokens=5000 cacheHits=0 cacheMisses=0 stopReason=end_turn","level":"info"}

stderr | node/tools/spawn-subagents.test.ts > foreach-style parallel agents > handles subagent errors gracefully and continues
[Thread 019d8a16-a4a2-731f-8e1e-cf21d60b5a8a] myUpdate: tool-progress

 ↓ node/providers/copilot.test.ts (1 test | 1 skipped)
stderr | node/tools/spawn-subagents.test.ts > foreach-style parallel agents > handles subagent errors gracefully and continues
[winston] Attempt to write logs with no transports, which can increase memory usage: {"message":"Usage: inputTokens=1000 outputTokens=5000 cacheHits=0 cacheMisses=0 stopReason=tool_use","level":"info"}

stderr | node/tools/spawn-subagents.test.ts > foreach-style parallel agents > handles subagent errors gracefully and continues
[Thread 019d8a16-a4a5-7539-a6e2-19330876d547] myUpdate: tool-progress
[Thread 019d8a16-a4a5-7539-a6e2-19330876d547] myUpdate: tool-progress
[Thread 019d8a16-a4a5-7539-a6e2-19330876d547] myUpdate: tool-progress
[Thread 019d8a16-a4a5-7539-a6e2-19330876d547] myUpdate: tool-progress

stderr | node/tools/spawn-subagents.test.ts > foreach-style parallel agents > handles subagent errors gracefully and continues
[Thread 019d8a16-a48b-76cd-b350-6ca33e472dd5] myUpdate: tool-progress

stderr | node/tools/spawn-subagents.test.ts > foreach-style parallel agents > handles subagent errors gracefully and continues
[Thread 019d8a16-a48b-76cd-b350-6ca33e472dd5] myUpdate: tool-progress

stderr | node/tools/getFile.test.ts > should handle mixed content types in a single conversation
getVar(magenta) failed: [1,"Key not found: magenta"]

stderr | node/tools/getFile.test.ts > should handle mixed content types in a single conversation
getVar(magenta_display_window) failed: [1,"Key not found: magenta_display_window"]

stderr | node/chat/thread-compact.test.ts > compaction history records steps from multi-chunk compaction
[winston] Attempt to write logs with no transports, which can increase memory usage: {"message":"Usage: inputTokens=1000 outputTokens=5000 cacheHits=0 cacheMisses=0 stopReason=tool_use","level":"info"}

stderr | node/tools/getFile.test.ts > should handle mixed content types in a single conversation
[Thread 019d8a16-a570-73a9-8b72-8f07ed65c16b] myUpdate: send-message

stderr | node/tools/getFile.test.ts > should handle mixed content types in a single conversation
[Thread 019d8a16-a570-73a9-8b72-8f07ed65c16b] myUpdate: tool-progress

stderr | node/tools/getFile.test.ts > should handle mixed content types in a single conversation
[winston] Attempt to write logs with no transports, which can increase memory usage: {"message":"Usage: inputTokens=1000 outputTokens=5000 cacheHits=0 cacheMisses=0 stopReason=tool_use","level":"info"}

stderr | node/tools/getFile.test.ts > should handle mixed content types in a single conversation
[Thread 019d8a16-a570-73a9-8b72-8f07ed65c16b] myUpdate: tool-progress

stderr | node/tools/getFile.test.ts > should handle mixed content types in a single conversation
[Thread 019d8a16-a570-73a9-8b72-8f07ed65c16b] myUpdate: tool-progress

stderr | node/tools/getFile.test.ts > should handle mixed content types in a single conversation
[Thread 019d8a16-a570-73a9-8b72-8f07ed65c16b] myUpdate: tool-progress

stderr | node/tools/getFile.test.ts > should handle mixed content types in a single conversation
[Thread 019d8a16-a570-73a9-8b72-8f07ed65c16b] myUpdate: tool-progress

stderr | node/tools/spawn-subagents.test.ts > foreach-style parallel agents > handles subagent errors gracefully and continues
[Thread 019d8a16-a4a5-7539-a6e2-19330876d547] myUpdate: tool-progress

stderr | node/tools/spawn-subagents.test.ts > foreach-style parallel agents > handles subagent errors gracefully and continues
[Thread 019d8a16-a48b-76cd-b350-6ca33e472dd5] myUpdate: tool-progress

stderr | node/tools/getFile.test.ts > should handle mixed content types in a single conversation
[Thread 019d8a16-a570-73a9-8b72-8f07ed65c16b] myUpdate: tool-progress

stderr | node/tools/spawn-subagents.test.ts > foreach-style parallel agents > handles subagent errors gracefully and continues
[winston] Attempt to write logs with no transports, which can increase memory usage: {"message":"Usage: inputTokens=1000 outputTokens=5000 cacheHits=0 cacheMisses=0 stopReason=end_turn","level":"info"}

stderr | node/tools/spawn-subagents.test.ts > foreach-style parallel agents > handles subagent errors gracefully and continues
[Thread 019d8a16-a48b-76cd-b350-6ca33e472dd5] myUpdate: tool-progress

stderr | node/render-tools/spawn-subagents.test.ts > node/render-tools/spawn-subagents.test.ts > spawn_subagents waits for completion and returns result
getVar(magenta) failed: [1,"Key not found: magenta"]

stderr | node/tools/bashCommand.test.ts > node/tools/bashCommand.test.ts > truncates display preview but preserves full output for agent
getVar(magenta) failed: [1,"Key not found: magenta"]

stderr | node/chat/thread-compact.test.ts > compaction history records steps from multi-chunk compaction
[winston] Attempt to write logs with no transports, which can increase memory usage: {"message":"Usage: inputTokens=1000 outputTokens=5000 cacheHits=0 cacheMisses=0 stopReason=end_turn","level":"info"}

stderr | node/tools/getFile.test.ts > should handle mixed content types in a single conversation
[winston] Attempt to write logs with no transports, which can increase memory usage: {"message":"Usage: inputTokens=1000 outputTokens=5000 cacheHits=0 cacheMisses=0 stopReason=end_turn","level":"info"}

stderr | node/tools/getFile.test.ts > should handle mixed content types in a single conversation
[Thread 019d8a16-a570-73a9-8b72-8f07ed65c16b] myUpdate: tool-progress

stderr | node/chat/thread-compact.test.ts > compaction history records steps from multi-chunk compaction
[Thread 019d8a16-a49c-70ee-9325-32c4667bdd86] myUpdate: tool-progress
[Thread 019d8a16-a49c-70ee-9325-32c4667bdd86] myUpdate: tool-progress
[Thread 019d8a16-a49c-70ee-9325-32c4667bdd86] myUpdate: tool-progress

stderr | node/chat/thread-compact.test.ts > compaction history records steps from multi-chunk compaction
[Thread 019d8a16-a49c-70ee-9325-32c4667bdd86] myUpdate: tool-progress

stderr | node/tools/getFile.test.ts > should handle mixed content types in a single conversation
[Thread 019d8a16-a570-73a9-8b72-8f07ed65c16b] myUpdate: send-message

stderr | node/render-tools/spawn-subagents.test.ts > node/render-tools/spawn-subagents.test.ts > spawn_subagents waits for completion and returns result
getVar(magenta_display_window) failed: [1,"Key not found: magenta_display_window"]

stderr | node/tools/bashCommand.test.ts > node/tools/bashCommand.test.ts > truncates display preview but preserves full output for agent
getVar(magenta_display_window) failed: [1,"Key not found: magenta_display_window"]

stderr | node/render-tools/spawn-subagents.test.ts > node/render-tools/spawn-subagents.test.ts > spawn_subagents waits for completion and returns result
[Thread 019d8a16-a5d0-7584-9647-21f14eab1abd] myUpdate: send-message

stderr | node/render-tools/spawn-subagents.test.ts > node/render-tools/spawn-subagents.test.ts > spawn_subagents waits for completion and returns result
[Thread 019d8a16-a5d0-7584-9647-21f14eab1abd] myUpdate: tool-progress

stderr | node/render-tools/spawn-subagents.test.ts > node/render-tools/spawn-subagents.test.ts > spawn_subagents waits for completion and returns result
[winston] Attempt to write logs with no transports, which can increase memory usage: {"message":"Usage: inputTokens=1000 outputTokens=5000 cacheHits=0 cacheMisses=0 stopReason=tool_use","level":"info"}

stderr | node/tools/bashCommand.test.ts > node/tools/bashCommand.test.ts > truncates display preview but preserves full output for agent
[Thread 019d8a16-a5d5-773e-9ebd-13d2434ac1b3] myUpdate: send-message

stderr | node/tools/bashCommand.test.ts > node/tools/bashCommand.test.ts > truncates display preview but preserves full output for agent
[Thread 019d8a16-a5d5-773e-9ebd-13d2434ac1b3] myUpdate: tool-progress

stderr | node/render-tools/spawn-subagents.test.ts > node/render-tools/spawn-subagents.test.ts > spawn_subagents waits for completion and returns result
[Thread 019d8a16-a5d0-7584-9647-21f14eab1abd] myUpdate: tool-progress

stderr | node/tools/bashCommand.test.ts > node/tools/bashCommand.test.ts > truncates display preview but preserves full output for agent
[winston] Attempt to write logs with no transports, which can increase memory usage: {"message":"Usage: inputTokens=1000 outputTokens=5000 cacheHits=0 cacheMisses=0 stopReason=tool_use","level":"info"}

stderr | node/render-tools/spawn-subagents.test.ts > node/render-tools/spawn-subagents.test.ts > spawn_subagents waits for completion and returns result
[Thread 019d8a16-a5ef-71cc-afd1-bf61086e83dd] myUpdate: send-message

stderr | node/render-tools/spawn-subagents.test.ts > node/render-tools/spawn-subagents.test.ts > spawn_subagents waits for completion and returns result
[Thread 019d8a16-a5ef-71cc-afd1-bf61086e83dd] myUpdate: tool-progress
[Thread 019d8a16-a5d0-7584-9647-21f14eab1abd] myUpdate: tool-progress

stderr | node/tools/spawn-subagents.test.ts > foreach-style parallel agents > handles subagent errors gracefully and continues
[Thread 019d8a16-a48b-76cd-b350-6ca33e472dd5] myUpdate: tool-progress

stderr | node/tools/getFile.test.ts > should handle mixed content types in a single conversation
[Thread 019d8a16-a570-73a9-8b72-8f07ed65c16b] myUpdate: tool-progress

stderr | node/tools/bashCommand.test.ts > node/tools/bashCommand.test.ts > truncates display preview but preserves full output for agent
[Thread 019d8a16-a5d5-773e-9ebd-13d2434ac1b3] myUpdate: tool-progress

stderr | node/tools/getFile.test.ts > should handle mixed content types in a single conversation
[Thread 019d8a16-a570-73a9-8b72-8f07ed65c16b] myUpdate: tool-progress

stderr | node/chat/thread-compact.test.ts > compaction history records steps from multi-chunk compaction
[Thread 019d8a16-a49c-70ee-9325-32c4667bdd86] myUpdate: tool-progress

stderr | node/render-tools/spawn-subagents.test.ts > node/render-tools/spawn-subagents.test.ts > spawn_subagents waits for completion and returns result
[Thread 019d8a16-a5d0-7584-9647-21f14eab1abd] myUpdate: tool-progress

stderr | node/tools/bashCommand.test.ts > node/tools/bashCommand.test.ts > truncates display preview but preserves full output for agent
[Thread 019d8a16-a5d5-773e-9ebd-13d2434ac1b3] myUpdate: tool-progress

 ✓ node/core/src/agents/agents.test.ts (20 tests) 170ms
stderr | node/render-tools/spawn-subagents.test.ts > node/render-tools/spawn-subagents.test.ts > spawn_subagents waits for completion and returns result
[Thread 019d8a16-a5ef-71cc-afd1-bf61086e83dd] myUpdate: tool-progress

stderr | node/tools/bashCommand.test.ts > node/tools/bashCommand.test.ts > truncates display preview but preserves full output for agent
[Thread 019d8a16-a5d5-773e-9ebd-13d2434ac1b3] myUpdate: tool-progress

stderr | node/tools/bashCommand.test.ts > node/tools/bashCommand.test.ts > truncates display preview but preserves full output for agent
[Thread 019d8a16-a5d5-773e-9ebd-13d2434ac1b3] myUpdate: tool-progress

stderr | node/tools/bashCommand.test.ts > node/tools/bashCommand.test.ts > truncates display preview but preserves full output for agent
[Thread 019d8a16-a5d5-773e-9ebd-13d2434ac1b3] myUpdate: tool-progress

stderr | node/tools/bashCommand.test.ts > node/tools/bashCommand.test.ts > truncates display preview but preserves full output for agent
[Thread 019d8a16-a5d5-773e-9ebd-13d2434ac1b3] myUpdate: tool-progress

stderr | node/chat/thread-compact.test.ts > compaction history records steps from multi-chunk compaction
[winston] Attempt to write logs with no transports, which can increase memory usage: {"message":"Usage: inputTokens=1000 outputTokens=5000 cacheHits=0 cacheMisses=0 stopReason=end_turn","level":"info"}

stderr | node/chat/thread-compact.test.ts > compaction history records steps from multi-chunk compaction
[Thread 019d8a16-a49c-70ee-9325-32c4667bdd86] myUpdate: tool-progress

stderr | node/tools/getFile.test.ts > should handle mixed content types in a single conversation
[winston] Attempt to write logs with no transports, which can increase memory usage: {"message":"Usage: inputTokens=1000 outputTokens=5000 cacheHits=0 cacheMisses=0 stopReason=tool_use","level":"info"}

stderr | node/tools/getFile.test.ts > should handle mixed content types in a single conversation
[Thread 019d8a16-a570-73a9-8b72-8f07ed65c16b] myUpdate: tool-progress

stderr | node/context/context-manager.test.ts > handles file deletion during buffer tracking
getVar(magenta) failed: [1,"Key not found: magenta"]

stderr | node/render-tools/spawn-subagents.test.ts > node/render-tools/spawn-subagents.test.ts > spawn_subagents waits for completion and returns result
[winston] Attempt to write logs with no transports, which can increase memory usage: {"message":"Usage: inputTokens=1000 outputTokens=5000 cacheHits=0 cacheMisses=0 stopReason=tool_use","level":"info"}

stderr | node/render-tools/spawn-subagents.test.ts > node/render-tools/spawn-subagents.test.ts > spawn_subagents waits for completion and returns result
[Thread 019d8a16-a5ef-71cc-afd1-bf61086e83dd] myUpdate: tool-progress
[Thread 019d8a16-a5ef-71cc-afd1-bf61086e83dd] myUpdate: tool-progress
[Thread 019d8a16-a5ef-71cc-afd1-bf61086e83dd] myUpdate: tool-progress
[Thread 019d8a16-a5ef-71cc-afd1-bf61086e83dd] myUpdate: tool-progress

stderr | node/render-tools/spawn-subagents.test.ts > node/render-tools/spawn-subagents.test.ts > spawn_subagents waits for completion and returns result
[Thread 019d8a16-a5d0-7584-9647-21f14eab1abd] myUpdate: tool-progress

stderr | node/render-tools/spawn-subagents.test.ts > node/render-tools/spawn-subagents.test.ts > spawn_subagents waits for completion and returns result
[Thread 019d8a16-a5d0-7584-9647-21f14eab1abd] myUpdate: tool-progress

stderr | node/render-tools/spawn-subagents.test.ts > node/render-tools/spawn-subagents.test.ts > spawn_subagents waits for completion and returns result
Error scrolling to last user message: undefined
undefined

stderr | node/context/context-manager.test.ts > handles file deletion during buffer tracking
getVar(magenta_display_window) failed: [1,"Key not found: magenta_display_window"]

stderr | node/tools/getFile.test.ts > should handle mixed content types in a single conversation
[Thread 019d8a16-a570-73a9-8b72-8f07ed65c16b] myUpdate: tool-progress

stderr | node/tools/getFile.test.ts > should handle mixed content types in a single conversation
[Thread 019d8a16-a570-73a9-8b72-8f07ed65c16b] myUpdate: tool-progress

stderr | node/tools/getFile.test.ts > should handle mixed content types in a single conversation
[Thread 019d8a16-a570-73a9-8b72-8f07ed65c16b] myUpdate: tool-progress

stderr | node/context/context-manager.test.ts > handles file deletion during buffer tracking
[Thread 019d8a16-a645-7538-b650-7dd02a8bc052] myUpdate: tool-progress

stderr | node/chat/thread-compact.test.ts > compaction history records steps from multi-chunk compaction
[Thread 019d8a16-a49c-70ee-9325-32c4667bdd86] myUpdate: tool-progress

stderr | node/tools/getFile.test.ts > should handle mixed content types in a single conversation
[Thread 019d8a16-a570-73a9-8b72-8f07ed65c16b] myUpdate: tool-progress

stderr | node/render-tools/spawn-subagents.test.ts > node/render-tools/spawn-subagents.test.ts > spawn_subagents waits for completion and returns result
[Thread 019d8a16-a5ef-71cc-afd1-bf61086e83dd] myUpdate: tool-progress

stderr | node/render-tools/spawn-subagents.test.ts > node/render-tools/spawn-subagents.test.ts > spawn_subagents waits for completion and returns result
[Thread 019d8a16-a5d0-7584-9647-21f14eab1abd] myUpdate: tool-progress

stderr | node/tools/getFile.test.ts > should handle mixed content types in a single conversation
[winston] Attempt to write logs with no transports, which can increase memory usage: {"message":"Usage: inputTokens=1000 outputTokens=5000 cacheHits=0 cacheMisses=0 stopReason=end_turn","level":"info"}

stderr | node/tools/getFile.test.ts > should handle mixed content types in a single conversation
[Thread 019d8a16-a570-73a9-8b72-8f07ed65c16b] myUpdate: tool-progress

stderr | node/render-tools/spawn-subagents.test.ts > node/render-tools/spawn-subagents.test.ts > spawn_subagents waits for completion and returns result
[winston] Attempt to write logs with no transports, which can increase memory usage: {"message":"Usage: inputTokens=1000 outputTokens=5000 cacheHits=0 cacheMisses=0 stopReason=end_turn","level":"info"}

stderr | node/render-tools/spawn-subagents.test.ts > node/render-tools/spawn-subagents.test.ts > spawn_subagents waits for completion and returns result
[Thread 019d8a16-a5d0-7584-9647-21f14eab1abd] myUpdate: tool-progress

stderr | node/tools/getFile.test.ts > should handle mixed content types in a single conversation
[Thread 019d8a16-a570-73a9-8b72-8f07ed65c16b] myUpdate: send-message

stderr | node/tools/getFile.test.ts > should handle mixed content types in a single conversation
[Thread 019d8a16-a570-73a9-8b72-8f07ed65c16b] myUpdate: tool-progress

stderr | node/tools/getFile.test.ts > should handle mixed content types in a single conversation
[Thread 019d8a16-a570-73a9-8b72-8f07ed65c16b] myUpdate: tool-progress

stderr | node/render-tools/spawn-subagents.test.ts > node/render-tools/spawn-subagents.test.ts > spawn_subagents waits for completion and returns result
[Thread 019d8a16-a5d0-7584-9647-21f14eab1abd] myUpdate: tool-progress

stderr | node/context/context-manager.test.ts > handles file deletion during buffer tracking
getVar(magenta) failed: [1,"Key not found: magenta"]

stderr | node/tools/spawn-subagents.test.ts > per-agent expansion > toggles yielded text with = key on single agent result
getVar(magenta) failed: [1,"Key not found: magenta"]

stderr | node/tools/spawn-subagents.test.ts > per-agent expansion > toggles yielded text with = key on single agent result
getVar(magenta_display_window) failed: [1,"Key not found: magenta_display_window"]

stderr | node/chat/thread.test.ts > processes @diag keyword to include diagnostics in message
[Thread 019d8a16-a135-72bc-9a9f-6cff8fd94b5c] myUpdate: send-message

stderr | node/chat/thread.test.ts > processes @diag keyword to include diagnostics in message
[Thread 019d8a16-a135-72bc-9a9f-6cff8fd94b5c] myUpdate: tool-progress

stderr | node/tools/spawn-subagents.test.ts > per-agent expansion > toggles yielded text with = key on single agent result
[Thread 019d8a16-a700-74ef-9fd4-c0b0b183e7b6] myUpdate: send-message

stderr | node/tools/spawn-subagents.test.ts > per-agent expansion > toggles yielded text with = key on single agent result
[Thread 019d8a16-a700-74ef-9fd4-c0b0b183e7b6] myUpdate: tool-progress

stderr | node/chat/thread.test.ts > processes @diag keyword to include diagnostics in message
[winston] Attempt to write logs with no transports, which can increase memory usage: {"message":"Usage: inputTokens=1000 outputTokens=5000 cacheHits=0 cacheMisses=0 stopReason=end_turn","level":"info"}

stderr | node/tools/spawn-subagents.test.ts > per-agent expansion > toggles yielded text with = key on single agent result
[winston] Attempt to write logs with no transports, which can increase memory usage: {"message":"Usage: inputTokens=1000 outputTokens=5000 cacheHits=0 cacheMisses=0 stopReason=tool_use","level":"info"}

stderr | node/chat/thread.test.ts > processes @diag keyword to include diagnostics in message
[Thread 019d8a16-a135-72bc-9a9f-6cff8fd94b5c] myUpdate: tool-progress

stderr | node/tools/spawn-subagents.test.ts > per-agent expansion > toggles yielded text with = key on single agent result
[Thread 019d8a16-a700-74ef-9fd4-c0b0b183e7b6] myUpdate: tool-progress

stderr | node/tools/spawn-subagents.test.ts > per-agent expansion > toggles yielded text with = key on single agent result
[Thread 019d8a16-a71b-724a-80bf-f951706b1116] myUpdate: send-message

stderr | node/tools/spawn-subagents.test.ts > per-agent expansion > toggles yielded text with = key on single agent result
[Thread 019d8a16-a71b-724a-80bf-f951706b1116] myUpdate: tool-progress
[Thread 019d8a16-a700-74ef-9fd4-c0b0b183e7b6] myUpdate: tool-progress

stderr | node/tools/getFile.test.ts > should handle mixed content types in a single conversation
[winston] Attempt to write logs with no transports, which can increase memory usage: {"message":"Usage: inputTokens=1000 outputTokens=5000 cacheHits=0 cacheMisses=0 stopReason=tool_use","level":"info"}

stderr | node/tools/getFile.test.ts > should handle mixed content types in a single conversation
[Thread 019d8a16-a570-73a9-8b72-8f07ed65c16b] myUpdate: tool-progress

stderr | node/tools/getFile.test.ts > should handle mixed content types in a single conversation
[Thread 019d8a16-a570-73a9-8b72-8f07ed65c16b] myUpdate: tool-progress

stderr | node/tools/getFile.test.ts > should handle mixed content types in a single conversation
[Thread 019d8a16-a570-73a9-8b72-8f07ed65c16b] myUpdate: tool-progress

stderr | node/tools/getFile.test.ts > should handle mixed content types in a single conversation
[Thread 019d8a16-a570-73a9-8b72-8f07ed65c16b] myUpdate: tool-progress

stderr | node/chat/thread.test.ts > processes @diag keyword to include diagnostics in message
[Thread 019d8a16-a135-72bc-9a9f-6cff8fd94b5c] myUpdate: tool-progress

stderr | node/tools/spawn-subagents.test.ts > per-agent expansion > toggles yielded text with = key on single agent result
[Thread 019d8a16-a700-74ef-9fd4-c0b0b183e7b6] myUpdate: tool-progress

stderr | node/tools/spawn-subagents.test.ts > per-agent expansion > toggles yielded text with = key on single agent result
[Thread 019d8a16-a71b-724a-80bf-f951706b1116] myUpdate: tool-progress

stderr | node/tools/getFile.test.ts > should handle mixed content types in a single conversation
[Thread 019d8a16-a570-73a9-8b72-8f07ed65c16b] myUpdate: tool-progress

stderr | node/tools/spawn-subagents.test.ts > per-agent expansion > toggles yielded text with = key on single agent result
[winston] Attempt to write logs with no transports, which can increase memory usage: {"message":"Usage: inputTokens=1000 outputTokens=5000 cacheHits=0 cacheMisses=0 stopReason=tool_use","level":"info"}

stderr | node/tools/spawn-subagents.test.ts > per-agent expansion > toggles yielded text with = key on single agent result
[Thread 019d8a16-a71b-724a-80bf-f951706b1116] myUpdate: tool-progress
[Thread 019d8a16-a71b-724a-80bf-f951706b1116] myUpdate: tool-progress
[Thread 019d8a16-a71b-724a-80bf-f951706b1116] myUpdate: tool-progress
[Thread 019d8a16-a71b-724a-80bf-f951706b1116] myUpdate: tool-progress

stderr | node/tools/spawn-subagents.test.ts > per-agent expansion > toggles yielded text with = key on single agent result
[Thread 019d8a16-a700-74ef-9fd4-c0b0b183e7b6] myUpdate: tool-progress

stderr | node/tools/spawn-subagents.test.ts > per-agent expansion > toggles yielded text with = key on single agent result
[Thread 019d8a16-a700-74ef-9fd4-c0b0b183e7b6] myUpdate: tool-progress

stderr | node/tools/spawn-subagents.test.ts > per-agent expansion > toggles yielded text with = key on single agent result
Error scrolling to last user message: undefined
undefined

stderr | node/tools/getFile.test.ts > should handle mixed content types in a single conversation
[winston] Attempt to write logs with no transports, which can increase memory usage: {"message":"Usage: inputTokens=1000 outputTokens=5000 cacheHits=0 cacheMisses=0 stopReason=end_turn","level":"info"}

stderr | node/tools/getFile.test.ts > should handle mixed content types in a single conversation
[Thread 019d8a16-a570-73a9-8b72-8f07ed65c16b] myUpdate: tool-progress

stderr | node/tools/spawn-subagents.test.ts > per-agent expansion > toggles yielded text with = key on single agent result
[Thread 019d8a16-a71b-724a-80bf-f951706b1116] myUpdate: tool-progress

stderr | node/tools/spawn-subagents.test.ts > per-agent expansion > toggles yielded text with = key on single agent result
[Thread 019d8a16-a700-74ef-9fd4-c0b0b183e7b6] myUpdate: tool-progress

stderr | node/chat/thread-compact.test.ts > auto-compact does not trigger on compact threads
getVar(magenta) failed: [1,"Key not found: magenta"]

stderr | node/tools/bashCommand.test.ts > node/tools/bashCommand.test.ts > auto-approves commands with redundant cd <cwd> && prefix
getVar(magenta) failed: [1,"Key not found: magenta"]

stderr | node/chat/thread-compact.test.ts > auto-compact does not trigger on compact threads
getVar(magenta_display_window) failed: [1,"Key not found: magenta_display_window"]

stderr | node/chat/thread-compact.test.ts > auto-compact does not trigger on compact threads
[Thread 019d8a16-a790-773e-a87b-8fbae8d5c1a7] myUpdate: send-message

stderr | node/chat/thread-compact.test.ts > auto-compact does not trigger on compact threads
[Thread 019d8a16-a790-773e-a87b-8fbae8d5c1a7] myUpdate: tool-progress

stderr | node/chat/thread-compact.test.ts > auto-compact does not trigger on compact threads
[winston] Attempt to write logs with no transports, which can increase memory usage: {"message":"Usage: inputTokens=1000 outputTokens=5000 cacheHits=0 cacheMisses=0 stopReason=end_turn","level":"info"}

stderr | node/chat/thread-compact.test.ts > auto-compact does not trigger on compact threads
[Thread 019d8a16-a790-773e-a87b-8fbae8d5c1a7] myUpdate: tool-progress

stderr | node/tools/getFile.test.ts > should handle mixed content types in a single conversation
[Thread 019d8a16-a570-73a9-8b72-8f07ed65c16b] myUpdate: tool-progress

stderr | node/tools/bashCommand.test.ts > node/tools/bashCommand.test.ts > auto-approves commands with redundant cd <cwd> && prefix
getVar(magenta_display_window) failed: [1,"Key not found: magenta_display_window"]

stderr | node/tools/bashCommand.test.ts > node/tools/bashCommand.test.ts > auto-approves commands with redundant cd <cwd> && prefix
[Thread 019d8a16-a795-777d-bb76-ca81695a00ea] myUpdate: send-message

stderr | node/tools/bashCommand.test.ts > node/tools/bashCommand.test.ts > auto-approves commands with redundant cd <cwd> && prefix
[Thread 019d8a16-a795-777d-bb76-ca81695a00ea] myUpdate: tool-progress

stderr | node/tools/bashCommand.test.ts > node/tools/bashCommand.test.ts > auto-approves commands with redundant cd <cwd> && prefix
[winston] Attempt to write logs with no transports, which can increase memory usage: {"message":"Usage: inputTokens=1000 outputTokens=5000 cacheHits=0 cacheMisses=0 stopReason=tool_use","level":"info"}

stderr | node/context/context-manager.test.ts > issuing a getFile request adds the file to the context but doesn't send its contents twice
getVar(magenta) failed: [1,"Key not found: magenta"]

stderr | node/context/context-manager.test.ts > issuing a getFile request adds the file to the context but doesn't send its contents twice
getVar(magenta_display_window) failed: [1,"Key not found: magenta_display_window"]

stderr | node/context/context-manager.test.ts > issuing a getFile request adds the file to the context but doesn't send its contents twice
[Thread 019d8a16-a79d-7752-aa80-4a19ba13840e] myUpdate: send-message

stderr | node/context/context-manager.test.ts > issuing a getFile request adds the file to the context but doesn't send its contents twice
[Thread 019d8a16-a79d-7752-aa80-4a19ba13840e] myUpdate: tool-progress

stderr | node/context/context-manager.test.ts > issuing a getFile request adds the file to the context but doesn't send its contents twice
[winston] Attempt to write logs with no transports, which can increase memory usage: {"message":"Usage: inputTokens=1000 outputTokens=5000 cacheHits=0 cacheMisses=0 stopReason=tool_use","level":"info"}

stderr | node/context/context-manager.test.ts > issuing a getFile request adds the file to the context but doesn't send its contents twice
[Thread 019d8a16-a79d-7752-aa80-4a19ba13840e] myUpdate: tool-progress

stderr | node/context/context-manager.test.ts > issuing a getFile request adds the file to the context but doesn't send its contents twice
[Thread 019d8a16-a79d-7752-aa80-4a19ba13840e] myUpdate: tool-progress

stderr | node/context/context-manager.test.ts > issuing a getFile request adds the file to the context but doesn't send its contents twice
[Thread 019d8a16-a79d-7752-aa80-4a19ba13840e] myUpdate: tool-progress

stderr | node/context/context-manager.test.ts > issuing a getFile request adds the file to the context but doesn't send its contents twice
[Thread 019d8a16-a79d-7752-aa80-4a19ba13840e] myUpdate: tool-progress

stderr | node/tools/bashCommand.test.ts > node/tools/bashCommand.test.ts > auto-approves commands with redundant cd <cwd> && prefix
[Thread 019d8a16-a795-777d-bb76-ca81695a00ea] myUpdate: tool-progress

stderr | node/chat/thread-compact.test.ts > auto-compact does not trigger on compact threads
[Thread 019d8a16-a790-773e-a87b-8fbae8d5c1a7] myUpdate: tool-progress

stderr | node/tools/bashCommand.test.ts > node/tools/bashCommand.test.ts > auto-approves commands with redundant cd <cwd> && prefix
[Thread 019d8a16-a795-777d-bb76-ca81695a00ea] myUpdate: tool-progress

stderr | node/context/context-manager.test.ts > issuing a getFile request adds the file to the context but doesn't send its contents twice
[Thread 019d8a16-a79d-7752-aa80-4a19ba13840e] myUpdate: tool-progress

stderr | node/tools/spawn-subagents.test.ts > per-agent expansion > toggles yielded text with = key on single agent result
[Thread 019d8a16-a700-74ef-9fd4-c0b0b183e7b6] myUpdate: toggle-tool-result-item

stderr | node/tools/bashCommand.test.ts > node/tools/bashCommand.test.ts > auto-approves commands with redundant cd <cwd> && prefix
[Thread 019d8a16-a795-777d-bb76-ca81695a00ea] myUpdate: tool-progress

stderr | node/tools/bashCommand.test.ts > node/tools/bashCommand.test.ts > auto-approves commands with redundant cd <cwd> && prefix
[Thread 019d8a16-a795-777d-bb76-ca81695a00ea] myUpdate: tool-progress

stderr | node/tools/bashCommand.test.ts > node/tools/bashCommand.test.ts > auto-approves commands with redundant cd <cwd> && prefix
[Thread 019d8a16-a795-777d-bb76-ca81695a00ea] myUpdate: tool-progress

 ✓ node/tools/getFile.test.ts (8 tests) 4604ms
   ✓ render the getFile tool.  923ms
   ✓ should expand get_file tool input on <CR>  520ms
   ✓ getFile adds file to context after reading  511ms
   ✓ getFile reads unloaded buffer  437ms
   ✓ should add images to context manager  370ms
   ✓ should add PDFs to context manager  436ms
   ✓ should continue to add text files to context normally  518ms
   ✓ should handle mixed content types in a single conversation  888ms
stderr | node/render-tools/spawn-subagents.test.ts > node/render-tools/spawn-subagents.test.ts > navigates to subagent thread when clicking on spawn_subagents completed summary
getVar(magenta) failed: [1,"Key not found: magenta"]

stderr | node/render-tools/spawn-subagents.test.ts > node/render-tools/spawn-subagents.test.ts > navigates to subagent thread when clicking on spawn_subagents completed summary
getVar(magenta_display_window) failed: [1,"Key not found: magenta_display_window"]

stderr | node/render-tools/spawn-subagents.test.ts > node/render-tools/spawn-subagents.test.ts > navigates to subagent thread when clicking on spawn_subagents completed summary
[Thread 019d8a16-a7f1-732a-9e30-2d1a2b257fa7] myUpdate: send-message

stderr | node/render-tools/spawn-subagents.test.ts > node/render-tools/spawn-subagents.test.ts > navigates to subagent thread when clicking on spawn_subagents completed summary
[Thread 019d8a16-a7f1-732a-9e30-2d1a2b257fa7] myUpdate: tool-progress

stderr | node/render-tools/spawn-subagents.test.ts > node/render-tools/spawn-subagents.test.ts > navigates to subagent thread when clicking on spawn_subagents completed summary
[winston] Attempt to write logs with no transports, which can increase memory usage: {"message":"Usage: inputTokens=1000 outputTokens=5000 cacheHits=0 cacheMisses=0 stopReason=tool_use","level":"info"}

stderr | node/render-tools/spawn-subagents.test.ts > node/render-tools/spawn-subagents.test.ts > navigates to subagent thread when clicking on spawn_subagents completed summary
[Thread 019d8a16-a7f1-732a-9e30-2d1a2b257fa7] myUpdate: tool-progress

stderr | node/chat/thread-compact.test.ts > auto-compact does not trigger on compact threads
[Thread 019d8a16-a790-773e-a87b-8fbae8d5c1a7] myUpdate: start-compaction
[Thread 019d8a16-a790-773e-a87b-8fbae8d5c1a7] myUpdate: tool-progress

stderr | node/chat/thread-compact.test.ts > auto-compact does not trigger on compact threads
[winston] Attempt to write logs with no transports, which can increase memory usage: {"message":"Usage: inputTokens=1000 outputTokens=5000 cacheHits=0 cacheMisses=0 stopReason=tool_use","level":"info"}

stderr | node/chat/thread-compact.test.ts > auto-compact does not trigger on compact threads
[Thread 019d8a16-a790-773e-a87b-8fbae8d5c1a7] myUpdate: tool-progress

stderr | node/tools/bashCommand.test.ts > node/tools/bashCommand.test.ts > auto-approves commands with redundant cd <cwd> && prefix
[Thread 019d8a16-a795-777d-bb76-ca81695a00ea] myUpdate: tool-progress

stderr | node/render-tools/spawn-subagents.test.ts > node/render-tools/spawn-subagents.test.ts > navigates to subagent thread when clicking on spawn_subagents completed summary
[Thread 019d8a16-a80e-7278-be2b-6874f488a941] myUpdate: send-message

stderr | node/render-tools/spawn-subagents.test.ts > node/render-tools/spawn-subagents.test.ts > navigates to subagent thread when clicking on spawn_subagents completed summary
[Thread 019d8a16-a80e-7278-be2b-6874f488a941] myUpdate: tool-progress
[Thread 019d8a16-a7f1-732a-9e30-2d1a2b257fa7] myUpdate: tool-progress

stderr | node/render-tools/spawn-subagents.test.ts > node/render-tools/spawn-subagents.test.ts > navigates to subagent thread when clicking on spawn_subagents completed summary
[Thread 019d8a16-a7f1-732a-9e30-2d1a2b257fa7] myUpdate: tool-progress

stderr | node/render-tools/spawn-subagents.test.ts > node/render-tools/spawn-subagents.test.ts > navigates to subagent thread when clicking on spawn_subagents completed summary
[Thread 019d8a16-a80e-7278-be2b-6874f488a941] myUpdate: tool-progress

stderr | node/render-tools/spawn-subagents.test.ts > node/render-tools/spawn-subagents.test.ts > navigates to subagent thread when clicking on spawn_subagents completed summary
[winston] Attempt to write logs with no transports, which can increase memory usage: {"message":"Usage: inputTokens=1000 outputTokens=5000 cacheHits=0 cacheMisses=0 stopReason=tool_use","level":"info"}

stderr | node/render-tools/spawn-subagents.test.ts > node/render-tools/spawn-subagents.test.ts > navigates to subagent thread when clicking on spawn_subagents completed summary
[Thread 019d8a16-a80e-7278-be2b-6874f488a941] myUpdate: tool-progress
[Thread 019d8a16-a80e-7278-be2b-6874f488a941] myUpdate: tool-progress
[Thread 019d8a16-a80e-7278-be2b-6874f488a941] myUpdate: tool-progress
[Thread 019d8a16-a80e-7278-be2b-6874f488a941] myUpdate: tool-progress

stderr | node/render-tools/spawn-subagents.test.ts > node/render-tools/spawn-subagents.test.ts > navigates to subagent thread when clicking on spawn_subagents completed summary
[Thread 019d8a16-a7f1-732a-9e30-2d1a2b257fa7] myUpdate: tool-progress

stderr | node/render-tools/spawn-subagents.test.ts > node/render-tools/spawn-subagents.test.ts > navigates to subagent thread when clicking on spawn_subagents completed summary
[Thread 019d8a16-a7f1-732a-9e30-2d1a2b257fa7] myUpdate: tool-progress

stderr | node/render-tools/spawn-subagents.test.ts > node/render-tools/spawn-subagents.test.ts > navigates to subagent thread when clicking on spawn_subagents completed summary
Error scrolling to last user message: undefined
undefined

stderr | node/chat/thread-compact.test.ts > auto-compact does not trigger on compact threads
[winston] Attempt to write logs with no transports, which can increase memory usage: {"message":"Usage: inputTokens=1000 outputTokens=5000 cacheHits=0 cacheMisses=0 stopReason=end_turn","level":"info"}

stderr | node/chat/thread-compact.test.ts > auto-compact does not trigger on compact threads
[Thread 019d8a16-a790-773e-a87b-8fbae8d5c1a7] myUpdate: tool-progress
[Thread 019d8a16-a790-773e-a87b-8fbae8d5c1a7] myUpdate: tool-progress
[Thread 019d8a16-a790-773e-a87b-8fbae8d5c1a7] myUpdate: tool-progress

stderr | node/chat/thread-compact.test.ts > auto-compact does not trigger on compact threads
[Thread 019d8a16-a790-773e-a87b-8fbae8d5c1a7] myUpdate: tool-progress

stderr | node/render-tools/spawn-subagents.test.ts > node/render-tools/spawn-subagents.test.ts > navigates to subagent thread when clicking on spawn_subagents completed summary
[Thread 019d8a16-a80e-7278-be2b-6874f488a941] myUpdate: tool-progress

stderr | node/render-tools/spawn-subagents.test.ts > node/render-tools/spawn-subagents.test.ts > navigates to subagent thread when clicking on spawn_subagents completed summary
[Thread 019d8a16-a7f1-732a-9e30-2d1a2b257fa7] myUpdate: tool-progress

stderr | node/chat/thread-compact.test.ts > auto-compact does not trigger on compact threads
[Thread 019d8a16-a790-773e-a87b-8fbae8d5c1a7] myUpdate: tool-progress

stderr | node/chat/thread.test.ts > processes @diagnostics keyword to include diagnostics in message
getVar(magenta) failed: [1,"Key not found: magenta"]

stderr | node/chat/thread.test.ts > processes @diagnostics keyword to include diagnostics in message
getVar(magenta_display_window) failed: [1,"Key not found: magenta_display_window"]

 ✓ node/tea/update.test.ts (24 tests) 4785ms
   ✓ tea/update.test.ts > updates to and from empty string  685ms
   ✓ tea/update.test.ts > array nodes  307ms
   ✓ tea/update.test.ts > nodes after array nodes  353ms
   ✓ tea/update.test.ts > reproduces streaming block to edit transition  314ms
   ✓ tea/update.test.ts > adds extmarks to content that previously had none  328ms
   ✓ tea/update.test.ts > handles extmarks with multiline content updates  327ms
stderr | node/chat/thread-compact.test.ts > auto-compact does not trigger on compact threads
[winston] Attempt to write logs with no transports, which can increase memory usage: {"message":"Usage: inputTokens=1000 outputTokens=5000 cacheHits=0 cacheMisses=0 stopReason=end_turn","level":"info"}

stderr | node/chat/thread-compact.test.ts > auto-compact does not trigger on compact threads
[Thread 019d8a16-a790-773e-a87b-8fbae8d5c1a7] myUpdate: tool-progress

stderr | node/context/context-manager.test.ts > autoContext loads on startup and after new-thread
getVar(magenta) failed: [1,"Key not found: magenta"]

stderr | node/context/context-manager.test.ts > autoContext loads on startup and after new-thread
getVar(magenta_display_window) failed: [1,"Key not found: magenta_display_window"]

stderr | node/tools/bashCommand.test.ts > node/tools/bashCommand.test.ts > abbreviates long lines and trims output to token limit
getVar(magenta) failed: [1,"Key not found: magenta"]

stderr | node/tools/bashCommand.test.ts > node/tools/bashCommand.test.ts > abbreviates long lines and trims output to token limit
getVar(magenta_display_window) failed: [1,"Key not found: magenta_display_window"]

stderr | node/tools/bashCommand.test.ts > node/tools/bashCommand.test.ts > abbreviates long lines and trims output to token limit
[Thread 019d8a16-a8d8-7782-9a48-c68f44e260bb] myUpdate: send-message

stderr | node/tools/bashCommand.test.ts > node/tools/bashCommand.test.ts > abbreviates long lines and trims output to token limit
[Thread 019d8a16-a8d8-7782-9a48-c68f44e260bb] myUpdate: tool-progress

stderr | node/tools/bashCommand.test.ts > node/tools/bashCommand.test.ts > abbreviates long lines and trims output to token limit
[winston] Attempt to write logs with no transports, which can increase memory usage: {"message":"Usage: inputTokens=1000 outputTokens=5000 cacheHits=0 cacheMisses=0 stopReason=tool_use","level":"info"}

stderr | node/context/context-manager.test.ts > autoContext loads on startup and after new-thread
[Thread 019d8a16-a8e2-74cc-b2ed-7527fe55950a] myUpdate: send-message

stderr | node/context/context-manager.test.ts > autoContext loads on startup and after new-thread
[Thread 019d8a16-a8e2-74cc-b2ed-7527fe55950a] myUpdate: tool-progress

stderr | node/tools/bashCommand.test.ts > node/tools/bashCommand.test.ts > abbreviates long lines and trims output to token limit
[Thread 019d8a16-a8d8-7782-9a48-c68f44e260bb] myUpdate: tool-progress

stderr | node/chat/thread-compact.test.ts > auto-compact does not trigger on compact threads
[Thread 019d8a16-a790-773e-a87b-8fbae8d5c1a7] myUpdate: tool-progress

stderr | node/tools/bashCommand.test.ts > node/tools/bashCommand.test.ts > abbreviates long lines and trims output to token limit
[Thread 019d8a16-a8d8-7782-9a48-c68f44e260bb] myUpdate: tool-progress

stderr | node/tools/spawn-subagents.test.ts > per-agent expansion > toggles yielded text with = key on multi-agent result
getVar(magenta) failed: [1,"Key not found: magenta"]

stderr | node/context/context-manager.test.ts > autoContext loads on startup and after new-thread
[Thread 019d8a16-a8e2-74cc-b2ed-7527fe55950a] myUpdate: tool-progress

stderr | node/tools/spawn-subagents.test.ts > per-agent expansion > toggles yielded text with = key on multi-agent result
getVar(magenta_display_window) failed: [1,"Key not found: magenta_display_window"]

stderr | node/tools/spawn-subagents.test.ts > per-agent expansion > toggles yielded text with = key on multi-agent result
[Thread 019d8a16-a904-70fb-ac6b-712c8cf34972] myUpdate: send-message

stderr | node/tools/spawn-subagents.test.ts > per-agent expansion > toggles yielded text with = key on multi-agent result
[Thread 019d8a16-a904-70fb-ac6b-712c8cf34972] myUpdate: tool-progress

stderr | node/tools/spawn-subagents.test.ts > per-agent expansion > toggles yielded text with = key on multi-agent result
[winston] Attempt to write logs with no transports, which can increase memory usage: {"message":"Usage: inputTokens=1000 outputTokens=5000 cacheHits=0 cacheMisses=0 stopReason=tool_use","level":"info"}

stderr | node/tools/spawn-subagents.test.ts > per-agent expansion > toggles yielded text with = key on multi-agent result
[Thread 019d8a16-a904-70fb-ac6b-712c8cf34972] myUpdate: tool-progress

stderr | node/tools/spawn-subagents.test.ts > per-agent expansion > toggles yielded text with = key on multi-agent result
[Thread 019d8a16-a91c-7228-bfee-b6566304f7f2] myUpdate: send-message

stderr | node/tools/spawn-subagents.test.ts > per-agent expansion > toggles yielded text with = key on multi-agent result
[Thread 019d8a16-a91c-7228-bfee-b6566304f7f2] myUpdate: tool-progress
[Thread 019d8a16-a904-70fb-ac6b-712c8cf34972] myUpdate: tool-progress

stderr | node/tools/spawn-subagents.test.ts > per-agent expansion > toggles yielded text with = key on multi-agent result
[Thread 019d8a16-a91d-74ef-9a1f-91ca955e3abc] myUpdate: send-message

stderr | node/tools/spawn-subagents.test.ts > per-agent expansion > toggles yielded text with = key on multi-agent result
[Thread 019d8a16-a91d-74ef-9a1f-91ca955e3abc] myUpdate: tool-progress
[Thread 019d8a16-a904-70fb-ac6b-712c8cf34972] myUpdate: tool-progress

stderr | node/tools/bashCommand.test.ts > node/tools/bashCommand.test.ts > abbreviates long lines and trims output to token limit
[Thread 019d8a16-a8d8-7782-9a48-c68f44e260bb] myUpdate: tool-progress
[Thread 019d8a16-a8d8-7782-9a48-c68f44e260bb] myUpdate: tool-progress
[Thread 019d8a16-a8d8-7782-9a48-c68f44e260bb] myUpdate: tool-progress
[Thread 019d8a16-a8d8-7782-9a48-c68f44e260bb] myUpdate: tool-progress
[Thread 019d8a16-a8d8-7782-9a48-c68f44e260bb] myUpdate: tool-progress
[Thread 019d8a16-a8d8-7782-9a48-c68f44e260bb] myUpdate: tool-progress
[Thread 019d8a16-a8d8-7782-9a48-c68f44e260bb] myUpdate: tool-progress
[Thread 019d8a16-a8d8-7782-9a48-c68f44e260bb] myUpdate: tool-progress
[Thread 019d8a16-a8d8-7782-9a48-c68f44e260bb] myUpdate: tool-progress
[Thread 019d8a16-a8d8-7782-9a48-c68f44e260bb] myUpdate: tool-progress
[Thread 019d8a16-a8d8-7782-9a48-c68f44e260bb] myUpdate: tool-progress
[Thread 019d8a16-a8d8-7782-9a48-c68f44e260bb] myUpdate: tool-progress
[Thread 019d8a16-a8d8-7782-9a48-c68f44e260bb] myUpdate: tool-progress
[Thread 019d8a16-a8d8-7782-9a48-c68f44e260bb] myUpdate: tool-progress

stderr | node/tools/bashCommand.test.ts > node/tools/bashCommand.test.ts > abbreviates long lines and trims output to token limit
[Thread 019d8a16-a8d8-7782-9a48-c68f44e260bb] myUpdate: tool-progress
[Thread 019d8a16-a8d8-7782-9a48-c68f44e260bb] myUpdate: tool-progress
[Thread 019d8a16-a8d8-7782-9a48-c68f44e260bb] myUpdate: tool-progress
[Thread 019d8a16-a8d8-7782-9a48-c68f44e260bb] myUpdate: tool-progress
[Thread 019d8a16-a8d8-7782-9a48-c68f44e260bb] myUpdate: tool-progress
[Thread 019d8a16-a8d8-7782-9a48-c68f44e260bb] myUpdate: tool-progress
[Thread 019d8a16-a8d8-7782-9a48-c68f44e260bb] myUpdate: tool-progress
[Thread 019d8a16-a8d8-7782-9a48-c68f44e260bb] myUpdate: tool-progress
[Thread 019d8a16-a8d8-7782-9a48-c68f44e260bb] myUpdate: tool-progress
[Thread 019d8a16-a8d8-7782-9a48-c68f44e260bb] myUpdate: tool-progress
[Thread 019d8a16-a8d8-7782-9a48-c68f44e260bb] myUpdate: tool-progress
[Thread 019d8a16-a8d8-7782-9a48-c68f44e260bb] myUpdate: tool-progress
[Thread 019d8a16-a8d8-7782-9a48-c68f44e260bb] myUpdate: tool-progress
[Thread 019d8a16-a8d8-7782-9a48-c68f44e260bb] myUpdate: tool-progress

stderr | node/tools/bashCommand.test.ts > node/tools/bashCommand.test.ts > abbreviates long lines and trims output to token limit
[Thread 019d8a16-a8d8-7782-9a48-c68f44e260bb] myUpdate: tool-progress
[Thread 019d8a16-a8d8-7782-9a48-c68f44e260bb] myUpdate: tool-progress
[Thread 019d8a16-a8d8-7782-9a48-c68f44e260bb] myUpdate: tool-progress
[Thread 019d8a16-a8d8-7782-9a48-c68f44e260bb] myUpdate: tool-progress
[Thread 019d8a16-a8d8-7782-9a48-c68f44e260bb] myUpdate: tool-progress
[Thread 019d8a16-a8d8-7782-9a48-c68f44e260bb] myUpdate: tool-progress
[Thread 019d8a16-a8d8-7782-9a48-c68f44e260bb] myUpdate: tool-progress
[Thread 019d8a16-a8d8-7782-9a48-c68f44e260bb] myUpdate: tool-progress
[Thread 019d8a16-a8d8-7782-9a48-c68f44e260bb] myUpdate: tool-progress
[Thread 019d8a16-a8d8-7782-9a48-c68f44e260bb] myUpdate: tool-progress
[Thread 019d8a16-a8d8-7782-9a48-c68f44e260bb] myUpdate: tool-progress
[Thread 019d8a16-a8d8-7782-9a48-c68f44e260bb] myUpdate: tool-progress
[Thread 019d8a16-a8d8-7782-9a48-c68f44e260bb] myUpdate: tool-progress
[Thread 019d8a16-a8d8-7782-9a48-c68f44e260bb] myUpdate: tool-progress

stderr | node/tools/bashCommand.test.ts > node/tools/bashCommand.test.ts > abbreviates long lines and trims output to token limit
[Thread 019d8a16-a8d8-7782-9a48-c68f44e260bb] myUpdate: tool-progress
[Thread 019d8a16-a8d8-7782-9a48-c68f44e260bb] myUpdate: tool-progress
[Thread 019d8a16-a8d8-7782-9a48-c68f44e260bb] myUpdate: tool-progress
[Thread 019d8a16-a8d8-7782-9a48-c68f44e260bb] myUpdate: tool-progress
[Thread 019d8a16-a8d8-7782-9a48-c68f44e260bb] myUpdate: tool-progress
[Thread 019d8a16-a8d8-7782-9a48-c68f44e260bb] myUpdate: tool-progress
[Thread 019d8a16-a8d8-7782-9a48-c68f44e260bb] myUpdate: tool-progress
[Thread 019d8a16-a8d8-7782-9a48-c68f44e260bb] myUpdate: tool-progress
[Thread 019d8a16-a8d8-7782-9a48-c68f44e260bb] myUpdate: tool-progress
[Thread 019d8a16-a8d8-7782-9a48-c68f44e260bb] myUpdate: tool-progress
[Thread 019d8a16-a8d8-7782-9a48-c68f44e260bb] myUpdate: tool-progress

stderr | node/tools/bashCommand.test.ts > node/tools/bashCommand.test.ts > abbreviates long lines and trims output to token limit
[Thread 019d8a16-a8d8-7782-9a48-c68f44e260bb] myUpdate: tool-progress

stderr | node/tools/bashCommand.test.ts > node/tools/bashCommand.test.ts > abbreviates long lines and trims output to token limit
[Thread 019d8a16-a8d8-7782-9a48-c68f44e260bb] myUpdate: tool-progress

stderr | node/tools/spawn-subagents.test.ts > per-agent expansion > toggles yielded text with = key on multi-agent result
[Thread 019d8a16-a904-70fb-ac6b-712c8cf34972] myUpdate: tool-progress

stderr | node/tools/spawn-subagents.test.ts > per-agent expansion > toggles yielded text with = key on multi-agent result
[Thread 019d8a16-a91c-7228-bfee-b6566304f7f2] myUpdate: tool-progress

stderr | node/tools/spawn-subagents.test.ts > per-agent expansion > toggles yielded text with = key on multi-agent result
[Thread 019d8a16-a91d-74ef-9a1f-91ca955e3abc] myUpdate: tool-progress

 ↓ node/capabilities/docker-environment.test.ts (14 tests | 14 skipped)
stderr | node/tools/bashCommand.test.ts > node/tools/bashCommand.test.ts > abbreviates long lines and trims output to token limit
[Thread 019d8a16-a8d8-7782-9a48-c68f44e260bb] myUpdate: tool-progress

 ✓ node/context/context-manager.test.ts (11 tests) 4958ms
   ✓ returns diff when file is edited on disk  925ms
   ✓ returns diff when disk changes even if buffer has unsaved changes  424ms
   ✓ key bindings > 'dd' key correctly removes the middle file when three files are in context  492ms
   ✓ key bindings > 'Enter' key opens file in existing non-magenta window  378ms
   ✓ key bindings > 'Enter' key opens file with multiple non-magenta windows  392ms
   ✓ key bindings > 'Enter' key opens file when sidebar is on the left  490ms
   ✓ key bindings > 'Enter' key opens file when sidebar is on the right  410ms
   ✓ context-files end-to-end  412ms
   ✓ handles file deletion during buffer tracking  402ms
   ✓ issuing a getFile request adds the file to the context but doesn't send its contents twice  315ms
   ✓ autoContext loads on startup and after new-thread  317ms
stderr | node/tools/spawn-subagents.test.ts > per-agent expansion > toggles yielded text with = key on multi-agent result
[winston] Attempt to write logs with no transports, which can increase memory usage: {"message":"Usage: inputTokens=1000 outputTokens=5000 cacheHits=0 cacheMisses=0 stopReason=tool_use","level":"info"}
[winston] Attempt to write logs with no transports, which can increase memory usage: {"message":"Usage: inputTokens=1000 outputTokens=5000 cacheHits=0 cacheMisses=0 stopReason=tool_use","level":"info"}
[Thread 019d8a16-a91c-7228-bfee-b6566304f7f2] myUpdate: tool-progress
[Thread 019d8a16-a91c-7228-bfee-b6566304f7f2] myUpdate: tool-progress
[Thread 019d8a16-a91d-74ef-9a1f-91ca955e3abc] myUpdate: tool-progress
[Thread 019d8a16-a91d-74ef-9a1f-91ca955e3abc] myUpdate: tool-progress
[Thread 019d8a16-a91c-7228-bfee-b6566304f7f2] myUpdate: tool-progress
[Thread 019d8a16-a91c-7228-bfee-b6566304f7f2] myUpdate: tool-progress
[Thread 019d8a16-a91d-74ef-9a1f-91ca955e3abc] myUpdate: tool-progress
[Thread 019d8a16-a91d-74ef-9a1f-91ca955e3abc] myUpdate: tool-progress

stderr | node/tools/spawn-subagents.test.ts > per-agent expansion > toggles yielded text with = key on multi-agent result
[Thread 019d8a16-a904-70fb-ac6b-712c8cf34972] myUpdate: tool-progress

stderr | node/tools/spawn-subagents.test.ts > per-agent expansion > toggles yielded text with = key on multi-agent result
[Thread 019d8a16-a904-70fb-ac6b-712c8cf34972] myUpdate: tool-progress

stderr | node/tools/spawn-subagents.test.ts > per-agent expansion > toggles yielded text with = key on multi-agent result
[Thread 019d8a16-a91c-7228-bfee-b6566304f7f2] myUpdate: tool-progress

stderr | node/tools/spawn-subagents.test.ts > per-agent expansion > toggles yielded text with = key on multi-agent result
[Thread 019d8a16-a91d-74ef-9a1f-91ca955e3abc] myUpdate: tool-progress

stderr | node/tools/spawn-subagents.test.ts > per-agent expansion > toggles yielded text with = key on multi-agent result
[Thread 019d8a16-a904-70fb-ac6b-712c8cf34972] myUpdate: tool-progress

stderr | node/tools/spawn-subagents.test.ts > per-agent expansion > toggles yielded text with = key on multi-agent result
[Thread 019d8a16-a904-70fb-ac6b-712c8cf34972] myUpdate: toggle-tool-result-item

 ✓ node/tea/render.test.ts (18 tests) 5143ms
   ✓ tea/render.test.ts > rendering empty string  678ms
   ✓ tea/render.test.ts > rendering empty array  307ms
   ✓ tea/render.test.ts > rendering array  354ms
   ✓ tea/render.test.ts > rendering with basic highlights  313ms
   ✓ tea/render.test.ts > rendering empty content with highlights should not create extmarks  329ms
   ✓ tea/render.test.ts > nested extmark tests > deeply nested extmarks  365ms
stderr | node/chat/thread-compact.test.ts > compact drops all context files after compaction
getVar(magenta) failed: [1,"Key not found: magenta"]

stderr | node/chat/thread-compact.test.ts > compact drops all context files after compaction
getVar(magenta_display_window) failed: [1,"Key not found: magenta_display_window"]

stderr | node/chat/thread-compact.test.ts > compact drops all context files after compaction
[Thread 019d8a16-aa1c-707d-9d53-0029972bf69e] myUpdate: tool-progress

stderr | node/chat/thread-compact.test.ts > compact drops all context files after compaction
[Thread 019d8a16-aa1c-707d-9d53-0029972bf69e] myUpdate: send-message

stderr | node/chat/thread-compact.test.ts > compact drops all context files after compaction
[Thread 019d8a16-aa1c-707d-9d53-0029972bf69e] myUpdate: tool-progress

stderr | node/render-tools/spawn-subagents.test.ts > node/render-tools/spawn-subagents.test.ts > shows pending approvals from subagent in parent progress view
getVar(magenta) failed: [1,"Key not found: magenta"]

stderr | node/render-tools/spawn-subagents.test.ts > node/render-tools/spawn-subagents.test.ts > shows pending approvals from subagent in parent progress view
getVar(magenta_display_window) failed: [1,"Key not found: magenta_display_window"]

stderr | node/render-tools/spawn-subagents.test.ts > node/render-tools/spawn-subagents.test.ts > shows pending approvals from subagent in parent progress view
[Thread 019d8a16-aa2f-7349-8700-1ded3d3a4a22] myUpdate: send-message

stderr | node/render-tools/spawn-subagents.test.ts > node/render-tools/spawn-subagents.test.ts > shows pending approvals from subagent in parent progress view
[Thread 019d8a16-aa2f-7349-8700-1ded3d3a4a22] myUpdate: tool-progress

stderr | node/render-tools/spawn-subagents.test.ts > node/render-tools/spawn-subagents.test.ts > shows pending approvals from subagent in parent progress view
[winston] Attempt to write logs with no transports, which can increase memory usage: {"message":"Usage: inputTokens=1000 outputTokens=5000 cacheHits=0 cacheMisses=0 stopReason=tool_use","level":"info"}

stderr | node/render-tools/spawn-subagents.test.ts > node/render-tools/spawn-subagents.test.ts > shows pending approvals from subagent in parent progress view
[Thread 019d8a16-aa2f-7349-8700-1ded3d3a4a22] myUpdate: tool-progress

stderr | node/render-tools/spawn-subagents.test.ts > node/render-tools/spawn-subagents.test.ts > shows pending approvals from subagent in parent progress view
[Thread 019d8a16-aa43-730a-9f81-7468d6bba910] myUpdate: send-message

stderr | node/render-tools/spawn-subagents.test.ts > node/render-tools/spawn-subagents.test.ts > shows pending approvals from subagent in parent progress view
[Thread 019d8a16-aa43-730a-9f81-7468d6bba910] myUpdate: tool-progress
[Thread 019d8a16-aa2f-7349-8700-1ded3d3a4a22] myUpdate: tool-progress

stderr | node/chat/thread-compact.test.ts > compact drops all context files after compaction
[Thread 019d8a16-aa1c-707d-9d53-0029972bf69e] myUpdate: tool-progress

stderr | node/render-tools/spawn-subagents.test.ts > node/render-tools/spawn-subagents.test.ts > shows pending approvals from subagent in parent progress view
[Thread 019d8a16-aa2f-7349-8700-1ded3d3a4a22] myUpdate: tool-progress

stderr | node/render-tools/spawn-subagents.test.ts > node/render-tools/spawn-subagents.test.ts > shows pending approvals from subagent in parent progress view
[Thread 019d8a16-aa43-730a-9f81-7468d6bba910] myUpdate: tool-progress

stderr | node/tools/bashCommand.test.ts > bash command output logging > creates log file with command and output
getVar(magenta) failed: [1,"Key not found: magenta"]

stderr | node/tools/bashCommand.test.ts > bash command output logging > creates log file with command and output
getVar(magenta_display_window) failed: [1,"Key not found: magenta_display_window"]

stderr | node/tools/bashCommand.test.ts > bash command output logging > creates log file with command and output
[Thread 019d8a16-aa82-7498-a698-7fb5251886fa] myUpdate: send-message

stderr | node/tools/bashCommand.test.ts > bash command output logging > creates log file with command and output
[Thread 019d8a16-aa82-7498-a698-7fb5251886fa] myUpdate: tool-progress

stderr | node/tools/bashCommand.test.ts > bash command output logging > creates log file with command and output
[winston] Attempt to write logs with no transports, which can increase memory usage: {"message":"Usage: inputTokens=1000 outputTokens=5000 cacheHits=0 cacheMisses=0 stopReason=tool_use","level":"info"}

stderr | node/chat/thread-compact.test.ts > compact drops all context files after compaction
[winston] Attempt to write logs with no transports, which can increase memory usage: {"message":"Usage: inputTokens=1000 outputTokens=5000 cacheHits=0 cacheMisses=0 stopReason=end_turn","level":"info"}

stderr | node/chat/thread-compact.test.ts > compact drops all context files after compaction
[Thread 019d8a16-aa1c-707d-9d53-0029972bf69e] myUpdate: tool-progress

stderr | node/chat/thread-compact.test.ts > compact drops all context files after compaction
[Thread 019d8a16-aa1c-707d-9d53-0029972bf69e] myUpdate: start-compaction
[Thread 019d8a16-aa1c-707d-9d53-0029972bf69e] myUpdate: tool-progress

stderr | node/chat/thread-compact.test.ts > compact drops all context files after compaction
[winston] Attempt to write logs with no transports, which can increase memory usage: {"message":"Usage: inputTokens=1000 outputTokens=5000 cacheHits=0 cacheMisses=0 stopReason=tool_use","level":"info"}

stderr | node/chat/thread-compact.test.ts > compact drops all context files after compaction
[Thread 019d8a16-aa1c-707d-9d53-0029972bf69e] myUpdate: tool-progress

stderr | node/tools/bashCommand.test.ts > bash command output logging > creates log file with command and output
[Thread 019d8a16-aa82-7498-a698-7fb5251886fa] myUpdate: tool-progress

stderr | node/render-tools/spawn-subagents.test.ts > node/render-tools/spawn-subagents.test.ts > shows pending approvals from subagent in parent progress view
[winston] Attempt to write logs with no transports, which can increase memory usage: {"message":"Usage: inputTokens=1000 outputTokens=5000 cacheHits=0 cacheMisses=0 stopReason=tool_use","level":"info"}

stderr | node/render-tools/spawn-subagents.test.ts > node/render-tools/spawn-subagents.test.ts > shows pending approvals from subagent in parent progress view
[Thread 019d8a16-aa43-730a-9f81-7468d6bba910] myUpdate: permission-pending-change
[Thread 019d8a16-aa43-730a-9f81-7468d6bba910] myUpdate: tool-progress

stderr | node/tools/bashCommand.test.ts > bash command output logging > creates log file with command and output
[Thread 019d8a16-aa82-7498-a698-7fb5251886fa] myUpdate: tool-progress
[Thread 019d8a16-aa82-7498-a698-7fb5251886fa] myUpdate: tool-progress

stderr | node/tools/bashCommand.test.ts > bash command output logging > creates log file with command and output
[Thread 019d8a16-aa82-7498-a698-7fb5251886fa] myUpdate: tool-progress

stderr | node/tools/bashCommand.test.ts > bash command output logging > creates log file with command and output
[Thread 019d8a16-aa82-7498-a698-7fb5251886fa] myUpdate: tool-progress

stderr | node/tools/bashCommand.test.ts > bash command output logging > creates log file with command and output
[Thread 019d8a16-aa82-7498-a698-7fb5251886fa] myUpdate: tool-progress

stderr | node/chat/thread-compact.test.ts > compact drops all context files after compaction
[Thread 019d8a16-aa1c-707d-9d53-0029972bf69e] myUpdate: tool-progress

stderr | node/render-tools/spawn-subagents.test.ts > node/render-tools/spawn-subagents.test.ts > shows pending approvals from subagent in parent progress view
[Thread 019d8a16-aa43-730a-9f81-7468d6bba910] myUpdate: tool-progress

stderr | node/chat/thread-compact.test.ts > compact drops all context files after compaction
[winston] Attempt to write logs with no transports, which can increase memory usage: {"message":"Usage: inputTokens=1000 outputTokens=5000 cacheHits=0 cacheMisses=0 stopReason=end_turn","level":"info"}

stderr | node/chat/thread.test.ts > processes @diagnostics keyword to include diagnostics in message
[Thread 019d8a16-a84f-709d-85e2-6fd3ca559e0c] myUpdate: send-message

stderr | node/chat/thread.test.ts > processes @diagnostics keyword to include diagnostics in message
[Thread 019d8a16-a84f-709d-85e2-6fd3ca559e0c] myUpdate: tool-progress

stderr | node/chat/thread.test.ts > processes @diagnostics keyword to include diagnostics in message
[winston] Attempt to write logs with no transports, which can increase memory usage: {"message":"Usage: inputTokens=1000 outputTokens=5000 cacheHits=0 cacheMisses=0 stopReason=end_turn","level":"info"}

stderr | node/chat/thread.test.ts > processes @diagnostics keyword to include diagnostics in message
[Thread 019d8a16-a84f-709d-85e2-6fd3ca559e0c] myUpdate: tool-progress

stderr | node/chat/thread-compact.test.ts > compact drops all context files after compaction
[Thread 019d8a16-aa1c-707d-9d53-0029972bf69e] myUpdate: tool-progress
[Thread 019d8a16-aa1c-707d-9d53-0029972bf69e] myUpdate: tool-progress
[Thread 019d8a16-aa1c-707d-9d53-0029972bf69e] myUpdate: tool-progress

stderr | node/chat/thread-compact.test.ts > compact drops all context files after compaction
[Thread 019d8a16-aa1c-707d-9d53-0029972bf69e] myUpdate: tool-progress

stderr | node/chat/thread.test.ts > processes @diagnostics keyword to include diagnostics in message
[Thread 019d8a16-a84f-709d-85e2-6fd3ca559e0c] myUpdate: tool-progress

stderr | node/chat/thread-compact.test.ts > compact drops all context files after compaction
[Thread 019d8a16-aa1c-707d-9d53-0029972bf69e] myUpdate: tool-progress

stderr | node/tools/spawn-subagents.test.ts > custom agent discovery and spawning > discovers custom agent, uses its system prompt/reminder, and respects fastModel
getVar(magenta) failed: [1,"Key not found: magenta"]

 ✓ node/core/src/tools/hover.test.ts (7 tests) 6ms
stderr | node/tools/spawn-subagents.test.ts > custom agent discovery and spawning > discovers custom agent, uses its system prompt/reminder, and respects fastModel
getVar(magenta_display_window) failed: [1,"Key not found: magenta_display_window"]

stderr | node/tools/spawn-subagents.test.ts > custom agent discovery and spawning > discovers custom agent, uses its system prompt/reminder, and respects fastModel
[Thread 019d8a16-ab43-7048-b909-bf07604782d3] myUpdate: send-message

stderr | node/tools/spawn-subagents.test.ts > custom agent discovery and spawning > discovers custom agent, uses its system prompt/reminder, and respects fastModel
[Thread 019d8a16-ab43-7048-b909-bf07604782d3] myUpdate: tool-progress

stderr | node/tools/spawn-subagents.test.ts > custom agent discovery and spawning > discovers custom agent, uses its system prompt/reminder, and respects fastModel
[winston] Attempt to write logs with no transports, which can increase memory usage: {"message":"Usage: inputTokens=1000 outputTokens=5000 cacheHits=0 cacheMisses=0 stopReason=tool_use","level":"info"}

stderr | node/tools/spawn-subagents.test.ts > custom agent discovery and spawning > discovers custom agent, uses its system prompt/reminder, and respects fastModel
[Thread 019d8a16-ab43-7048-b909-bf07604782d3] myUpdate: tool-progress

stderr | node/tools/spawn-subagents.test.ts > custom agent discovery and spawning > discovers custom agent, uses its system prompt/reminder, and respects fastModel
[Thread 019d8a16-ab62-7729-84ac-26874363cba8] myUpdate: send-message

stderr | node/tools/spawn-subagents.test.ts > custom agent discovery and spawning > discovers custom agent, uses its system prompt/reminder, and respects fastModel
[Thread 019d8a16-ab62-7729-84ac-26874363cba8] myUpdate: tool-progress
[Thread 019d8a16-ab43-7048-b909-bf07604782d3] myUpdate: tool-progress

stderr | node/chat/thread-compact.test.ts > compact drops all context files after compaction
[winston] Attempt to write logs with no transports, which can increase memory usage: {"message":"Usage: inputTokens=1000 outputTokens=5000 cacheHits=0 cacheMisses=0 stopReason=end_turn","level":"info"}

stderr | node/chat/thread-compact.test.ts > compact drops all context files after compaction
[Thread 019d8a16-aa1c-707d-9d53-0029972bf69e] myUpdate: tool-progress

stderr | node/tools/spawn-subagents.test.ts > custom agent discovery and spawning > discovers custom agent, uses its system prompt/reminder, and respects fastModel
[Thread 019d8a16-ab43-7048-b909-bf07604782d3] myUpdate: tool-progress

stderr | node/tools/spawn-subagents.test.ts > custom agent discovery and spawning > discovers custom agent, uses its system prompt/reminder, and respects fastModel
[Thread 019d8a16-ab62-7729-84ac-26874363cba8] myUpdate: tool-progress

stderr | node/chat/thread-compact.test.ts > compact drops all context files after compaction
[Thread 019d8a16-aa1c-707d-9d53-0029972bf69e] myUpdate: tool-progress

stderr | node/tools/spawn-subagents.test.ts > custom agent discovery and spawning > discovers custom agent, uses its system prompt/reminder, and respects fastModel
[winston] Attempt to write logs with no transports, which can increase memory usage: {"message":"Usage: inputTokens=1000 outputTokens=5000 cacheHits=0 cacheMisses=0 stopReason=tool_use","level":"info"}

stderr | node/tools/spawn-subagents.test.ts > custom agent discovery and spawning > discovers custom agent, uses its system prompt/reminder, and respects fastModel
[Thread 019d8a16-ab62-7729-84ac-26874363cba8] myUpdate: tool-progress

stderr | node/tools/spawn-subagents.test.ts > custom agent discovery and spawning > discovers custom agent, uses its system prompt/reminder, and respects fastModel
[Thread 019d8a16-ab62-7729-84ac-26874363cba8] myUpdate: tool-progress

stderr | node/tools/spawn-subagents.test.ts > custom agent discovery and spawning > discovers custom agent, uses its system prompt/reminder, and respects fastModel
[Thread 019d8a16-ab62-7729-84ac-26874363cba8] myUpdate: tool-progress

stderr | node/tools/spawn-subagents.test.ts > custom agent discovery and spawning > discovers custom agent, uses its system prompt/reminder, and respects fastModel
[Thread 019d8a16-ab62-7729-84ac-26874363cba8] myUpdate: tool-progress

 ✓ node/chat/thread-compact.test.ts (8 tests) 5606ms
   ✓ compact flow: user initiates @compact, spawns compact thread, compacts and continues  1209ms
   ✓ compact flow without continuation: @compact with no next prompt  507ms
   ✓ compact flow does not process @file commands in subagent or summary  675ms
   ✓ forks a thread with @compact to clone and compact in one step  504ms
   ✓ auto-compact triggers when inputTokenCount exceeds 80% of context window  688ms
   ✓ compaction history records steps from multi-chunk compaction  747ms
   ✓ auto-compact does not trigger on compact threads  619ms
   ✓ compact drops all context files after compaction  656ms
stderr | node/tools/spawn-subagents.test.ts > custom agent discovery and spawning > discovers custom agent, uses its system prompt/reminder, and respects fastModel
[Thread 019d8a16-ab62-7729-84ac-26874363cba8] myUpdate: tool-progress

stderr | node/render-tools/spawn-subagents.test.ts > node/render-tools/spawn-subagents.test.ts > pressing = on a progress row expands to show the full prompt, pressing again collapses
getVar(magenta) failed: [1,"Key not found: magenta"]

stderr | node/tools/bashCommand.test.ts > bash command output logging > abbreviates output when it exceeds token budget
getVar(magenta) failed: [1,"Key not found: magenta"]

stderr | node/render-tools/spawn-subagents.test.ts > node/render-tools/spawn-subagents.test.ts > pressing = on a progress row expands to show the full prompt, pressing again collapses
getVar(magenta_display_window) failed: [1,"Key not found: magenta_display_window"]

stderr | node/render-tools/spawn-subagents.test.ts > node/render-tools/spawn-subagents.test.ts > pressing = on a progress row expands to show the full prompt, pressing again collapses
[Thread 019d8a16-abf5-74c3-b033-d8d240b4fc9c] myUpdate: send-message

stderr | node/render-tools/spawn-subagents.test.ts > node/render-tools/spawn-subagents.test.ts > pressing = on a progress row expands to show the full prompt, pressing again collapses
[Thread 019d8a16-abf5-74c3-b033-d8d240b4fc9c] myUpdate: tool-progress

stderr | node/render-tools/spawn-subagents.test.ts > node/render-tools/spawn-subagents.test.ts > pressing = on a progress row expands to show the full prompt, pressing again collapses
[winston] Attempt to write logs with no transports, which can increase memory usage: {"message":"Usage: inputTokens=1000 outputTokens=5000 cacheHits=0 cacheMisses=0 stopReason=tool_use","level":"info"}

stderr | node/tools/bashCommand.test.ts > bash command output logging > abbreviates output when it exceeds token budget
getVar(magenta_display_window) failed: [1,"Key not found: magenta_display_window"]

stderr | node/render-tools/spawn-subagents.test.ts > node/render-tools/spawn-subagents.test.ts > pressing = on a progress row expands to show the full prompt, pressing again collapses
[Thread 019d8a16-abf5-74c3-b033-d8d240b4fc9c] myUpdate: tool-progress

stderr | node/tools/bashCommand.test.ts > bash command output logging > abbreviates output when it exceeds token budget
[Thread 019d8a16-abf5-74b2-a36c-03c005486e3c] myUpdate: send-message

stderr | node/tools/bashCommand.test.ts > bash command output logging > abbreviates output when it exceeds token budget
[Thread 019d8a16-abf5-74b2-a36c-03c005486e3c] myUpdate: tool-progress

stderr | node/tools/bashCommand.test.ts > bash command output logging > abbreviates output when it exceeds token budget
[winston] Attempt to write logs with no transports, which can increase memory usage: {"message":"Usage: inputTokens=1000 outputTokens=5000 cacheHits=0 cacheMisses=0 stopReason=tool_use","level":"info"}

stderr | node/render-tools/spawn-subagents.test.ts > node/render-tools/spawn-subagents.test.ts > pressing = on a progress row expands to show the full prompt, pressing again collapses
[Thread 019d8a16-ac0c-74ee-9f38-6d3eae0d49fe] myUpdate: send-message

stderr | node/render-tools/spawn-subagents.test.ts > node/render-tools/spawn-subagents.test.ts > pressing = on a progress row expands to show the full prompt, pressing again collapses
[Thread 019d8a16-ac0c-74ee-9f38-6d3eae0d49fe] myUpdate: tool-progress
[Thread 019d8a16-abf5-74c3-b033-d8d240b4fc9c] myUpdate: tool-progress

 ✓ node/core/src/providers/anthropic-agent-retry.test.ts (6 tests) 17ms
stderr | node/tools/bashCommand.test.ts > bash command output logging > abbreviates output when it exceeds token budget
[Thread 019d8a16-abf5-74b2-a36c-03c005486e3c] myUpdate: tool-progress

stderr | node/tools/spawn-subagents.test.ts > custom agent discovery and spawning > discovers custom agent, uses its system prompt/reminder, and respects fastModel
[winston] Attempt to write logs with no transports, which can increase memory usage: {"message":"Usage: inputTokens=1000 outputTokens=5000 cacheHits=0 cacheMisses=0 stopReason=tool_use","level":"info"}

stderr | node/tools/spawn-subagents.test.ts > custom agent discovery and spawning > discovers custom agent, uses its system prompt/reminder, and respects fastModel
[Thread 019d8a16-ab62-7729-84ac-26874363cba8] myUpdate: tool-progress
[Thread 019d8a16-ab62-7729-84ac-26874363cba8] myUpdate: tool-progress
[Thread 019d8a16-ab62-7729-84ac-26874363cba8] myUpdate: tool-progress
[Thread 019d8a16-ab62-7729-84ac-26874363cba8] myUpdate: tool-progress

stderr | node/tools/spawn-subagents.test.ts > custom agent discovery and spawning > discovers custom agent, uses its system prompt/reminder, and respects fastModel
[Thread 019d8a16-ab43-7048-b909-bf07604782d3] myUpdate: tool-progress

stderr | node/tools/spawn-subagents.test.ts > custom agent discovery and spawning > discovers custom agent, uses its system prompt/reminder, and respects fastModel
[Thread 019d8a16-ab43-7048-b909-bf07604782d3] myUpdate: tool-progress

stderr | node/render-tools/spawn-subagents.test.ts > node/render-tools/spawn-subagents.test.ts > pressing = on a progress row expands to show the full prompt, pressing again collapses
[Thread 019d8a16-abf5-74c3-b033-d8d240b4fc9c] myUpdate: tool-progress

stderr | node/render-tools/spawn-subagents.test.ts > node/render-tools/spawn-subagents.test.ts > pressing = on a progress row expands to show the full prompt, pressing again collapses
[Thread 019d8a16-ac0c-74ee-9f38-6d3eae0d49fe] myUpdate: tool-progress

stderr | node/tools/bashCommand.test.ts > bash command output logging > abbreviates output when it exceeds token budget
[Thread 019d8a16-abf5-74b2-a36c-03c005486e3c] myUpdate: tool-progress

stderr | node/tools/bashCommand.test.ts > bash command output logging > abbreviates output when it exceeds token budget
[Thread 019d8a16-abf5-74b2-a36c-03c005486e3c] myUpdate: tool-progress

stderr | node/tools/bashCommand.test.ts > bash command output logging > abbreviates output when it exceeds token budget
[Thread 019d8a16-abf5-74b2-a36c-03c005486e3c] myUpdate: tool-progress
[Thread 019d8a16-abf5-74b2-a36c-03c005486e3c] myUpdate: tool-progress
[Thread 019d8a16-abf5-74b2-a36c-03c005486e3c] myUpdate: tool-progress
[Thread 019d8a16-abf5-74b2-a36c-03c005486e3c] myUpdate: tool-progress
[Thread 019d8a16-abf5-74b2-a36c-03c005486e3c] myUpdate: tool-progress
[Thread 019d8a16-abf5-74b2-a36c-03c005486e3c] myUpdate: tool-progress
[Thread 019d8a16-abf5-74b2-a36c-03c005486e3c] myUpdate: tool-progress
[Thread 019d8a16-abf5-74b2-a36c-03c005486e3c] myUpdate: tool-progress
[Thread 019d8a16-abf5-74b2-a36c-03c005486e3c] myUpdate: tool-progress
[Thread 019d8a16-abf5-74b2-a36c-03c005486e3c] myUpdate: tool-progress
[Thread 019d8a16-abf5-74b2-a36c-03c005486e3c] myUpdate: tool-progress
[Thread 019d8a16-abf5-74b2-a36c-03c005486e3c] myUpdate: tool-progress
[Thread 019d8a16-abf5-74b2-a36c-03c005486e3c] myUpdate: tool-progress
[Thread 019d8a16-abf5-74b2-a36c-03c005486e3c] myUpdate: tool-progress
[Thread 019d8a16-abf5-74b2-a36c-03c005486e3c] myUpdate: tool-progress
[Thread 019d8a16-abf5-74b2-a36c-03c005486e3c] myUpdate: tool-progress
[Thread 019d8a16-abf5-74b2-a36c-03c005486e3c] myUpdate: tool-progress
[Thread 019d8a16-abf5-74b2-a36c-03c005486e3c] myUpdate: tool-progress
[Thread 019d8a16-abf5-74b2-a36c-03c005486e3c] myUpdate: tool-progress
[Thread 019d8a16-abf5-74b2-a36c-03c005486e3c] myUpdate: tool-progress
[Thread 019d8a16-abf5-74b2-a36c-03c005486e3c] myUpdate: tool-progress
[Thread 019d8a16-abf5-74b2-a36c-03c005486e3c] myUpdate: tool-progress
[Thread 019d8a16-abf5-74b2-a36c-03c005486e3c] myUpdate: tool-progress
[Thread 019d8a16-abf5-74b2-a36c-03c005486e3c] myUpdate: tool-progress
[Thread 019d8a16-abf5-74b2-a36c-03c005486e3c] myUpdate: tool-progress
[Thread 019d8a16-abf5-74b2-a36c-03c005486e3c] myUpdate: tool-progress
[Thread 019d8a16-abf5-74b2-a36c-03c005486e3c] myUpdate: tool-progress
[Thread 019d8a16-abf5-74b2-a36c-03c005486e3c] myUpdate: tool-progress
[Thread 019d8a16-abf5-74b2-a36c-03c005486e3c] myUpdate: tool-progress
[Thread 019d8a16-abf5-74b2-a36c-03c005486e3c] myUpdate: tool-progress
[Thread 019d8a16-abf5-74b2-a36c-03c005486e3c] myUpdate: tool-progress
[Thread 019d8a16-abf5-74b2-a36c-03c005486e3c] myUpdate: tool-progress
[Thread 019d8a16-abf5-74b2-a36c-03c005486e3c] myUpdate: tool-progress
[Thread 019d8a16-abf5-74b2-a36c-03c005486e3c] myUpdate: tool-progress
[Thread 019d8a16-abf5-74b2-a36c-03c005486e3c] myUpdate: tool-progress
[Thread 019d8a16-abf5-74b2-a36c-03c005486e3c] myUpdate: tool-progress
[Thread 019d8a16-abf5-74b2-a36c-03c005486e3c] myUpdate: tool-progress
[Thread 019d8a16-abf5-74b2-a36c-03c005486e3c] myUpdate: tool-progress
[Thread 019d8a16-abf5-74b2-a36c-03c005486e3c] myUpdate: tool-progress
[Thread 019d8a16-abf5-74b2-a36c-03c005486e3c] myUpdate: tool-progress
[Thread 019d8a16-abf5-74b2-a36c-03c005486e3c] myUpdate: tool-progress
[Thread 019d8a16-abf5-74b2-a36c-03c005486e3c] myUpdate: tool-progress
[Thread 019d8a16-abf5-74b2-a36c-03c005486e3c] myUpdate: tool-progress
[Thread 019d8a16-abf5-74b2-a36c-03c005486e3c] myUpdate: tool-progress
[Thread 019d8a16-abf5-74b2-a36c-03c005486e3c] myUpdate: tool-progress

stderr | node/tools/bashCommand.test.ts > bash command output logging > abbreviates output when it exceeds token budget
[Thread 019d8a16-abf5-74b2-a36c-03c005486e3c] myUpdate: tool-progress
[Thread 019d8a16-abf5-74b2-a36c-03c005486e3c] myUpdate: tool-progress
[Thread 019d8a16-abf5-74b2-a36c-03c005486e3c] myUpdate: tool-progress
[Thread 019d8a16-abf5-74b2-a36c-03c005486e3c] myUpdate: tool-progress
[Thread 019d8a16-abf5-74b2-a36c-03c005486e3c] myUpdate: tool-progress
[Thread 019d8a16-abf5-74b2-a36c-03c005486e3c] myUpdate: tool-progress
[Thread 019d8a16-abf5-74b2-a36c-03c005486e3c] myUpdate: tool-progress
[Thread 019d8a16-abf5-74b2-a36c-03c005486e3c] myUpdate: tool-progress
[Thread 019d8a16-abf5-74b2-a36c-03c005486e3c] myUpdate: tool-progress
[Thread 019d8a16-abf5-74b2-a36c-03c005486e3c] myUpdate: tool-progress
[Thread 019d8a16-abf5-74b2-a36c-03c005486e3c] myUpdate: tool-progress
[Thread 019d8a16-abf5-74b2-a36c-03c005486e3c] myUpdate: tool-progress
[Thread 019d8a16-abf5-74b2-a36c-03c005486e3c] myUpdate: tool-progress
[Thread 019d8a16-abf5-74b2-a36c-03c005486e3c] myUpdate: tool-progress
[Thread 019d8a16-abf5-74b2-a36c-03c005486e3c] myUpdate: tool-progress
[Thread 019d8a16-abf5-74b2-a36c-03c005486e3c] myUpdate: tool-progress
[Thread 019d8a16-abf5-74b2-a36c-03c005486e3c] myUpdate: tool-progress
[Thread 019d8a16-abf5-74b2-a36c-03c005486e3c] myUpdate: tool-progress
[Thread 019d8a16-abf5-74b2-a36c-03c005486e3c] myUpdate: tool-progress
[Thread 019d8a16-abf5-74b2-a36c-03c005486e3c] myUpdate: tool-progress
[Thread 019d8a16-abf5-74b2-a36c-03c005486e3c] myUpdate: tool-progress
[Thread 019d8a16-abf5-74b2-a36c-03c005486e3c] myUpdate: tool-progress
[Thread 019d8a16-abf5-74b2-a36c-03c005486e3c] myUpdate: tool-progress
[Thread 019d8a16-abf5-74b2-a36c-03c005486e3c] myUpdate: tool-progress
[Thread 019d8a16-abf5-74b2-a36c-03c005486e3c] myUpdate: tool-progress
[Thread 019d8a16-abf5-74b2-a36c-03c005486e3c] myUpdate: tool-progress
[Thread 019d8a16-abf5-74b2-a36c-03c005486e3c] myUpdate: tool-progress
[Thread 019d8a16-abf5-74b2-a36c-03c005486e3c] myUpdate: tool-progress
[Thread 019d8a16-abf5-74b2-a36c-03c005486e3c] myUpdate: tool-progress
[Thread 019d8a16-abf5-74b2-a36c-03c005486e3c] myUpdate: tool-progress
[Thread 019d8a16-abf5-74b2-a36c-03c005486e3c] myUpdate: tool-progress
[Thread 019d8a16-abf5-74b2-a36c-03c005486e3c] myUpdate: tool-progress
[Thread 019d8a16-abf5-74b2-a36c-03c005486e3c] myUpdate: tool-progress
[Thread 019d8a16-abf5-74b2-a36c-03c005486e3c] myUpdate: tool-progress
[Thread 019d8a16-abf5-74b2-a36c-03c005486e3c] myUpdate: tool-progress
[Thread 019d8a16-abf5-74b2-a36c-03c005486e3c] myUpdate: tool-progress
[Thread 019d8a16-abf5-74b2-a36c-03c005486e3c] myUpdate: tool-progress
[Thread 019d8a16-abf5-74b2-a36c-03c005486e3c] myUpdate: tool-progress
[Thread 019d8a16-abf5-74b2-a36c-03c005486e3c] myUpdate: tool-progress
[Thread 019d8a16-abf5-74b2-a36c-03c005486e3c] myUpdate: tool-progress
[Thread 019d8a16-abf5-74b2-a36c-03c005486e3c] myUpdate: tool-progress
[Thread 019d8a16-abf5-74b2-a36c-03c005486e3c] myUpdate: tool-progress
[Thread 019d8a16-abf5-74b2-a36c-03c005486e3c] myUpdate: tool-progress
[Thread 019d8a16-abf5-74b2-a36c-03c005486e3c] myUpdate: tool-progress
[Thread 019d8a16-abf5-74b2-a36c-03c005486e3c] myUpdate: tool-progress
[Thread 019d8a16-abf5-74b2-a36c-03c005486e3c] myUpdate: tool-progress
[Thread 019d8a16-abf5-74b2-a36c-03c005486e3c] myUpdate: tool-progress
[Thread 019d8a16-abf5-74b2-a36c-03c005486e3c] myUpdate: tool-progress
[Thread 019d8a16-abf5-74b2-a36c-03c005486e3c] myUpdate: tool-progress
[Thread 019d8a16-abf5-74b2-a36c-03c005486e3c] myUpdate: tool-progress
[Thread 019d8a16-abf5-74b2-a36c-03c005486e3c] myUpdate: tool-progress
[Thread 019d8a16-abf5-74b2-a36c-03c005486e3c] myUpdate: tool-progress
[Thread 019d8a16-abf5-74b2-a36c-03c005486e3c] myUpdate: tool-progress
[Thread 019d8a16-abf5-74b2-a36c-03c005486e3c] myUpdate: tool-progress

stderr | node/tools/bashCommand.test.ts > bash command output logging > abbreviates output when it exceeds token budget
[Thread 019d8a16-abf5-74b2-a36c-03c005486e3c] myUpdate: tool-progress

stderr | node/tools/bashCommand.test.ts > bash command output logging > abbreviates output when it exceeds token budget
[Thread 019d8a16-abf5-74b2-a36c-03c005486e3c] myUpdate: tool-progress

stderr | node/chat/thread.test.ts > processes @qf keyword to include quickfix list in message
getVar(magenta) failed: [1,"Key not found: magenta"]

stderr | node/chat/thread.test.ts > processes @qf keyword to include quickfix list in message
getVar(magenta_display_window) failed: [1,"Key not found: magenta_display_window"]

stderr | node/chat/thread.test.ts > processes @qf keyword to include quickfix list in message
[Thread 019d8a16-ac38-71cb-ae0b-b684451e24d0] myUpdate: send-message

stderr | node/chat/thread.test.ts > processes @qf keyword to include quickfix list in message
[Thread 019d8a16-ac38-71cb-ae0b-b684451e24d0] myUpdate: tool-progress

stderr | node/tools/spawn-subagents.test.ts > custom agent discovery and spawning > discovers custom agent, uses its system prompt/reminder, and respects fastModel
[Thread 019d8a16-ab62-7729-84ac-26874363cba8] myUpdate: tool-progress

stderr | node/chat/thread.test.ts > processes @qf keyword to include quickfix list in message
[winston] Attempt to write logs with no transports, which can increase memory usage: {"message":"Usage: inputTokens=1000 outputTokens=5000 cacheHits=0 cacheMisses=0 stopReason=end_turn","level":"info"}

stderr | node/tools/spawn-subagents.test.ts > custom agent discovery and spawning > discovers custom agent, uses its system prompt/reminder, and respects fastModel
[Thread 019d8a16-ab43-7048-b909-bf07604782d3] myUpdate: tool-progress

stderr | node/chat/thread.test.ts > processes @qf keyword to include quickfix list in message
[Thread 019d8a16-ac38-71cb-ae0b-b684451e24d0] myUpdate: tool-progress

stderr | node/tools/bashCommand.test.ts > bash command output logging > abbreviates output when it exceeds token budget
[Thread 019d8a16-abf5-74b2-a36c-03c005486e3c] myUpdate: tool-progress

stderr | node/chat/thread.test.ts > processes @qf keyword to include quickfix list in message
[Thread 019d8a16-ac38-71cb-ae0b-b684451e24d0] myUpdate: tool-progress

stderr | node/render-tools/spawn-subagents.test.ts > node/render-tools/spawn-subagents.test.ts > pressing = on a progress row expands to show the full prompt, pressing again collapses
[Thread 019d8a16-abf5-74c3-b033-d8d240b4fc9c] myUpdate: toggle-tool-progress-item

stderr | node/render-tools/spawn-subagents.test.ts > node/render-tools/spawn-subagents.test.ts > pressing = on a progress row expands to show the full prompt, pressing again collapses
[Thread 019d8a16-abf5-74c3-b033-d8d240b4fc9c] myUpdate: toggle-tool-progress-item

 ✓ node/core/src/edl/parser.test.ts (39 tests) 4ms
 ✓ node/capabilities/sandbox-violation-handler.test.ts (18 tests) 5ms
stderr | node/tools/bashCommand.test.ts > bash command output logging > includes full output when 30 lines or fewer
getVar(magenta) failed: [1,"Key not found: magenta"]

stderr | node/tools/bashCommand.test.ts > bash command output logging > includes full output when 30 lines or fewer
getVar(magenta_display_window) failed: [1,"Key not found: magenta_display_window"]

stderr | node/tools/bashCommand.test.ts > bash command output logging > includes full output when 30 lines or fewer
[Thread 019d8a16-ad55-71ea-95ef-16bd0faf2b8d] myUpdate: send-message

stderr | node/tools/bashCommand.test.ts > bash command output logging > includes full output when 30 lines or fewer
[Thread 019d8a16-ad55-71ea-95ef-16bd0faf2b8d] myUpdate: tool-progress

stderr | node/tools/bashCommand.test.ts > bash command output logging > includes full output when 30 lines or fewer
[winston] Attempt to write logs with no transports, which can increase memory usage: {"message":"Usage: inputTokens=1000 outputTokens=5000 cacheHits=0 cacheMisses=0 stopReason=tool_use","level":"info"}

stderr | node/tools/spawn-subagents.test.ts > built-in agents > built-in explore agent is discoverable in tool spec
getVar(magenta) failed: [1,"Key not found: magenta"]

stderr | node/tools/bashCommand.test.ts > bash command output logging > includes full output when 30 lines or fewer
[Thread 019d8a16-ad55-71ea-95ef-16bd0faf2b8d] myUpdate: tool-progress

stderr | node/tools/spawn-subagents.test.ts > built-in agents > built-in explore agent is discoverable in tool spec
getVar(magenta_display_window) failed: [1,"Key not found: magenta_display_window"]

stderr | node/tools/spawn-subagents.test.ts > built-in agents > built-in explore agent is discoverable in tool spec
[Thread 019d8a16-ad63-766d-9c54-bc71662f3cb4] myUpdate: send-message

stderr | node/tools/spawn-subagents.test.ts > built-in agents > built-in explore agent is discoverable in tool spec
[Thread 019d8a16-ad63-766d-9c54-bc71662f3cb4] myUpdate: tool-progress

 ✓ node/tools/spawn-subagents.test.ts (12 tests) 6025ms
   ✓ navigates to spawned subagent thread when pressing Enter on completed summary  1018ms
   ✓ explore subagent > spawns explore agent with agentType set to explore  385ms
   ✓ blocking behavior (always blocks) > waits for subagent completion and returns result  472ms
   ✓ yield behavior > yield_to_parent submits tool result back to subagent thread  418ms
   ✓ yield behavior > supervisor resultPrefix is prepended to yield response  495ms
   ✓ foreach-style parallel agents > respects maxConcurrentSubagents limit and processes agents in batches  497ms
   ✓ foreach-style parallel agents > handles subagent errors gracefully and continues  524ms
   ✓ per-agent expansion > toggles yielded text with = key on single agent result  602ms
   ✓ per-agent expansion > toggles yielded text with = key on multi-agent result  517ms
   ✓ custom agent discovery and spawning > discovers custom agent, uses its system prompt/reminder, and respects fastModel  582ms
stderr | node/chat/thread.test.ts > processes @quickfix keyword to include quickfix list in message
getVar(magenta) failed: [1,"Key not found: magenta"]

stderr | node/tools/bashCommand.test.ts > bash command output logging > includes full output when 30 lines or fewer
[Thread 019d8a16-ad55-71ea-95ef-16bd0faf2b8d] myUpdate: tool-progress

stderr | node/chat/thread.test.ts > processes @quickfix keyword to include quickfix list in message
getVar(magenta_display_window) failed: [1,"Key not found: magenta_display_window"]

stderr | node/chat/thread.test.ts > processes @quickfix keyword to include quickfix list in message
[Thread 019d8a16-ad7c-725a-97eb-39ec90b4019a] myUpdate: send-message

stderr | node/chat/thread.test.ts > processes @quickfix keyword to include quickfix list in message
[Thread 019d8a16-ad7c-725a-97eb-39ec90b4019a] myUpdate: tool-progress

stderr | node/chat/thread.test.ts > processes @quickfix keyword to include quickfix list in message
[winston] Attempt to write logs with no transports, which can increase memory usage: {"message":"Usage: inputTokens=1000 outputTokens=5000 cacheHits=0 cacheMisses=0 stopReason=end_turn","level":"info"}

stderr | node/chat/thread.test.ts > processes @quickfix keyword to include quickfix list in message
[Thread 019d8a16-ad7c-725a-97eb-39ec90b4019a] myUpdate: tool-progress

stderr | node/tools/bashCommand.test.ts > bash command output logging > includes full output when 30 lines or fewer
[Thread 019d8a16-ad55-71ea-95ef-16bd0faf2b8d] myUpdate: tool-progress
[Thread 019d8a16-ad55-71ea-95ef-16bd0faf2b8d] myUpdate: tool-progress
[Thread 019d8a16-ad55-71ea-95ef-16bd0faf2b8d] myUpdate: tool-progress
[Thread 019d8a16-ad55-71ea-95ef-16bd0faf2b8d] myUpdate: tool-progress
[Thread 019d8a16-ad55-71ea-95ef-16bd0faf2b8d] myUpdate: tool-progress
[Thread 019d8a16-ad55-71ea-95ef-16bd0faf2b8d] myUpdate: tool-progress
[Thread 019d8a16-ad55-71ea-95ef-16bd0faf2b8d] myUpdate: tool-progress
[Thread 019d8a16-ad55-71ea-95ef-16bd0faf2b8d] myUpdate: tool-progress
[Thread 019d8a16-ad55-71ea-95ef-16bd0faf2b8d] myUpdate: tool-progress
[Thread 019d8a16-ad55-71ea-95ef-16bd0faf2b8d] myUpdate: tool-progress
[Thread 019d8a16-ad55-71ea-95ef-16bd0faf2b8d] myUpdate: tool-progress
[Thread 019d8a16-ad55-71ea-95ef-16bd0faf2b8d] myUpdate: tool-progress
[Thread 019d8a16-ad55-71ea-95ef-16bd0faf2b8d] myUpdate: tool-progress
[Thread 019d8a16-ad55-71ea-95ef-16bd0faf2b8d] myUpdate: tool-progress
[Thread 019d8a16-ad55-71ea-95ef-16bd0faf2b8d] myUpdate: tool-progress
[Thread 019d8a16-ad55-71ea-95ef-16bd0faf2b8d] myUpdate: tool-progress
[Thread 019d8a16-ad55-71ea-95ef-16bd0faf2b8d] myUpdate: tool-progress
[Thread 019d8a16-ad55-71ea-95ef-16bd0faf2b8d] myUpdate: tool-progress
[Thread 019d8a16-ad55-71ea-95ef-16bd0faf2b8d] myUpdate: tool-progress
[Thread 019d8a16-ad55-71ea-95ef-16bd0faf2b8d] myUpdate: tool-progress
[Thread 019d8a16-ad55-71ea-95ef-16bd0faf2b8d] myUpdate: tool-progress
[Thread 019d8a16-ad55-71ea-95ef-16bd0faf2b8d] myUpdate: tool-progress
[Thread 019d8a16-ad55-71ea-95ef-16bd0faf2b8d] myUpdate: tool-progress
[Thread 019d8a16-ad55-71ea-95ef-16bd0faf2b8d] myUpdate: tool-progress
[Thread 019d8a16-ad55-71ea-95ef-16bd0faf2b8d] myUpdate: tool-progress
[Thread 019d8a16-ad55-71ea-95ef-16bd0faf2b8d] myUpdate: tool-progress
[Thread 019d8a16-ad55-71ea-95ef-16bd0faf2b8d] myUpdate: tool-progress
[Thread 019d8a16-ad55-71ea-95ef-16bd0faf2b8d] myUpdate: tool-progress
[Thread 019d8a16-ad55-71ea-95ef-16bd0faf2b8d] myUpdate: tool-progress
[Thread 019d8a16-ad55-71ea-95ef-16bd0faf2b8d] myUpdate: tool-progress

stderr | node/tools/bashCommand.test.ts > bash command output logging > includes full output when 30 lines or fewer
[Thread 019d8a16-ad55-71ea-95ef-16bd0faf2b8d] myUpdate: tool-progress

stderr | node/tools/bashCommand.test.ts > bash command output logging > includes full output when 30 lines or fewer
[Thread 019d8a16-ad55-71ea-95ef-16bd0faf2b8d] myUpdate: tool-progress

stderr | node/chat/thread.test.ts > processes @quickfix keyword to include quickfix list in message
[Thread 019d8a16-ad7c-725a-97eb-39ec90b4019a] myUpdate: tool-progress

stderr | node/sidebar.test.ts > node/sidebar.test.ts > should create empty window when hiding sidebar if only magenta windows remain
getVar(magenta) failed: [1,"Key not found: magenta"]

stderr | node/tools/bashCommand.test.ts > bash command output logging > includes full output when 30 lines or fewer
[Thread 019d8a16-ad55-71ea-95ef-16bd0faf2b8d] myUpdate: tool-progress

stderr | node/sidebar.test.ts > node/sidebar.test.ts > should create empty window when hiding sidebar if only magenta windows remain
getVar(magenta_display_window) failed: [1,"Key not found: magenta_display_window"]

stderr | node/sidebar.test.ts > node/sidebar.test.ts > should create empty window when hiding sidebar if only magenta windows remain
getVar(magenta_display_window) failed: [1,"Key not found: magenta_display_window"]

stderr | node/sidebar.test.ts > node/sidebar.test.ts > should create empty window when hiding sidebar if only magenta windows remain
getVar(magenta) failed: [1,"Key not found: magenta"]

stderr | node/render-tools/spawn-subagents.test.ts > node/render-tools/spawn-subagents.test.ts > pressing = on a completed result row expands to show prompt and response
getVar(magenta) failed: [1,"Key not found: magenta"]

stderr | node/render-tools/spawn-subagents.test.ts > node/render-tools/spawn-subagents.test.ts > pressing = on a completed result row expands to show prompt and response
getVar(magenta_display_window) failed: [1,"Key not found: magenta_display_window"]

stderr | node/render-tools/spawn-subagents.test.ts > node/render-tools/spawn-subagents.test.ts > pressing = on a completed result row expands to show prompt and response
[Thread 019d8a16-adfa-70dc-9857-f51e5d031d58] myUpdate: send-message

stderr | node/render-tools/spawn-subagents.test.ts > node/render-tools/spawn-subagents.test.ts > pressing = on a completed result row expands to show prompt and response
[Thread 019d8a16-adfa-70dc-9857-f51e5d031d58] myUpdate: tool-progress

stderr | node/render-tools/spawn-subagents.test.ts > node/render-tools/spawn-subagents.test.ts > pressing = on a completed result row expands to show prompt and response
[winston] Attempt to write logs with no transports, which can increase memory usage: {"message":"Usage: inputTokens=1000 outputTokens=5000 cacheHits=0 cacheMisses=0 stopReason=tool_use","level":"info"}

stderr | node/render-tools/spawn-subagents.test.ts > node/render-tools/spawn-subagents.test.ts > pressing = on a completed result row expands to show prompt and response
[Thread 019d8a16-adfa-70dc-9857-f51e5d031d58] myUpdate: tool-progress

stderr | node/render-tools/spawn-subagents.test.ts > node/render-tools/spawn-subagents.test.ts > pressing = on a completed result row expands to show prompt and response
[Thread 019d8a16-ae16-738f-8bf1-c54a59cb61f9] myUpdate: send-message

stderr | node/render-tools/spawn-subagents.test.ts > node/render-tools/spawn-subagents.test.ts > pressing = on a completed result row expands to show prompt and response
[Thread 019d8a16-ae16-738f-8bf1-c54a59cb61f9] myUpdate: tool-progress
[Thread 019d8a16-adfa-70dc-9857-f51e5d031d58] myUpdate: tool-progress

stderr | node/render-tools/spawn-subagents.test.ts > node/render-tools/spawn-subagents.test.ts > pressing = on a completed result row expands to show prompt and response
[Thread 019d8a16-adfa-70dc-9857-f51e5d031d58] myUpdate: tool-progress

stderr | node/render-tools/spawn-subagents.test.ts > node/render-tools/spawn-subagents.test.ts > pressing = on a completed result row expands to show prompt and response
[Thread 019d8a16-ae16-738f-8bf1-c54a59cb61f9] myUpdate: tool-progress

 ✓ node/capabilities/sandbox-file-io.test.ts (25 tests) 5ms
stderr | node/render-tools/spawn-subagents.test.ts > node/render-tools/spawn-subagents.test.ts > pressing = on a completed result row expands to show prompt and response
[winston] Attempt to write logs with no transports, which can increase memory usage: {"message":"Usage: inputTokens=1000 outputTokens=5000 cacheHits=0 cacheMisses=0 stopReason=tool_use","level":"info"}

stderr | node/render-tools/spawn-subagents.test.ts > node/render-tools/spawn-subagents.test.ts > pressing = on a completed result row expands to show prompt and response
[Thread 019d8a16-ae16-738f-8bf1-c54a59cb61f9] myUpdate: tool-progress
[Thread 019d8a16-ae16-738f-8bf1-c54a59cb61f9] myUpdate: tool-progress
[Thread 019d8a16-ae16-738f-8bf1-c54a59cb61f9] myUpdate: tool-progress
[Thread 019d8a16-ae16-738f-8bf1-c54a59cb61f9] myUpdate: tool-progress

stderr | node/render-tools/spawn-subagents.test.ts > node/render-tools/spawn-subagents.test.ts > pressing = on a completed result row expands to show prompt and response
[Thread 019d8a16-adfa-70dc-9857-f51e5d031d58] myUpdate: tool-progress

stderr | node/render-tools/spawn-subagents.test.ts > node/render-tools/spawn-subagents.test.ts > pressing = on a completed result row expands to show prompt and response
[Thread 019d8a16-adfa-70dc-9857-f51e5d031d58] myUpdate: tool-progress

stderr | node/render-tools/spawn-subagents.test.ts > node/render-tools/spawn-subagents.test.ts > pressing = on a completed result row expands to show prompt and response
Error scrolling to last user message: undefined
undefined

stderr | node/render-tools/spawn-subagents.test.ts > node/render-tools/spawn-subagents.test.ts > pressing = on a completed result row expands to show prompt and response
[Thread 019d8a16-ae16-738f-8bf1-c54a59cb61f9] myUpdate: tool-progress

stderr | node/render-tools/spawn-subagents.test.ts > node/render-tools/spawn-subagents.test.ts > pressing = on a completed result row expands to show prompt and response
[Thread 019d8a16-adfa-70dc-9857-f51e5d031d58] myUpdate: tool-progress

stderr | node/tools/bashCommand.test.ts > bash command output logging > toggles between preview and detail view with Enter key
getVar(magenta) failed: [1,"Key not found: magenta"]

stderr | node/sidebar.test.ts > node/sidebar.test.ts > send command should scroll to last user message
getVar(magenta) failed: [1,"Key not found: magenta"]

stderr | node/tools/bashCommand.test.ts > bash command output logging > toggles between preview and detail view with Enter key
getVar(magenta_display_window) failed: [1,"Key not found: magenta_display_window"]

stderr | node/tools/bashCommand.test.ts > bash command output logging > toggles between preview and detail view with Enter key
[Thread 019d8a16-ae8e-778e-8e51-d07dec55cb1c] myUpdate: send-message

stderr | node/tools/bashCommand.test.ts > bash command output logging > toggles between preview and detail view with Enter key
[Thread 019d8a16-ae8e-778e-8e51-d07dec55cb1c] myUpdate: tool-progress

stderr | node/tools/bashCommand.test.ts > bash command output logging > toggles between preview and detail view with Enter key
[winston] Attempt to write logs with no transports, which can increase memory usage: {"message":"Usage: inputTokens=1000 outputTokens=5000 cacheHits=0 cacheMisses=0 stopReason=tool_use","level":"info"}

stderr | node/sidebar.test.ts > node/sidebar.test.ts > send command should scroll to last user message
getVar(magenta_display_window) failed: [1,"Key not found: magenta_display_window"]

stderr | node/sidebar.test.ts > node/sidebar.test.ts > send command should scroll to last user message
[Thread 019d8a16-ae90-72ac-980d-b7846b0070f3] myUpdate: send-message

stderr | node/sidebar.test.ts > node/sidebar.test.ts > send command should scroll to last user message
[Thread 019d8a16-ae90-72ac-980d-b7846b0070f3] myUpdate: tool-progress

stderr | node/sidebar.test.ts > node/sidebar.test.ts > send command should scroll to last user message
[winston] Attempt to write logs with no transports, which can increase memory usage: {"message":"Usage: inputTokens=1000 outputTokens=5000 cacheHits=0 cacheMisses=0 stopReason=end_turn","level":"info"}

stderr | node/sidebar.test.ts > node/sidebar.test.ts > send command should scroll to last user message
[Thread 019d8a16-ae90-72ac-980d-b7846b0070f3] myUpdate: tool-progress

stderr | node/sidebar.test.ts > node/sidebar.test.ts > send command should scroll to last user message
[Thread 019d8a16-ae90-72ac-980d-b7846b0070f3] myUpdate: send-message

stderr | node/sidebar.test.ts > node/sidebar.test.ts > send command should scroll to last user message
[Thread 019d8a16-ae90-72ac-980d-b7846b0070f3] myUpdate: tool-progress

stderr | node/tools/bashCommand.test.ts > bash command output logging > toggles between preview and detail view with Enter key
[Thread 019d8a16-ae8e-778e-8e51-d07dec55cb1c] myUpdate: tool-progress

stderr | node/tools/bashCommand.test.ts > bash command output logging > toggles between preview and detail view with Enter key
[Thread 019d8a16-ae8e-778e-8e51-d07dec55cb1c] myUpdate: tool-progress

stderr | node/chat/thread.test.ts > handles empty quickfix list with @qf command
getVar(magenta) failed: [1,"Key not found: magenta"]

stderr | node/sidebar.test.ts > node/sidebar.test.ts > send command should scroll to last user message
[Thread 019d8a16-ae90-72ac-980d-b7846b0070f3] myUpdate: tool-progress

stderr | node/chat/thread.test.ts > handles empty quickfix list with @qf command
getVar(magenta_display_window) failed: [1,"Key not found: magenta_display_window"]

stderr | node/chat/thread.test.ts > handles empty quickfix list with @qf command
[Thread 019d8a16-aebc-73bc-af40-ac2b3da75938] myUpdate: send-message

stderr | node/chat/thread.test.ts > handles empty quickfix list with @qf command
[Thread 019d8a16-aebc-73bc-af40-ac2b3da75938] myUpdate: tool-progress

stderr | node/chat/thread.test.ts > handles empty quickfix list with @qf command
[winston] Attempt to write logs with no transports, which can increase memory usage: {"message":"Usage: inputTokens=1000 outputTokens=5000 cacheHits=0 cacheMisses=0 stopReason=end_turn","level":"info"}

stderr | node/chat/thread.test.ts > handles empty quickfix list with @qf command
[Thread 019d8a16-aebc-73bc-af40-ac2b3da75938] myUpdate: tool-progress

stderr | node/render-tools/spawn-subagents.test.ts > node/render-tools/spawn-subagents.test.ts > pressing = on a completed result row expands to show prompt and response
[Thread 019d8a16-adfa-70dc-9857-f51e5d031d58] myUpdate: toggle-tool-result-item

stderr | node/chat/thread.test.ts > handles empty quickfix list with @qf command
[Thread 019d8a16-aebc-73bc-af40-ac2b3da75938] myUpdate: tool-progress

stderr | node/tools/bashCommand.test.ts > bash command output logging > toggles between preview and detail view with Enter key
[Thread 019d8a16-ae8e-778e-8e51-d07dec55cb1c] myUpdate: tool-progress

stderr | node/tools/bashCommand.test.ts > bash command output logging > toggles between preview and detail view with Enter key
[Thread 019d8a16-ae8e-778e-8e51-d07dec55cb1c] myUpdate: tool-progress

stderr | node/tools/bashCommand.test.ts > bash command output logging > toggles between preview and detail view with Enter key
[Thread 019d8a16-ae8e-778e-8e51-d07dec55cb1c] myUpdate: tool-progress

stderr | node/tools/bashCommand.test.ts > bash command output logging > toggles between preview and detail view with Enter key
[Thread 019d8a16-ae8e-778e-8e51-d07dec55cb1c] myUpdate: toggle-tool-result

stderr | node/tools/bashCommand.test.ts > bash command output logging > toggles between preview and detail view with Enter key
[Thread 019d8a16-ae8e-778e-8e51-d07dec55cb1c] myUpdate: tool-progress

stderr | node/render-tools/spawn-subagents.test.ts > node/render-tools/spawn-subagents.test.ts > pressing = on a completed result row expands to show prompt and response
[Thread 019d8a16-adfa-70dc-9857-f51e5d031d58] myUpdate: toggle-tool-result-item

stderr | node/tools/edl.test.ts > edl tool > shows mutation summary in display
getVar(magenta) failed: [1,"Key not found: magenta"]

 ✓ node/core/src/thread-core.test.ts (5 tests) 961ms
stderr | node/chat/system-reminders.test.ts > user-submitted messages should include system reminder
getVar(magenta) failed: [1,"Key not found: magenta"]

stderr | node/tools/edl.test.ts > edl tool > shows mutation summary in display
getVar(magenta_display_window) failed: [1,"Key not found: magenta_display_window"]

stderr | node/tools/edl.test.ts > edl tool > shows mutation summary in display
[Thread 019d8a16-af4d-760e-93b7-d4cbfad503fc] myUpdate: send-message

stderr | node/tools/edl.test.ts > edl tool > shows mutation summary in display
[Thread 019d8a16-af4d-760e-93b7-d4cbfad503fc] myUpdate: tool-progress

stderr | node/chat/system-reminders.test.ts > user-submitted messages should include system reminder
getVar(magenta_display_window) failed: [1,"Key not found: magenta_display_window"]

stderr | node/chat/system-reminders.test.ts > user-submitted messages should include system reminder
[Thread 019d8a16-af59-75b8-8d62-5a81eae203f0] myUpdate: send-message

stderr | node/chat/system-reminders.test.ts > user-submitted messages should include system reminder
[Thread 019d8a16-af59-75b8-8d62-5a81eae203f0] myUpdate: tool-progress

stderr | node/tools/edl.test.ts > edl tool > shows mutation summary in display
[winston] Attempt to write logs with no transports, which can increase memory usage: {"message":"Usage: inputTokens=1000 outputTokens=5000 cacheHits=0 cacheMisses=0 stopReason=tool_use","level":"info"}

stderr | node/tools/edl.test.ts > edl tool > shows mutation summary in display
[Thread 019d8a16-af4d-760e-93b7-d4cbfad503fc] myUpdate: tool-progress

stderr | node/tools/bashCommand.test.ts > bash command output logging > toggles between preview and detail view with Enter key
[Thread 019d8a16-ae8e-778e-8e51-d07dec55cb1c] myUpdate: toggle-tool-result

stderr | node/tools/edl.test.ts > edl tool > shows mutation summary in display
[Thread 019d8a16-af4d-760e-93b7-d4cbfad503fc] myUpdate: tool-progress

stderr | node/tools/edl.test.ts > edl tool > shows mutation summary in display
[Thread 019d8a16-af4d-760e-93b7-d4cbfad503fc] myUpdate: tool-progress

stderr | node/tools/edl.test.ts > edl tool > shows mutation summary in display
[Thread 019d8a16-af4d-760e-93b7-d4cbfad503fc] myUpdate: tool-progress

stderr | node/chat/system-reminders.test.ts > auto-respond messages should include system reminder after tool result
[Thread 019d8a16-af59-75b8-8d62-5a81eae203f0] myUpdate: tool-progress

stderr | node/tools/edl.test.ts > edl tool > shows mutation summary in display
[Thread 019d8a16-af4d-760e-93b7-d4cbfad503fc] myUpdate: tool-progress

 ✓ node/core/src/edl/index.test.ts (9 tests) 59ms
stderr | node/sidebar.test.ts > node/sidebar.test.ts > sidebar position options > should position sidebar on the left
getVar(magenta) failed: [1,"Key not found: magenta"]

stderr | node/sidebar.test.ts > node/sidebar.test.ts > sidebar position options > should position sidebar on the left
getVar(magenta_display_window) failed: [1,"Key not found: magenta_display_window"]

stderr | node/chat/thread.test.ts > processes @buf keyword to include buffers list in message
getVar(magenta) failed: [1,"Key not found: magenta"]

stderr | node/chat/thread.test.ts > processes @buf keyword to include buffers list in message
getVar(magenta_display_window) failed: [1,"Key not found: magenta_display_window"]

stderr | node/chat/thread.test.ts > processes @buf keyword to include buffers list in message
[Thread 019d8a16-b024-715f-aa0f-f85e7617265f] myUpdate: send-message

stderr | node/chat/thread.test.ts > processes @buf keyword to include buffers list in message
[Thread 019d8a16-b024-715f-aa0f-f85e7617265f] myUpdate: tool-progress

stderr | node/chat/thread.test.ts > processes @buf keyword to include buffers list in message
[winston] Attempt to write logs with no transports, which can increase memory usage: {"message":"Usage: inputTokens=1000 outputTokens=5000 cacheHits=0 cacheMisses=0 stopReason=end_turn","level":"info"}

stderr | node/chat/thread.test.ts > processes @buf keyword to include buffers list in message
[Thread 019d8a16-b024-715f-aa0f-f85e7617265f] myUpdate: tool-progress

stderr | node/chat/system-reminders.test.ts > auto-respond messages should include system reminder after tool result
getVar(magenta) failed: [1,"Key not found: magenta"]

stderr | node/chat/thread.test.ts > processes @buf keyword to include buffers list in message
[Thread 019d8a16-b024-715f-aa0f-f85e7617265f] myUpdate: tool-progress

stderr | node/chat/system-reminders.test.ts > auto-respond messages should include system reminder after tool result
getVar(magenta_display_window) failed: [1,"Key not found: magenta_display_window"]

stderr | node/chat/system-reminders.test.ts > auto-respond messages should include system reminder after tool result
[Thread 019d8a16-b04a-75be-bbf9-367ab3c2a352] myUpdate: send-message

stderr | node/chat/system-reminders.test.ts > auto-respond messages should include system reminder after tool result
[Thread 019d8a16-b04a-75be-bbf9-367ab3c2a352] myUpdate: tool-progress

stderr | node/chat/system-reminders.test.ts > auto-respond messages should include system reminder after tool result
[winston] Attempt to write logs with no transports, which can increase memory usage: {"message":"Usage: inputTokens=1000 outputTokens=5000 cacheHits=0 cacheMisses=0 stopReason=tool_use","level":"info"}

stderr | node/chat/system-reminders.test.ts > auto-respond messages should include system reminder after tool result
[Thread 019d8a16-b04a-75be-bbf9-367ab3c2a352] myUpdate: tool-progress

stderr | node/chat/system-reminders.test.ts > auto-respond messages should include system reminder after tool result
[Thread 019d8a16-b04a-75be-bbf9-367ab3c2a352] myUpdate: tool-progress

stderr | node/chat/system-reminders.test.ts > auto-respond messages should include system reminder after tool result
[Thread 019d8a16-b04a-75be-bbf9-367ab3c2a352] myUpdate: tool-progress

stderr | node/chat/system-reminders.test.ts > auto-respond messages should include system reminder after tool result
[Thread 019d8a16-b04a-75be-bbf9-367ab3c2a352] myUpdate: tool-progress

 ✓ node/chat/commands/registry.test.ts (10 tests) 3ms
stderr | node/render-tools/spawn-subagents.test.ts > node/render-tools/spawn-subagents.test.ts > abort does not resolve parent tool calls > blocking spawn_subagents stays pending when child is aborted, resolves on yield
getVar(magenta) failed: [1,"Key not found: magenta"]

stderr | node/render-tools/spawn-subagents.test.ts > node/render-tools/spawn-subagents.test.ts > abort does not resolve parent tool calls > blocking spawn_subagents stays pending when child is aborted, resolves on yield
getVar(magenta_display_window) failed: [1,"Key not found: magenta_display_window"]

stderr | node/render-tools/spawn-subagents.test.ts > node/render-tools/spawn-subagents.test.ts > abort does not resolve parent tool calls > blocking spawn_subagents stays pending when child is aborted, resolves on yield
[Thread 019d8a16-b06a-77a6-987a-5c1f8a254f9f] myUpdate: send-message

stderr | node/render-tools/spawn-subagents.test.ts > node/render-tools/spawn-subagents.test.ts > abort does not resolve parent tool calls > blocking spawn_subagents stays pending when child is aborted, resolves on yield
[Thread 019d8a16-b06a-77a6-987a-5c1f8a254f9f] myUpdate: tool-progress

stderr | node/render-tools/spawn-subagents.test.ts > node/render-tools/spawn-subagents.test.ts > abort does not resolve parent tool calls > blocking spawn_subagents stays pending when child is aborted, resolves on yield
[winston] Attempt to write logs with no transports, which can increase memory usage: {"message":"Usage: inputTokens=1000 outputTokens=5000 cacheHits=0 cacheMisses=0 stopReason=tool_use","level":"info"}

stderr | node/render-tools/spawn-subagents.test.ts > node/render-tools/spawn-subagents.test.ts > abort does not resolve parent tool calls > blocking spawn_subagents stays pending when child is aborted, resolves on yield
[Thread 019d8a16-b06a-77a6-987a-5c1f8a254f9f] myUpdate: tool-progress

stderr | node/render-tools/spawn-subagents.test.ts > node/render-tools/spawn-subagents.test.ts > abort does not resolve parent tool calls > blocking spawn_subagents stays pending when child is aborted, resolves on yield
[Thread 019d8a16-b085-720d-82c5-fbc0c337d0c0] myUpdate: send-message

stderr | node/render-tools/spawn-subagents.test.ts > node/render-tools/spawn-subagents.test.ts > abort does not resolve parent tool calls > blocking spawn_subagents stays pending when child is aborted, resolves on yield
[Thread 019d8a16-b085-720d-82c5-fbc0c337d0c0] myUpdate: tool-progress
[Thread 019d8a16-b06a-77a6-987a-5c1f8a254f9f] myUpdate: tool-progress

stderr | node/chat/system-reminders.test.ts > auto-respond messages should include system reminder after tool result
[Thread 019d8a16-b04a-75be-bbf9-367ab3c2a352] myUpdate: tool-progress

stderr | node/render-tools/spawn-subagents.test.ts > node/render-tools/spawn-subagents.test.ts > abort does not resolve parent tool calls > blocking spawn_subagents stays pending when child is aborted, resolves on yield
[Thread 019d8a16-b06a-77a6-987a-5c1f8a254f9f] myUpdate: tool-progress

stderr | node/render-tools/spawn-subagents.test.ts > node/render-tools/spawn-subagents.test.ts > abort does not resolve parent tool calls > blocking spawn_subagents stays pending when child is aborted, resolves on yield
[Thread 019d8a16-b085-720d-82c5-fbc0c337d0c0] myUpdate: tool-progress

stderr | node/tools/bashCommand.test.ts > bash command output logging > opens log file in non-magenta window when clicking Full output link
getVar(magenta) failed: [1,"Key not found: magenta"]

stderr | node/tools/bashCommand.test.ts > bash command output logging > opens log file in non-magenta window when clicking Full output link
getVar(magenta_display_window) failed: [1,"Key not found: magenta_display_window"]

stderr | node/tools/bashCommand.test.ts > bash command output logging > opens log file in non-magenta window when clicking Full output link
[Thread 019d8a16-b0a3-75c0-877c-63dfc568ea55] myUpdate: send-message

stderr | node/tools/bashCommand.test.ts > bash command output logging > opens log file in non-magenta window when clicking Full output link
[Thread 019d8a16-b0a3-75c0-877c-63dfc568ea55] myUpdate: tool-progress

stderr | node/tools/bashCommand.test.ts > bash command output logging > opens log file in non-magenta window when clicking Full output link
[winston] Attempt to write logs with no transports, which can increase memory usage: {"message":"Usage: inputTokens=1000 outputTokens=5000 cacheHits=0 cacheMisses=0 stopReason=tool_use","level":"info"}

stderr | node/tools/edl.test.ts > edl tool > toggles between preview and detail view
getVar(magenta) failed: [1,"Key not found: magenta"]

stderr | node/tools/edl.test.ts > edl tool > toggles between preview and detail view
getVar(magenta_display_window) failed: [1,"Key not found: magenta_display_window"]

stderr | node/tools/edl.test.ts > edl tool > toggles between preview and detail view
[Thread 019d8a16-b0aa-7327-9695-e9cad39b6f4f] myUpdate: send-message

stderr | node/tools/edl.test.ts > edl tool > toggles between preview and detail view
[Thread 019d8a16-b0aa-7327-9695-e9cad39b6f4f] myUpdate: tool-progress

stderr | node/tools/edl.test.ts > edl tool > toggles between preview and detail view
[winston] Attempt to write logs with no transports, which can increase memory usage: {"message":"Usage: inputTokens=1000 outputTokens=5000 cacheHits=0 cacheMisses=0 stopReason=tool_use","level":"info"}

stderr | node/tools/edl.test.ts > edl tool > toggles between preview and detail view
[Thread 019d8a16-b0aa-7327-9695-e9cad39b6f4f] myUpdate: tool-progress

stderr | node/tools/edl.test.ts > edl tool > toggles between preview and detail view
[Thread 019d8a16-b0aa-7327-9695-e9cad39b6f4f] myUpdate: tool-progress

stderr | node/tools/edl.test.ts > edl tool > toggles between preview and detail view
[Thread 019d8a16-b0aa-7327-9695-e9cad39b6f4f] myUpdate: tool-progress

stderr | node/tools/edl.test.ts > edl tool > toggles between preview and detail view
[Thread 019d8a16-b0aa-7327-9695-e9cad39b6f4f] myUpdate: tool-progress

stderr | node/tools/bashCommand.test.ts > bash command output logging > opens log file in non-magenta window when clicking Full output link
[Thread 019d8a16-b0a3-75c0-877c-63dfc568ea55] myUpdate: tool-progress

stderr | node/tools/bashCommand.test.ts > bash command output logging > opens log file in non-magenta window when clicking Full output link
[Thread 019d8a16-b0a3-75c0-877c-63dfc568ea55] myUpdate: tool-progress

stderr | node/tools/bashCommand.test.ts > bash command output logging > opens log file in non-magenta window when clicking Full output link
[Thread 019d8a16-b0a3-75c0-877c-63dfc568ea55] myUpdate: tool-progress
[Thread 019d8a16-b0a3-75c0-877c-63dfc568ea55] myUpdate: tool-progress
[Thread 019d8a16-b0a3-75c0-877c-63dfc568ea55] myUpdate: tool-progress

stderr | node/tools/edl.test.ts > edl tool > toggles between preview and detail view
[Thread 019d8a16-b0aa-7327-9695-e9cad39b6f4f] myUpdate: tool-progress

stderr | node/tools/bashCommand.test.ts > bash command output logging > opens log file in non-magenta window when clicking Full output link
[Thread 019d8a16-b0a3-75c0-877c-63dfc568ea55] myUpdate: tool-progress
[Thread 019d8a16-b0a3-75c0-877c-63dfc568ea55] myUpdate: tool-progress
[Thread 019d8a16-b0a3-75c0-877c-63dfc568ea55] myUpdate: tool-progress
[Thread 019d8a16-b0a3-75c0-877c-63dfc568ea55] myUpdate: tool-progress
[Thread 019d8a16-b0a3-75c0-877c-63dfc568ea55] myUpdate: tool-progress
[Thread 019d8a16-b0a3-75c0-877c-63dfc568ea55] myUpdate: tool-progress
[Thread 019d8a16-b0a3-75c0-877c-63dfc568ea55] myUpdate: tool-progress
[Thread 019d8a16-b0a3-75c0-877c-63dfc568ea55] myUpdate: tool-progress
[Thread 019d8a16-b0a3-75c0-877c-63dfc568ea55] myUpdate: tool-progress
[Thread 019d8a16-b0a3-75c0-877c-63dfc568ea55] myUpdate: tool-progress
[Thread 019d8a16-b0a3-75c0-877c-63dfc568ea55] myUpdate: tool-progress
[Thread 019d8a16-b0a3-75c0-877c-63dfc568ea55] myUpdate: tool-progress
[Thread 019d8a16-b0a3-75c0-877c-63dfc568ea55] myUpdate: tool-progress
[Thread 019d8a16-b0a3-75c0-877c-63dfc568ea55] myUpdate: tool-progress
[Thread 019d8a16-b0a3-75c0-877c-63dfc568ea55] myUpdate: tool-progress
[Thread 019d8a16-b0a3-75c0-877c-63dfc568ea55] myUpdate: tool-progress
[Thread 019d8a16-b0a3-75c0-877c-63dfc568ea55] myUpdate: tool-progress
[Thread 019d8a16-b0a3-75c0-877c-63dfc568ea55] myUpdate: tool-progress
[Thread 019d8a16-b0a3-75c0-877c-63dfc568ea55] myUpdate: tool-progress
[Thread 019d8a16-b0a3-75c0-877c-63dfc568ea55] myUpdate: tool-progress
[Thread 019d8a16-b0a3-75c0-877c-63dfc568ea55] myUpdate: tool-progress
[Thread 019d8a16-b0a3-75c0-877c-63dfc568ea55] myUpdate: tool-progress
[Thread 019d8a16-b0a3-75c0-877c-63dfc568ea55] myUpdate: tool-progress
[Thread 019d8a16-b0a3-75c0-877c-63dfc568ea55] myUpdate: tool-progress
[Thread 019d8a16-b0a3-75c0-877c-63dfc568ea55] myUpdate: tool-progress
[Thread 019d8a16-b0a3-75c0-877c-63dfc568ea55] myUpdate: tool-progress
[Thread 019d8a16-b0a3-75c0-877c-63dfc568ea55] myUpdate: tool-progress
[Thread 019d8a16-b0a3-75c0-877c-63dfc568ea55] myUpdate: tool-progress
[Thread 019d8a16-b0a3-75c0-877c-63dfc568ea55] myUpdate: tool-progress
[Thread 019d8a16-b0a3-75c0-877c-63dfc568ea55] myUpdate: tool-progress
[Thread 019d8a16-b0a3-75c0-877c-63dfc568ea55] myUpdate: tool-progress
[Thread 019d8a16-b0a3-75c0-877c-63dfc568ea55] myUpdate: tool-progress
[Thread 019d8a16-b0a3-75c0-877c-63dfc568ea55] myUpdate: tool-progress
[Thread 019d8a16-b0a3-75c0-877c-63dfc568ea55] myUpdate: tool-progress
[Thread 019d8a16-b0a3-75c0-877c-63dfc568ea55] myUpdate: tool-progress
[Thread 019d8a16-b0a3-75c0-877c-63dfc568ea55] myUpdate: tool-progress
[Thread 019d8a16-b0a3-75c0-877c-63dfc568ea55] myUpdate: tool-progress
[Thread 019d8a16-b0a3-75c0-877c-63dfc568ea55] myUpdate: tool-progress
[Thread 019d8a16-b0a3-75c0-877c-63dfc568ea55] myUpdate: tool-progress
[Thread 019d8a16-b0a3-75c0-877c-63dfc568ea55] myUpdate: tool-progress
[Thread 019d8a16-b0a3-75c0-877c-63dfc568ea55] myUpdate: tool-progress
[Thread 019d8a16-b0a3-75c0-877c-63dfc568ea55] myUpdate: tool-progress
[Thread 019d8a16-b0a3-75c0-877c-63dfc568ea55] myUpdate: tool-progress
[Thread 019d8a16-b0a3-75c0-877c-63dfc568ea55] myUpdate: tool-progress
[Thread 019d8a16-b0a3-75c0-877c-63dfc568ea55] myUpdate: tool-progress
[Thread 019d8a16-b0a3-75c0-877c-63dfc568ea55] myUpdate: tool-progress
[Thread 019d8a16-b0a3-75c0-877c-63dfc568ea55] myUpdate: tool-progress
[Thread 019d8a16-b0a3-75c0-877c-63dfc568ea55] myUpdate: tool-progress
[Thread 019d8a16-b0a3-75c0-877c-63dfc568ea55] myUpdate: tool-progress
[Thread 019d8a16-b0a3-75c0-877c-63dfc568ea55] myUpdate: tool-progress
[Thread 019d8a16-b0a3-75c0-877c-63dfc568ea55] myUpdate: tool-progress
[Thread 019d8a16-b0a3-75c0-877c-63dfc568ea55] myUpdate: tool-progress
[Thread 019d8a16-b0a3-75c0-877c-63dfc568ea55] myUpdate: tool-progress
[Thread 019d8a16-b0a3-75c0-877c-63dfc568ea55] myUpdate: tool-progress
[Thread 019d8a16-b0a3-75c0-877c-63dfc568ea55] myUpdate: tool-progress
[Thread 019d8a16-b0a3-75c0-877c-63dfc568ea55] myUpdate: tool-progress
[Thread 019d8a16-b0a3-75c0-877c-63dfc568ea55] myUpdate: tool-progress
[Thread 019d8a16-b0a3-75c0-877c-63dfc568ea55] myUpdate: tool-progress
[Thread 019d8a16-b0a3-75c0-877c-63dfc568ea55] myUpdate: tool-progress
[Thread 019d8a16-b0a3-75c0-877c-63dfc568ea55] myUpdate: tool-progress
[Thread 019d8a16-b0a3-75c0-877c-63dfc568ea55] myUpdate: tool-progress
[Thread 019d8a16-b0a3-75c0-877c-63dfc568ea55] myUpdate: tool-progress
[Thread 019d8a16-b0a3-75c0-877c-63dfc568ea55] myUpdate: tool-progress
[Thread 019d8a16-b0a3-75c0-877c-63dfc568ea55] myUpdate: tool-progress
[Thread 019d8a16-b0a3-75c0-877c-63dfc568ea55] myUpdate: tool-progress
[Thread 019d8a16-b0a3-75c0-877c-63dfc568ea55] myUpdate: tool-progress
[Thread 019d8a16-b0a3-75c0-877c-63dfc568ea55] myUpdate: tool-progress
[Thread 019d8a16-b0a3-75c0-877c-63dfc568ea55] myUpdate: tool-progress
[Thread 019d8a16-b0a3-75c0-877c-63dfc568ea55] myUpdate: tool-progress
[Thread 019d8a16-b0a3-75c0-877c-63dfc568ea55] myUpdate: tool-progress
[Thread 019d8a16-b0a3-75c0-877c-63dfc568ea55] myUpdate: tool-progress
[Thread 019d8a16-b0a3-75c0-877c-63dfc568ea55] myUpdate: tool-progress
[Thread 019d8a16-b0a3-75c0-877c-63dfc568ea55] myUpdate: tool-progress
[Thread 019d8a16-b0a3-75c0-877c-63dfc568ea55] myUpdate: tool-progress
[Thread 019d8a16-b0a3-75c0-877c-63dfc568ea55] myUpdate: tool-progress
[Thread 019d8a16-b0a3-75c0-877c-63dfc568ea55] myUpdate: tool-progress
[Thread 019d8a16-b0a3-75c0-877c-63dfc568ea55] myUpdate: tool-progress
[Thread 019d8a16-b0a3-75c0-877c-63dfc568ea55] myUpdate: tool-progress
[Thread 019d8a16-b0a3-75c0-877c-63dfc568ea55] myUpdate: tool-progress
[Thread 019d8a16-b0a3-75c0-877c-63dfc568ea55] myUpdate: tool-progress
[Thread 019d8a16-b0a3-75c0-877c-63dfc568ea55] myUpdate: tool-progress
[Thread 019d8a16-b0a3-75c0-877c-63dfc568ea55] myUpdate: tool-progress
[Thread 019d8a16-b0a3-75c0-877c-63dfc568ea55] myUpdate: tool-progress
[Thread 019d8a16-b0a3-75c0-877c-63dfc568ea55] myUpdate: tool-progress
[Thread 019d8a16-b0a3-75c0-877c-63dfc568ea55] myUpdate: tool-progress
[Thread 019d8a16-b0a3-75c0-877c-63dfc568ea55] myUpdate: tool-progress
[Thread 019d8a16-b0a3-75c0-877c-63dfc568ea55] myUpdate: tool-progress
[Thread 019d8a16-b0a3-75c0-877c-63dfc568ea55] myUpdate: tool-progress
[Thread 019d8a16-b0a3-75c0-877c-63dfc568ea55] myUpdate: tool-progress
[Thread 019d8a16-b0a3-75c0-877c-63dfc568ea55] myUpdate: tool-progress
[Thread 019d8a16-b0a3-75c0-877c-63dfc568ea55] myUpdate: tool-progress
[Thread 019d8a16-b0a3-75c0-877c-63dfc568ea55] myUpdate: tool-progress
[Thread 019d8a16-b0a3-75c0-877c-63dfc568ea55] myUpdate: tool-progress
[Thread 019d8a16-b0a3-75c0-877c-63dfc568ea55] myUpdate: tool-progress
[Thread 019d8a16-b0a3-75c0-877c-63dfc568ea55] myUpdate: tool-progress
[Thread 019d8a16-b0a3-75c0-877c-63dfc568ea55] myUpdate: tool-progress
[Thread 019d8a16-b0a3-75c0-877c-63dfc568ea55] myUpdate: tool-progress

stderr | node/tools/bashCommand.test.ts > bash command output logging > opens log file in non-magenta window when clicking Full output link
[Thread 019d8a16-b0a3-75c0-877c-63dfc568ea55] myUpdate: tool-progress

stderr | node/tools/bashCommand.test.ts > bash command output logging > opens log file in non-magenta window when clicking Full output link
[Thread 019d8a16-b0a3-75c0-877c-63dfc568ea55] myUpdate: tool-progress

stderr | node/render-tools/spawn-subagents.test.ts > node/render-tools/spawn-subagents.test.ts > abort does not resolve parent tool calls > blocking spawn_subagents stays pending when child is aborted, resolves on yield
[Thread 019d8a16-b085-720d-82c5-fbc0c337d0c0] myUpdate: abort

stderr | node/render-tools/spawn-subagents.test.ts > node/render-tools/spawn-subagents.test.ts > abort does not resolve parent tool calls > blocking spawn_subagents stays pending when child is aborted, resolves on yield
[Thread 019d8a16-b085-720d-82c5-fbc0c337d0c0] myUpdate: tool-progress
[Thread 019d8a16-b085-720d-82c5-fbc0c337d0c0] myUpdate: tool-progress

stderr | node/tools/bashCommand.test.ts > bash command output logging > opens log file in non-magenta window when clicking Full output link
[Thread 019d8a16-b0a3-75c0-877c-63dfc568ea55] myUpdate: tool-progress

stderr | node/render-tools/spawn-subagents.test.ts > node/render-tools/spawn-subagents.test.ts > abort does not resolve parent tool calls > blocking spawn_subagents stays pending when child is aborted, resolves on yield
[Thread 019d8a16-b085-720d-82c5-fbc0c337d0c0] myUpdate: tool-progress

stderr | node/sidebar.test.ts > node/sidebar.test.ts > sidebar position options > should position sidebar on the right
getVar(magenta) failed: [1,"Key not found: magenta"]

stderr | node/sidebar.test.ts > node/sidebar.test.ts > sidebar position options > should position sidebar on the right
getVar(magenta) failed: [1,"Key not found: magenta"]

stderr | node/sidebar.test.ts > node/sidebar.test.ts > sidebar position options > should position sidebar on the right
getVar(magenta_display_window) failed: [1,"Key not found: magenta_display_window"]

stderr | node/tools/edl.test.ts > edl tool > toggles between preview and detail view
[Thread 019d8a16-b0aa-7327-9695-e9cad39b6f4f] myUpdate: toggle-tool-result

stderr | node/tools/bashCommand.test.ts > bash command output logging > opens log file in non-magenta window when clicking Full output link
getVar(magenta) failed: [1,"Key not found: magenta"]

 ✓ node/core/src/tools/bashCommand.test.ts (11 tests) 4ms
stderr | node/render-tools/spawn-subagents.test.ts > node/render-tools/spawn-subagents.test.ts > abort does not resolve parent tool calls > blocking spawn_subagents stays pending when child is aborted, resolves on yield
[Thread 019d8a16-b085-720d-82c5-fbc0c337d0c0] myUpdate: send-message

stderr | node/render-tools/spawn-subagents.test.ts > node/render-tools/spawn-subagents.test.ts > abort does not resolve parent tool calls > blocking spawn_subagents stays pending when child is aborted, resolves on yield
[Thread 019d8a16-b085-720d-82c5-fbc0c337d0c0] myUpdate: tool-progress

stderr | node/render-tools/spawn-subagents.test.ts > node/render-tools/spawn-subagents.test.ts > abort does not resolve parent tool calls > blocking spawn_subagents stays pending when child is aborted, resolves on yield
[winston] Attempt to write logs with no transports, which can increase memory usage: {"message":"Usage: inputTokens=1000 outputTokens=5000 cacheHits=0 cacheMisses=0 stopReason=tool_use","level":"info"}

stderr | node/render-tools/spawn-subagents.test.ts > node/render-tools/spawn-subagents.test.ts > abort does not resolve parent tool calls > blocking spawn_subagents stays pending when child is aborted, resolves on yield
[Thread 019d8a16-b085-720d-82c5-fbc0c337d0c0] myUpdate: tool-progress
[Thread 019d8a16-b085-720d-82c5-fbc0c337d0c0] myUpdate: tool-progress
[Thread 019d8a16-b085-720d-82c5-fbc0c337d0c0] myUpdate: tool-progress
[Thread 019d8a16-b085-720d-82c5-fbc0c337d0c0] myUpdate: tool-progress

stderr | node/render-tools/spawn-subagents.test.ts > node/render-tools/spawn-subagents.test.ts > abort does not resolve parent tool calls > blocking spawn_subagents stays pending when child is aborted, resolves on yield
[Thread 019d8a16-b06a-77a6-987a-5c1f8a254f9f] myUpdate: tool-progress

stderr | node/render-tools/spawn-subagents.test.ts > node/render-tools/spawn-subagents.test.ts > abort does not resolve parent tool calls > blocking spawn_subagents stays pending when child is aborted, resolves on yield
[Thread 019d8a16-b06a-77a6-987a-5c1f8a254f9f] myUpdate: tool-progress

stderr | node/render-tools/spawn-subagents.test.ts > node/render-tools/spawn-subagents.test.ts > abort does not resolve parent tool calls > blocking spawn_subagents stays pending when child is aborted, resolves on yield
[Thread 019d8a16-b085-720d-82c5-fbc0c337d0c0] myUpdate: tool-progress

stderr | node/render-tools/spawn-subagents.test.ts > node/render-tools/spawn-subagents.test.ts > abort does not resolve parent tool calls > blocking spawn_subagents stays pending when child is aborted, resolves on yield
[Thread 019d8a16-b06a-77a6-987a-5c1f8a254f9f] myUpdate: tool-progress

stderr | node/chat/thread.test.ts > processes @buffers keyword to include buffers list in message
getVar(magenta) failed: [1,"Key not found: magenta"]

stderr | node/chat/thread.test.ts > processes @buffers keyword to include buffers list in message
getVar(magenta_display_window) failed: [1,"Key not found: magenta_display_window"]

stderr | node/chat/thread.test.ts > processes @buffers keyword to include buffers list in message
[Thread 019d8a16-b160-765c-90e8-1f764f915f6e] myUpdate: send-message

stderr | node/chat/thread.test.ts > processes @buffers keyword to include buffers list in message
[Thread 019d8a16-b160-765c-90e8-1f764f915f6e] myUpdate: tool-progress

stderr | node/chat/thread.test.ts > processes @buffers keyword to include buffers list in message
[winston] Attempt to write logs with no transports, which can increase memory usage: {"message":"Usage: inputTokens=1000 outputTokens=5000 cacheHits=0 cacheMisses=0 stopReason=end_turn","level":"info"}

stderr | node/chat/thread.test.ts > processes @buffers keyword to include buffers list in message
[Thread 019d8a16-b160-765c-90e8-1f764f915f6e] myUpdate: tool-progress

stderr | node/chat/system-reminders.test.ts > auto-respond skips system reminder when output tokens are below threshold
getVar(magenta) failed: [1,"Key not found: magenta"]

stderr | node/chat/system-reminders.test.ts > auto-respond skips system reminder when output tokens are below threshold
getVar(magenta_display_window) failed: [1,"Key not found: magenta_display_window"]

stderr | node/chat/system-reminders.test.ts > auto-respond skips system reminder when output tokens are below threshold
[Thread 019d8a16-b182-7372-8778-b234b096c410] myUpdate: send-message

stderr | node/chat/system-reminders.test.ts > auto-respond skips system reminder when output tokens are below threshold
[Thread 019d8a16-b182-7372-8778-b234b096c410] myUpdate: tool-progress

stderr | node/chat/system-reminders.test.ts > auto-respond skips system reminder when output tokens are below threshold
[winston] Attempt to write logs with no transports, which can increase memory usage: {"message":"Usage: inputTokens=100 outputTokens=100 cacheHits=0 cacheMisses=0 stopReason=tool_use","level":"info"}

stderr | node/chat/system-reminders.test.ts > auto-respond skips system reminder when output tokens are below threshold
[Thread 019d8a16-b182-7372-8778-b234b096c410] myUpdate: tool-progress

stderr | node/tools/bashCommand.test.ts > bash command output logging > opens log file in non-magenta window when clicking Full output link
getVar(magenta) failed: [1,"Key not found: magenta"]

stderr | node/chat/system-reminders.test.ts > auto-respond skips system reminder when output tokens are below threshold
[Thread 019d8a16-b182-7372-8778-b234b096c410] myUpdate: tool-progress

stderr | node/chat/system-reminders.test.ts > auto-respond skips system reminder when output tokens are below threshold
[Thread 019d8a16-b182-7372-8778-b234b096c410] myUpdate: tool-progress

stderr | node/chat/system-reminders.test.ts > auto-respond skips system reminder when output tokens are below threshold
[Thread 019d8a16-b182-7372-8778-b234b096c410] myUpdate: tool-progress

stderr | node/chat/thread.test.ts > processes @buffers keyword to include buffers list in message
[Thread 019d8a16-b160-765c-90e8-1f764f915f6e] myUpdate: tool-progress

stderr | node/chat/system-reminders.test.ts > auto-respond skips system reminder when output tokens are below threshold
[Thread 019d8a16-b182-7372-8778-b234b096c410] myUpdate: tool-progress

stderr | node/sidebar.test.ts > node/sidebar.test.ts > sidebar position options > should position sidebar above
getVar(magenta) failed: [1,"Key not found: magenta"]

stderr | node/sidebar.test.ts > node/sidebar.test.ts > sidebar position options > should position sidebar above
getVar(magenta_display_window) failed: [1,"Key not found: magenta_display_window"]

stderr | node/tools/edl.test.ts > edl tool > preview shows abridged script for long scripts
getVar(magenta) failed: [1,"Key not found: magenta"]

stderr | node/tools/bashCommand.test.ts > bash command output logging > includes duration in the tool result for successful commands
getVar(magenta) failed: [1,"Key not found: magenta"]

stderr | node/tools/edl.test.ts > edl tool > preview shows abridged script for long scripts
getVar(magenta_display_window) failed: [1,"Key not found: magenta_display_window"]

stderr | node/tools/edl.test.ts > edl tool > preview shows abridged script for long scripts
[Thread 019d8a16-b246-7429-8bd0-a76dd9b33c29] myUpdate: send-message

stderr | node/tools/edl.test.ts > edl tool > preview shows abridged script for long scripts
[Thread 019d8a16-b246-7429-8bd0-a76dd9b33c29] myUpdate: tool-progress

stderr | node/tools/edl.test.ts > edl tool > preview shows abridged script for long scripts
[winston] Attempt to write logs with no transports, which can increase memory usage: {"message":"Usage: inputTokens=1000 outputTokens=5000 cacheHits=0 cacheMisses=0 stopReason=tool_use","level":"info"}

stderr | node/tools/edl.test.ts > edl tool > preview shows abridged script for long scripts
[Thread 019d8a16-b246-7429-8bd0-a76dd9b33c29] myUpdate: tool-progress

stderr | node/tools/bashCommand.test.ts > bash command output logging > includes duration in the tool result for successful commands
getVar(magenta_display_window) failed: [1,"Key not found: magenta_display_window"]

stderr | node/tools/bashCommand.test.ts > bash command output logging > includes duration in the tool result for successful commands
[Thread 019d8a16-b24a-73d8-bd43-463b4868ab0c] myUpdate: send-message

stderr | node/tools/bashCommand.test.ts > bash command output logging > includes duration in the tool result for successful commands
[Thread 019d8a16-b24a-73d8-bd43-463b4868ab0c] myUpdate: tool-progress

stderr | node/tools/bashCommand.test.ts > bash command output logging > includes duration in the tool result for successful commands
[winston] Attempt to write logs with no transports, which can increase memory usage: {"message":"Usage: inputTokens=1000 outputTokens=5000 cacheHits=0 cacheMisses=0 stopReason=tool_use","level":"info"}

stderr | node/tools/edl.test.ts > edl tool > preview shows abridged script for long scripts
[Thread 019d8a16-b246-7429-8bd0-a76dd9b33c29] myUpdate: tool-progress

stderr | node/tools/edl.test.ts > edl tool > preview shows abridged script for long scripts
[Thread 019d8a16-b246-7429-8bd0-a76dd9b33c29] myUpdate: tool-progress

stderr | node/tools/edl.test.ts > edl tool > preview shows abridged script for long scripts
[Thread 019d8a16-b246-7429-8bd0-a76dd9b33c29] myUpdate: tool-progress

stderr | node/tools/bashCommand.test.ts > bash command output logging > includes duration in the tool result for successful commands
[Thread 019d8a16-b24a-73d8-bd43-463b4868ab0c] myUpdate: tool-progress

stderr | node/tools/edl.test.ts > edl tool > preview shows abridged script for long scripts
[Thread 019d8a16-b246-7429-8bd0-a76dd9b33c29] myUpdate: tool-progress

stderr | node/tools/bashCommand.test.ts > bash command output logging > includes duration in the tool result for successful commands
[Thread 019d8a16-b24a-73d8-bd43-463b4868ab0c] myUpdate: tool-progress

 ✓ node/sandbox-manager.test.ts (11 tests) 17ms
stderr | node/render-tools/spawn-subagents.test.ts > node/render-tools/spawn-subagents.test.ts > abort does not resolve parent tool calls > spawn_subagents stays pending when child is aborted, resolves on yield
getVar(magenta) failed: [1,"Key not found: magenta"]

stderr | node/render-tools/spawn-subagents.test.ts > node/render-tools/spawn-subagents.test.ts > abort does not resolve parent tool calls > spawn_subagents stays pending when child is aborted, resolves on yield
getVar(magenta_display_window) failed: [1,"Key not found: magenta_display_window"]

stderr | node/render-tools/spawn-subagents.test.ts > node/render-tools/spawn-subagents.test.ts > abort does not resolve parent tool calls > spawn_subagents stays pending when child is aborted, resolves on yield
[Thread 019d8a16-b296-74ae-bcef-88ed18dadd06] myUpdate: send-message

stderr | node/render-tools/spawn-subagents.test.ts > node/render-tools/spawn-subagents.test.ts > abort does not resolve parent tool calls > spawn_subagents stays pending when child is aborted, resolves on yield
[Thread 019d8a16-b296-74ae-bcef-88ed18dadd06] myUpdate: tool-progress

stderr | node/render-tools/spawn-subagents.test.ts > node/render-tools/spawn-subagents.test.ts > abort does not resolve parent tool calls > spawn_subagents stays pending when child is aborted, resolves on yield
[winston] Attempt to write logs with no transports, which can increase memory usage: {"message":"Usage: inputTokens=1000 outputTokens=5000 cacheHits=0 cacheMisses=0 stopReason=tool_use","level":"info"}

stderr | node/tools/bashCommand.test.ts > bash command output logging > includes duration in the tool result for successful commands
[Thread 019d8a16-b24a-73d8-bd43-463b4868ab0c] myUpdate: tool-progress

stderr | node/tools/bashCommand.test.ts > bash command output logging > includes duration in the tool result for successful commands
[Thread 019d8a16-b24a-73d8-bd43-463b4868ab0c] myUpdate: tool-progress

stderr | node/tools/bashCommand.test.ts > bash command output logging > includes duration in the tool result for successful commands
[Thread 019d8a16-b24a-73d8-bd43-463b4868ab0c] myUpdate: tool-progress

stderr | node/render-tools/spawn-subagents.test.ts > node/render-tools/spawn-subagents.test.ts > abort does not resolve parent tool calls > spawn_subagents stays pending when child is aborted, resolves on yield
[Thread 019d8a16-b296-74ae-bcef-88ed18dadd06] myUpdate: tool-progress

stderr | node/render-tools/spawn-subagents.test.ts > node/render-tools/spawn-subagents.test.ts > abort does not resolve parent tool calls > spawn_subagents stays pending when child is aborted, resolves on yield
[Thread 019d8a16-b2af-77bc-9b3d-755a73c68705] myUpdate: send-message

stderr | node/render-tools/spawn-subagents.test.ts > node/render-tools/spawn-subagents.test.ts > abort does not resolve parent tool calls > spawn_subagents stays pending when child is aborted, resolves on yield
[Thread 019d8a16-b2af-77bc-9b3d-755a73c68705] myUpdate: tool-progress
[Thread 019d8a16-b296-74ae-bcef-88ed18dadd06] myUpdate: tool-progress

stderr | node/tools/bashCommand.test.ts > bash command output logging > includes duration in the tool result for successful commands
[Thread 019d8a16-b24a-73d8-bd43-463b4868ab0c] myUpdate: tool-progress

stderr | node/render-tools/spawn-subagents.test.ts > node/render-tools/spawn-subagents.test.ts > abort does not resolve parent tool calls > spawn_subagents stays pending when child is aborted, resolves on yield
[Thread 019d8a16-b296-74ae-bcef-88ed18dadd06] myUpdate: tool-progress

stderr | node/render-tools/spawn-subagents.test.ts > node/render-tools/spawn-subagents.test.ts > abort does not resolve parent tool calls > spawn_subagents stays pending when child is aborted, resolves on yield
[Thread 019d8a16-b2af-77bc-9b3d-755a73c68705] myUpdate: tool-progress

stderr | node/chat/system-reminders.test.ts > auto-respond includes system reminder after accumulating enough output tokens
getVar(magenta) failed: [1,"Key not found: magenta"]

stderr | node/chat/system-reminders.test.ts > auto-respond includes system reminder after accumulating enough output tokens
getVar(magenta_display_window) failed: [1,"Key not found: magenta_display_window"]

stderr | node/chat/system-reminders.test.ts > auto-respond includes system reminder after accumulating enough output tokens
[Thread 019d8a16-b2d5-71fb-a25a-a18df845f88f] myUpdate: send-message

stderr | node/chat/system-reminders.test.ts > auto-respond includes system reminder after accumulating enough output tokens
[Thread 019d8a16-b2d5-71fb-a25a-a18df845f88f] myUpdate: tool-progress

stderr | node/chat/system-reminders.test.ts > auto-respond includes system reminder after accumulating enough output tokens
[winston] Attempt to write logs with no transports, which can increase memory usage: {"message":"Usage: inputTokens=100 outputTokens=100 cacheHits=0 cacheMisses=0 stopReason=tool_use","level":"info"}

stderr | node/chat/system-reminders.test.ts > auto-respond includes system reminder after accumulating enough output tokens
[Thread 019d8a16-b2d5-71fb-a25a-a18df845f88f] myUpdate: tool-progress

stderr | node/chat/thread.test.ts > handles empty buffers list with @buf command
getVar(magenta) failed: [1,"Key not found: magenta"]

stderr | node/chat/system-reminders.test.ts > auto-respond includes system reminder after accumulating enough output tokens
[Thread 019d8a16-b2d5-71fb-a25a-a18df845f88f] myUpdate: tool-progress

stderr | node/chat/system-reminders.test.ts > auto-respond includes system reminder after accumulating enough output tokens
[Thread 019d8a16-b2d5-71fb-a25a-a18df845f88f] myUpdate: tool-progress

stderr | node/chat/system-reminders.test.ts > auto-respond includes system reminder after accumulating enough output tokens
[Thread 019d8a16-b2d5-71fb-a25a-a18df845f88f] myUpdate: tool-progress

stderr | node/chat/thread.test.ts > handles empty buffers list with @buf command
getVar(magenta_display_window) failed: [1,"Key not found: magenta_display_window"]

stderr | node/chat/thread.test.ts > handles empty buffers list with @buf command
[Thread 019d8a16-b2d7-746c-86fc-5155f3e6e40b] myUpdate: send-message

stderr | node/chat/thread.test.ts > handles empty buffers list with @buf command
[Thread 019d8a16-b2d7-746c-86fc-5155f3e6e40b] myUpdate: tool-progress

stderr | node/chat/thread.test.ts > handles empty buffers list with @buf command
[winston] Attempt to write logs with no transports, which can increase memory usage: {"message":"Usage: inputTokens=1000 outputTokens=5000 cacheHits=0 cacheMisses=0 stopReason=end_turn","level":"info"}

stderr | node/chat/thread.test.ts > handles empty buffers list with @buf command
[Thread 019d8a16-b2d7-746c-86fc-5155f3e6e40b] myUpdate: tool-progress

stderr | node/sidebar.test.ts > node/sidebar.test.ts > sidebar position options > should position sidebar below
getVar(magenta) failed: [1,"Key not found: magenta"]

stderr | node/sidebar.test.ts > node/sidebar.test.ts > sidebar position options > should position sidebar below
getVar(magenta) failed: [1,"Key not found: magenta"]

stderr | node/sidebar.test.ts > node/sidebar.test.ts > sidebar position options > should position sidebar below
getVar(magenta_display_window) failed: [1,"Key not found: magenta_display_window"]

stderr | node/chat/system-reminders.test.ts > auto-respond includes system reminder after accumulating enough output tokens
[Thread 019d8a16-b2d5-71fb-a25a-a18df845f88f] myUpdate: tool-progress

stderr | node/render-tools/spawn-subagents.test.ts > node/render-tools/spawn-subagents.test.ts > abort does not resolve parent tool calls > spawn_subagents stays pending when child is aborted, resolves on yield
[Thread 019d8a16-b2af-77bc-9b3d-755a73c68705] myUpdate: abort

stderr | node/render-tools/spawn-subagents.test.ts > node/render-tools/spawn-subagents.test.ts > abort does not resolve parent tool calls > spawn_subagents stays pending when child is aborted, resolves on yield
[Thread 019d8a16-b2af-77bc-9b3d-755a73c68705] myUpdate: tool-progress
[Thread 019d8a16-b2af-77bc-9b3d-755a73c68705] myUpdate: tool-progress

stderr | node/chat/thread.test.ts > handles empty buffers list with @buf command
[Thread 019d8a16-b2d7-746c-86fc-5155f3e6e40b] myUpdate: tool-progress

stderr | node/render-tools/spawn-subagents.test.ts > node/render-tools/spawn-subagents.test.ts > abort does not resolve parent tool calls > spawn_subagents stays pending when child is aborted, resolves on yield
[Thread 019d8a16-b2af-77bc-9b3d-755a73c68705] myUpdate: tool-progress

stderr | node/render-tools/docker-sync.test.ts
Using an object as a third argument is deprecated. Vitest 4 will throw an error if the third argument is not a timeout number. Please use the second argument for options. See more at https://vitest.dev/guide/migration
Using an object as a third argument is deprecated. Vitest 4 will throw an error if the third argument is not a timeout number. Please use the second argument for options. See more at https://vitest.dev/guide/migration

 ↓ node/render-tools/docker-sync.test.ts (2 tests | 2 skipped)
stderr | node/magenta.test.ts > new-thread command should work
getVar(magenta) failed: [1,"Key not found: magenta"]

stderr | node/magenta.test.ts > new-thread command should work
getVar(magenta_display_window) failed: [1,"Key not found: magenta_display_window"]

stderr | node/magenta.test.ts > new-thread command should work
[Thread 019d8a16-b32f-73fc-a98b-6ee797166ca5] myUpdate: send-message

stderr | node/magenta.test.ts > new-thread command should work
[Thread 019d8a16-b32f-73fc-a98b-6ee797166ca5] myUpdate: tool-progress

stderr | node/magenta.test.ts > new-thread command should work
[winston] Attempt to write logs with no transports, which can increase memory usage: {"message":"Usage: inputTokens=1000 outputTokens=5000 cacheHits=0 cacheMisses=0 stopReason=end_turn","level":"info"}

stderr | node/magenta.test.ts > new-thread command should work
[Thread 019d8a16-b32f-73fc-a98b-6ee797166ca5] myUpdate: tool-progress

stderr | node/chat/system-reminders.test.ts > auto-respond includes system reminder after accumulating enough output tokens
[winston] Attempt to write logs with no transports, which can increase memory usage: {"message":"Usage: inputTokens=100 outputTokens=2500 cacheHits=0 cacheMisses=0 stopReason=tool_use","level":"info"}

stderr | node/chat/system-reminders.test.ts > auto-respond includes system reminder after accumulating enough output tokens
[Thread 019d8a16-b2d5-71fb-a25a-a18df845f88f] myUpdate: tool-progress
[Thread 019d8a16-b2d5-71fb-a25a-a18df845f88f] myUpdate: tool-progress

stderr | node/chat/system-reminders.test.ts > auto-respond includes system reminder after accumulating enough output tokens
[Thread 019d8a16-b2d5-71fb-a25a-a18df845f88f] myUpdate: tool-progress

stderr | node/magenta.test.ts > new-thread command should work
[Thread 019d8a16-b32f-73fc-a98b-6ee797166ca5] myUpdate: tool-progress

stderr | node/chat/system-reminders.test.ts > auto-respond includes system reminder after accumulating enough output tokens
[Thread 019d8a16-b2d5-71fb-a25a-a18df845f88f] myUpdate: tool-progress

stderr | node/render-tools/spawn-subagents.test.ts > node/render-tools/spawn-subagents.test.ts > abort does not resolve parent tool calls > spawn_subagents stays pending when child is aborted, resolves on yield
[Thread 019d8a16-b2af-77bc-9b3d-755a73c68705] myUpdate: send-message

stderr | node/render-tools/spawn-subagents.test.ts > node/render-tools/spawn-subagents.test.ts > abort does not resolve parent tool calls > spawn_subagents stays pending when child is aborted, resolves on yield
[Thread 019d8a16-b2af-77bc-9b3d-755a73c68705] myUpdate: tool-progress

stderr | node/render-tools/spawn-subagents.test.ts > node/render-tools/spawn-subagents.test.ts > abort does not resolve parent tool calls > spawn_subagents stays pending when child is aborted, resolves on yield
[winston] Attempt to write logs with no transports, which can increase memory usage: {"message":"Usage: inputTokens=1000 outputTokens=5000 cacheHits=0 cacheMisses=0 stopReason=tool_use","level":"info"}

stderr | node/render-tools/spawn-subagents.test.ts > node/render-tools/spawn-subagents.test.ts > abort does not resolve parent tool calls > spawn_subagents stays pending when child is aborted, resolves on yield
[Thread 019d8a16-b2af-77bc-9b3d-755a73c68705] myUpdate: tool-progress
[Thread 019d8a16-b2af-77bc-9b3d-755a73c68705] myUpdate: tool-progress
[Thread 019d8a16-b2af-77bc-9b3d-755a73c68705] myUpdate: tool-progress
[Thread 019d8a16-b2af-77bc-9b3d-755a73c68705] myUpdate: tool-progress

stderr | node/render-tools/spawn-subagents.test.ts > node/render-tools/spawn-subagents.test.ts > abort does not resolve parent tool calls > spawn_subagents stays pending when child is aborted, resolves on yield
[Thread 019d8a16-b296-74ae-bcef-88ed18dadd06] myUpdate: tool-progress

stderr | node/render-tools/spawn-subagents.test.ts > node/render-tools/spawn-subagents.test.ts > abort does not resolve parent tool calls > spawn_subagents stays pending when child is aborted, resolves on yield
[Thread 019d8a16-b296-74ae-bcef-88ed18dadd06] myUpdate: tool-progress

 ✓ node/core/src/edl/document.test.ts (30 tests) 3ms
stderr | node/tools/edl.test.ts > edl tool > detail view shows full unabridged script
getVar(magenta) failed: [1,"Key not found: magenta"]

stderr | node/render-tools/spawn-subagents.test.ts > node/render-tools/spawn-subagents.test.ts > abort does not resolve parent tool calls > spawn_subagents stays pending when child is aborted, resolves on yield
[Thread 019d8a16-b2af-77bc-9b3d-755a73c68705] myUpdate: tool-progress

stderr | node/render-tools/spawn-subagents.test.ts > node/render-tools/spawn-subagents.test.ts > abort does not resolve parent tool calls > spawn_subagents stays pending when child is aborted, resolves on yield
[Thread 019d8a16-b296-74ae-bcef-88ed18dadd06] myUpdate: tool-progress

stderr | node/tools/edl.test.ts > edl tool > detail view shows full unabridged script
getVar(magenta_display_window) failed: [1,"Key not found: magenta_display_window"]

stderr | node/tools/edl.test.ts > edl tool > detail view shows full unabridged script
[Thread 019d8a16-b388-75cf-a48f-60bcec16639e] myUpdate: send-message

stderr | node/tools/edl.test.ts > edl tool > detail view shows full unabridged script
[Thread 019d8a16-b388-75cf-a48f-60bcec16639e] myUpdate: tool-progress

stderr | node/tools/edl.test.ts > edl tool > detail view shows full unabridged script
[winston] Attempt to write logs with no transports, which can increase memory usage: {"message":"Usage: inputTokens=1000 outputTokens=5000 cacheHits=0 cacheMisses=0 stopReason=tool_use","level":"info"}

stderr | node/tools/edl.test.ts > edl tool > detail view shows full unabridged script
[Thread 019d8a16-b388-75cf-a48f-60bcec16639e] myUpdate: tool-progress

stderr | node/tools/edl.test.ts > edl tool > detail view shows full unabridged script
[Thread 019d8a16-b388-75cf-a48f-60bcec16639e] myUpdate: tool-progress

stderr | node/tools/edl.test.ts > edl tool > detail view shows full unabridged script
[Thread 019d8a16-b388-75cf-a48f-60bcec16639e] myUpdate: tool-progress

stderr | node/tools/edl.test.ts > edl tool > detail view shows full unabridged script
[Thread 019d8a16-b388-75cf-a48f-60bcec16639e] myUpdate: tool-progress

stderr | node/tools/bashCommand.test.ts > bash command output logging > includes duration in the tool result for failed commands
getVar(magenta) failed: [1,"Key not found: magenta"]

stderr | node/tools/bashCommand.test.ts > bash command output logging > includes duration in the tool result for failed commands
getVar(magenta_display_window) failed: [1,"Key not found: magenta_display_window"]

stderr | node/tools/bashCommand.test.ts > bash command output logging > includes duration in the tool result for failed commands
[Thread 019d8a16-b39a-7200-bee6-02b3fef212df] myUpdate: send-message

stderr | node/tools/bashCommand.test.ts > bash command output logging > includes duration in the tool result for failed commands
[Thread 019d8a16-b39a-7200-bee6-02b3fef212df] myUpdate: tool-progress

stderr | node/tools/bashCommand.test.ts > bash command output logging > includes duration in the tool result for failed commands
[winston] Attempt to write logs with no transports, which can increase memory usage: {"message":"Usage: inputTokens=1000 outputTokens=5000 cacheHits=0 cacheMisses=0 stopReason=tool_use","level":"info"}

stderr | node/tools/bashCommand.test.ts > bash command output logging > includes duration in the tool result for failed commands
[Thread 019d8a16-b39a-7200-bee6-02b3fef212df] myUpdate: permission-pending-change
[Thread 019d8a16-b39a-7200-bee6-02b3fef212df] myUpdate: tool-progress

stderr | node/sidebar.test.ts > node/sidebar.test.ts > sidebar position options > should position sidebar in a new tab
getVar(magenta) failed: [1,"Key not found: magenta"]

stderr | node/tools/edl.test.ts > edl tool > detail view shows full unabridged script
[Thread 019d8a16-b388-75cf-a48f-60bcec16639e] myUpdate: tool-progress

stderr | node/sidebar.test.ts > node/sidebar.test.ts > sidebar position options > should position sidebar in a new tab
getVar(magenta) failed: [1,"Key not found: magenta"]

stderr | node/sidebar.test.ts > node/sidebar.test.ts > sidebar position options > should position sidebar in a new tab
getVar(magenta_display_window) failed: [1,"Key not found: magenta_display_window"]

stderr | node/magenta.test.ts > new-thread command should work
[Thread 019d8a16-b3bc-7608-9f78-054b95bbc01e] myUpdate: send-message

stderr | node/magenta.test.ts > new-thread command should work
[Thread 019d8a16-b3bc-7608-9f78-054b95bbc01e] myUpdate: tool-progress

stderr | node/magenta.test.ts > new-thread command should work
[winston] Attempt to write logs with no transports, which can increase memory usage: {"message":"Usage: inputTokens=1000 outputTokens=5000 cacheHits=0 cacheMisses=0 stopReason=end_turn","level":"info"}

stderr | node/magenta.test.ts > new-thread command should work
[Thread 019d8a16-b3bc-7608-9f78-054b95bbc01e] myUpdate: tool-progress

stderr | node/tools/bashCommand.test.ts > bash command output logging > includes duration in the tool result for failed commands
[Thread 019d8a16-b39a-7200-bee6-02b3fef212df] myUpdate: tool-progress

stderr | node/magenta.test.ts > new-thread command should work
[Thread 019d8a16-b3bc-7608-9f78-054b95bbc01e] myUpdate: tool-progress

stderr | node/tools/edl.test.ts > edl tool > detail view shows full unabridged script
[Thread 019d8a16-b388-75cf-a48f-60bcec16639e] myUpdate: toggle-tool-input

stderr | node/tools/edl.test.ts > edl tool > detail view shows full unabridged script
[Thread 019d8a16-b388-75cf-a48f-60bcec16639e] myUpdate: toggle-tool-result

stderr | node/tools/bashCommand.test.ts > bash command output logging > includes duration in the tool result for failed commands
[Thread 019d8a16-b39a-7200-bee6-02b3fef212df] myUpdate: permission-pending-change

stderr | node/tools/bashCommand.test.ts > bash command output logging > includes duration in the tool result for failed commands
[Thread 019d8a16-b39a-7200-bee6-02b3fef212df] myUpdate: tool-progress

stderr | node/tools/bashCommand.test.ts > bash command output logging > includes duration in the tool result for failed commands
[Thread 019d8a16-b39a-7200-bee6-02b3fef212df] myUpdate: tool-progress

stderr | node/tools/bashCommand.test.ts > bash command output logging > includes duration in the tool result for failed commands
[Thread 019d8a16-b39a-7200-bee6-02b3fef212df] myUpdate: tool-progress

stderr | node/chat/thread.test.ts > processes @diff command to include git diff in message
getVar(magenta) failed: [1,"Key not found: magenta"]

stderr | node/sidebar.test.ts > node/sidebar.test.ts > should display and update token count in input window title
getVar(magenta) failed: [1,"Key not found: magenta"]

stderr | node/chat/thread.test.ts > processes @diff command to include git diff in message
getVar(magenta_display_window) failed: [1,"Key not found: magenta_display_window"]

 ✓ node/core/src/tools/findReferences.test.ts (4 tests) 3ms
stderr | node/sidebar.test.ts > node/sidebar.test.ts > should display and update token count in input window title
getVar(magenta_display_window) failed: [1,"Key not found: magenta_display_window"]

stderr | node/chat/system-reminders.test.ts > root thread should get base reminder
getVar(magenta) failed: [1,"Key not found: magenta"]

stderr | node/sidebar.test.ts > node/sidebar.test.ts > should display and update token count in input window title
[Thread 019d8a16-b483-77f5-b09d-d9f7e14db545] myUpdate: send-message

stderr | node/sidebar.test.ts > node/sidebar.test.ts > should display and update token count in input window title
[Thread 019d8a16-b483-77f5-b09d-d9f7e14db545] myUpdate: tool-progress

stderr | node/render-tools/spawn-subagents.test.ts > node/render-tools/spawn-subagents.test.ts > abort does not resolve parent tool calls > aborting parent thread while subagent is running aborts the spawn
getVar(magenta) failed: [1,"Key not found: magenta"]

stderr | node/sidebar.test.ts > node/sidebar.test.ts > should display and update token count in input window title
[winston] Attempt to write logs with no transports, which can increase memory usage: {"message":"Usage: inputTokens=1000 outputTokens=2000 cacheHits=0 cacheMisses=0 stopReason=tool_use","level":"info"}

stderr | node/sidebar.test.ts > node/sidebar.test.ts > should display and update token count in input window title
[Thread 019d8a16-b483-77f5-b09d-d9f7e14db545] myUpdate: tool-progress
[Thread 019d8a16-b483-77f5-b09d-d9f7e14db545] myUpdate: tool-progress

stderr | node/chat/system-reminders.test.ts > root thread should get base reminder
getVar(magenta_display_window) failed: [1,"Key not found: magenta_display_window"]

stderr | node/chat/system-reminders.test.ts > root thread should get base reminder
[Thread 019d8a16-b48b-735d-b08f-cbcc7039c42c] myUpdate: send-message

stderr | node/chat/system-reminders.test.ts > root thread should get base reminder
[Thread 019d8a16-b48b-735d-b08f-cbcc7039c42c] myUpdate: tool-progress

 ✓ node/tools/bashCommand.test.ts (20 tests | 3 skipped) 7845ms
   ✓ node/tools/bashCommand.test.ts > executes a simple echo command without requiring approval (allowlisted)  945ms
   ✓ node/tools/bashCommand.test.ts > handles command errors gracefully after approval  526ms
   ✓ node/tools/bashCommand.test.ts > requires approval for a command not in the allowlist  515ms
   ✓ node/tools/bashCommand.test.ts > handles user rejection of command  502ms
   ✓ node/tools/bashCommand.test.ts > displays approval dialog with proper box formatting  383ms
   ✓ node/tools/bashCommand.test.ts > terminates a long-running command with 't' key  517ms
   ✓ node/tools/bashCommand.test.ts > ensures a command is executed only once  457ms
   ✓ node/tools/bashCommand.test.ts > truncates display preview but preserves full output for agent  379ms
   ✓ node/tools/bashCommand.test.ts > auto-approves commands with redundant cd <cwd> && prefix  440ms
   ✓ node/tools/bashCommand.test.ts > abbreviates long lines and trims output to token limit  316ms
   ✓ bash command output logging > creates log file with command and output  442ms
   ✓ bash command output logging > abbreviates output when it exceeds token budget  354ms
   ✓ bash command output logging > includes full output when 30 lines or fewer  342ms
   ✓ bash command output logging > toggles between preview and detail view with Enter key  518ms
   ✓ bash command output logging > opens log file in non-magenta window when clicking Full output link  443ms
   ✓ bash command output logging > includes duration in the tool result for successful commands  337ms
   ✓ bash command output logging > includes duration in the tool result for failed commands  428ms
stderr | node/render-tools/spawn-subagents.test.ts > node/render-tools/spawn-subagents.test.ts > abort does not resolve parent tool calls > aborting parent thread while subagent is running aborts the spawn
getVar(magenta_display_window) failed: [1,"Key not found: magenta_display_window"]

stderr | node/render-tools/spawn-subagents.test.ts > node/render-tools/spawn-subagents.test.ts > abort does not resolve parent tool calls > aborting parent thread while subagent is running aborts the spawn
[Thread 019d8a16-b48a-70ea-831c-1d428a71d94b] myUpdate: send-message

stderr | node/render-tools/spawn-subagents.test.ts > node/render-tools/spawn-subagents.test.ts > abort does not resolve parent tool calls > aborting parent thread while subagent is running aborts the spawn
[Thread 019d8a16-b48a-70ea-831c-1d428a71d94b] myUpdate: tool-progress

stderr | node/render-tools/spawn-subagents.test.ts > node/render-tools/spawn-subagents.test.ts > abort does not resolve parent tool calls > aborting parent thread while subagent is running aborts the spawn
[winston] Attempt to write logs with no transports, which can increase memory usage: {"message":"Usage: inputTokens=1000 outputTokens=5000 cacheHits=0 cacheMisses=0 stopReason=tool_use","level":"info"}

stderr | node/render-tools/spawn-subagents.test.ts > node/render-tools/spawn-subagents.test.ts > abort does not resolve parent tool calls > aborting parent thread while subagent is running aborts the spawn
[Thread 019d8a16-b48a-70ea-831c-1d428a71d94b] myUpdate: tool-progress

stderr | node/render-tools/spawn-subagents.test.ts > node/render-tools/spawn-subagents.test.ts > abort does not resolve parent tool calls > aborting parent thread while subagent is running aborts the spawn
[Thread 019d8a16-b4a8-7577-b267-2897a100536d] myUpdate: send-message

stderr | node/render-tools/spawn-subagents.test.ts > node/render-tools/spawn-subagents.test.ts > abort does not resolve parent tool calls > aborting parent thread while subagent is running aborts the spawn
[Thread 019d8a16-b4a8-7577-b267-2897a100536d] myUpdate: tool-progress
[Thread 019d8a16-b48a-70ea-831c-1d428a71d94b] myUpdate: tool-progress

stderr | node/chat/thread.test.ts > processes @diff command to include git diff in message
[Thread 019d8a16-b405-724b-a805-93f6df041418] myUpdate: send-message

stderr | node/chat/thread.test.ts > processes @diff command to include git diff in message
[Thread 019d8a16-b405-724b-a805-93f6df041418] myUpdate: tool-progress

stderr | node/chat/thread.test.ts > processes @diff command to include git diff in message
[winston] Attempt to write logs with no transports, which can increase memory usage: {"message":"Usage: inputTokens=1000 outputTokens=5000 cacheHits=0 cacheMisses=0 stopReason=end_turn","level":"info"}

stderr | node/chat/thread.test.ts > processes @diff command to include git diff in message
[Thread 019d8a16-b405-724b-a805-93f6df041418] myUpdate: tool-progress

stderr | node/sidebar.test.ts > node/sidebar.test.ts > should display and update token count in input window title
[Thread 019d8a16-b483-77f5-b09d-d9f7e14db545] myUpdate: tool-progress

stderr | node/chat/system-reminders.test.ts > system reminder should be collapsed by default in UI
[Thread 019d8a16-b48b-735d-b08f-cbcc7039c42c] myUpdate: tool-progress

stderr | node/render-tools/spawn-subagents.test.ts > node/render-tools/spawn-subagents.test.ts > abort does not resolve parent tool calls > aborting parent thread while subagent is running aborts the spawn
[Thread 019d8a16-b48a-70ea-831c-1d428a71d94b] myUpdate: tool-progress

stderr | node/render-tools/spawn-subagents.test.ts > node/render-tools/spawn-subagents.test.ts > abort does not resolve parent tool calls > aborting parent thread while subagent is running aborts the spawn
[Thread 019d8a16-b4a8-7577-b267-2897a100536d] myUpdate: tool-progress

stderr | node/chat/thread.test.ts > processes @diff command to include git diff in message
[Thread 019d8a16-b405-724b-a805-93f6df041418] myUpdate: tool-progress

stderr | node/magenta.test.ts > abort command should work when waiting for response
getVar(magenta) failed: [1,"Key not found: magenta"]

stderr | node/magenta.test.ts > abort command should work when waiting for response
getVar(magenta_display_window) failed: [1,"Key not found: magenta_display_window"]

stderr | node/magenta.test.ts > abort command should work when waiting for response
[Thread 019d8a16-b4ee-7537-b320-72488bab947f] myUpdate: send-message

stderr | node/magenta.test.ts > abort command should work when waiting for response
[Thread 019d8a16-b4ee-7537-b320-72488bab947f] myUpdate: tool-progress

stderr | node/render-tools/spawn-subagents.test.ts > node/render-tools/spawn-subagents.test.ts > abort does not resolve parent tool calls > aborting parent thread while subagent is running aborts the spawn
[Thread 019d8a16-b48a-70ea-831c-1d428a71d94b] myUpdate: abort
[Thread 019d8a16-b4a8-7577-b267-2897a100536d] myUpdate: abort
[Thread 019d8a16-b48a-70ea-831c-1d428a71d94b] myUpdate: tool-progress
[Thread 019d8a16-b48a-70ea-831c-1d428a71d94b] myUpdate: tool-progress

stderr | node/render-tools/spawn-subagents.test.ts > node/render-tools/spawn-subagents.test.ts > abort does not resolve parent tool calls > aborting parent thread while subagent is running aborts the spawn
[Thread 019d8a16-b4a8-7577-b267-2897a100536d] myUpdate: tool-progress
[Thread 019d8a16-b4a8-7577-b267-2897a100536d] myUpdate: tool-progress

 ✓ node/sidebar.test.ts (8 tests) 2064ms
   ✓ node/sidebar.test.ts > send command should scroll to last user message  326ms
   ✓ node/sidebar.test.ts > should display and update token count in input window title  313ms
stderr | node/magenta.test.ts > abort command should work when waiting for response
[Thread 019d8a16-b4ee-7537-b320-72488bab947f] myUpdate: tool-progress

stderr | node/render-tools/spawn-subagents.test.ts > node/render-tools/spawn-subagents.test.ts > abort does not resolve parent tool calls > aborting parent thread while subagent is running aborts the spawn
[Thread 019d8a16-b4a8-7577-b267-2897a100536d] myUpdate: tool-progress

stderr | node/tools/edl.test.ts > edl tool buffer integration > edl writes to nvim buffer when file is open
getVar(magenta) failed: [1,"Key not found: magenta"]

stderr | node/tools/edl.test.ts > edl tool buffer integration > edl writes to nvim buffer when file is open
getVar(magenta_display_window) failed: [1,"Key not found: magenta_display_window"]

stderr | node/tools/edl.test.ts > edl tool buffer integration > edl writes to nvim buffer when file is open
[Thread 019d8a16-b535-732c-8147-5d6aa25ba593] myUpdate: send-message

stderr | node/tools/edl.test.ts > edl tool buffer integration > edl writes to nvim buffer when file is open
[Thread 019d8a16-b535-732c-8147-5d6aa25ba593] myUpdate: tool-progress

stderr | node/tools/edl.test.ts > edl tool buffer integration > edl writes to nvim buffer when file is open
[winston] Attempt to write logs with no transports, which can increase memory usage: {"message":"Usage: inputTokens=1000 outputTokens=5000 cacheHits=0 cacheMisses=0 stopReason=tool_use","level":"info"}

stderr | node/tools/edl.test.ts > edl tool buffer integration > edl writes to nvim buffer when file is open
[Thread 019d8a16-b535-732c-8147-5d6aa25ba593] myUpdate: tool-progress

stderr | node/tools/edl.test.ts > edl tool buffer integration > edl writes to nvim buffer when file is open
[Thread 019d8a16-b535-732c-8147-5d6aa25ba593] myUpdate: tool-progress

stderr | node/tools/edl.test.ts > edl tool buffer integration > edl writes to nvim buffer when file is open
[Thread 019d8a16-b535-732c-8147-5d6aa25ba593] myUpdate: tool-progress

stderr | node/tools/edl.test.ts > edl tool buffer integration > edl writes to nvim buffer when file is open
[Thread 019d8a16-b535-732c-8147-5d6aa25ba593] myUpdate: tool-progress

stderr | node/magenta.test.ts > abort command should work when waiting for response
[Thread 019d8a16-b4ee-7537-b320-72488bab947f] myUpdate: abort

stderr | node/chat/system-reminders.test.ts > system reminder should be collapsed by default in UI
getVar(magenta) failed: [1,"Key not found: magenta"]

stderr | node/magenta.test.ts > abort command should work when waiting for response
[Thread 019d8a16-b4ee-7537-b320-72488bab947f] myUpdate: tool-progress
[Thread 019d8a16-b4ee-7537-b320-72488bab947f] myUpdate: tool-progress

stderr | node/chat/system-reminders.test.ts > system reminder should be collapsed by default in UI
getVar(magenta_display_window) failed: [1,"Key not found: magenta_display_window"]

stderr | node/chat/system-reminders.test.ts > system reminder should be collapsed by default in UI
[Thread 019d8a16-b55a-77ea-b601-0f96dc92deae] myUpdate: send-message

stderr | node/chat/system-reminders.test.ts > system reminder should be collapsed by default in UI
[Thread 019d8a16-b55a-77ea-b601-0f96dc92deae] myUpdate: tool-progress

stderr | node/chat/system-reminders.test.ts > system reminder should be collapsed by default in UI
[winston] Attempt to write logs with no transports, which can increase memory usage: {"message":"Usage: inputTokens=1000 outputTokens=5000 cacheHits=0 cacheMisses=0 stopReason=end_turn","level":"info"}

stderr | node/chat/system-reminders.test.ts > system reminder should be collapsed by default in UI
[Thread 019d8a16-b55a-77ea-b601-0f96dc92deae] myUpdate: tool-progress

 ✓ node/render-tools/spawn-subagents.test.ts (15 tests) 8067ms
   ✓ node/render-tools/spawn-subagents.test.ts > spawns subagent, runs command, yields result to parent  1088ms
   ✓ node/render-tools/spawn-subagents.test.ts > spawn_subagents view updates as agents progress and yield  590ms
   ✓ node/render-tools/spawn-subagents.test.ts > spawn_subagents progress view allows clicking to navigate to child thread  494ms
   ✓ node/render-tools/spawn-subagents.test.ts > shows thread hierarchy with parent-child relationships  419ms
   ✓ node/render-tools/spawn-subagents.test.ts > handles thread hierarchy with stopped and yielded children  508ms
   ✓ node/render-tools/spawn-subagents.test.ts > allows selecting parent and child threads from hierarchy view  482ms
   ✓ node/render-tools/spawn-subagents.test.ts > spawn_subagents waits for completion and returns result  568ms
   ✓ node/render-tools/spawn-subagents.test.ts > navigates to subagent thread when clicking on spawn_subagents completed summary  542ms
   ✓ node/render-tools/spawn-subagents.test.ts > shows pending approvals from subagent in parent progress view  477ms
   ✓ node/render-tools/spawn-subagents.test.ts > pressing = on a progress row expands to show the full prompt, pressing again collapses  538ms
   ✓ node/render-tools/spawn-subagents.test.ts > pressing = on a completed result row expands to show prompt and response  627ms
   ✓ node/render-tools/spawn-subagents.test.ts > abort does not resolve parent tool calls > blocking spawn_subagents stays pending when child is aborted, resolves on yield  519ms
   ✓ node/render-tools/spawn-subagents.test.ts > abort does not resolve parent tool calls > spawn_subagents stays pending when child is aborted, resolves on yield  554ms
   ✓ node/render-tools/spawn-subagents.test.ts > abort does not resolve parent tool calls > aborting parent thread while subagent is running aborts the spawn  404ms
stderr | node/tools/edl.test.ts > edl tool buffer integration > edl writes to nvim buffer when file is open
[Thread 019d8a16-b535-732c-8147-5d6aa25ba593] myUpdate: tool-progress

stderr | node/magenta.test.ts > abort command should work when response is in progress
[Thread 019d8a16-b4ee-7537-b320-72488bab947f] myUpdate: tool-progress

stderr | node/test/completions.test.ts > should have nvim-cmp available
getVar(magenta) failed: [1,"Key not found: magenta"]

stderr | node/capabilities/render-pending-approvals.test.ts > pending approvals surfaced in parent thread > spawn_subagents surfaces bash_command approval in parent view
getVar(magenta) failed: [1,"Key not found: magenta"]

stderr | node/chat/system-reminders.test.ts > system reminder should be collapsed by default in UI
[Thread 019d8a16-b55a-77ea-b601-0f96dc92deae] myUpdate: tool-progress

stderr | node/test/completions.test.ts > should have nvim-cmp available
getVar(magenta_display_window) failed: [1,"Key not found: magenta_display_window"]

stderr | node/capabilities/render-pending-approvals.test.ts > pending approvals surfaced in parent thread > spawn_subagents surfaces bash_command approval in parent view
getVar(magenta_display_window) failed: [1,"Key not found: magenta_display_window"]

stderr | node/capabilities/render-pending-approvals.test.ts > pending approvals surfaced in parent thread > spawn_subagents surfaces bash_command approval in parent view
[Thread 019d8a16-b579-70a6-bbbb-d9128d990ebf] myUpdate: send-message

stderr | node/capabilities/render-pending-approvals.test.ts > pending approvals surfaced in parent thread > spawn_subagents surfaces bash_command approval in parent view
[Thread 019d8a16-b579-70a6-bbbb-d9128d990ebf] myUpdate: tool-progress

stderr | node/capabilities/render-pending-approvals.test.ts > pending approvals surfaced in parent thread > spawn_subagents surfaces bash_command approval in parent view
[winston] Attempt to write logs with no transports, which can increase memory usage: {"message":"Usage: inputTokens=1000 outputTokens=5000 cacheHits=0 cacheMisses=0 stopReason=tool_use","level":"info"}

stderr | node/capabilities/render-pending-approvals.test.ts > pending approvals surfaced in parent thread > spawn_subagents surfaces bash_command approval in parent view
[Thread 019d8a16-b579-70a6-bbbb-d9128d990ebf] myUpdate: tool-progress

stderr | node/capabilities/render-pending-approvals.test.ts > pending approvals surfaced in parent thread > spawn_subagents surfaces bash_command approval in parent view
[Thread 019d8a16-b5a1-7312-a1a4-3d00f42590c6] myUpdate: send-message

stderr | node/capabilities/render-pending-approvals.test.ts > pending approvals surfaced in parent thread > spawn_subagents surfaces bash_command approval in parent view
[Thread 019d8a16-b5a1-7312-a1a4-3d00f42590c6] myUpdate: tool-progress
[Thread 019d8a16-b579-70a6-bbbb-d9128d990ebf] myUpdate: tool-progress

stderr | node/capabilities/render-pending-approvals.test.ts > pending approvals surfaced in parent thread > spawn_subagents surfaces bash_command approval in parent view
[Thread 019d8a16-b579-70a6-bbbb-d9128d990ebf] myUpdate: tool-progress

stderr | node/capabilities/render-pending-approvals.test.ts > pending approvals surfaced in parent thread > spawn_subagents surfaces bash_command approval in parent view
[Thread 019d8a16-b5a1-7312-a1a4-3d00f42590c6] myUpdate: tool-progress

stderr | node/capabilities/render-pending-approvals.test.ts > pending approvals surfaced in parent thread > spawn_subagents surfaces bash_command approval in parent view
[winston] Attempt to write logs with no transports, which can increase memory usage: {"message":"Usage: inputTokens=1000 outputTokens=5000 cacheHits=0 cacheMisses=0 stopReason=tool_use","level":"info"}

stderr | node/capabilities/render-pending-approvals.test.ts > pending approvals surfaced in parent thread > spawn_subagents surfaces bash_command approval in parent view
[Thread 019d8a16-b5a1-7312-a1a4-3d00f42590c6] myUpdate: permission-pending-change
[Thread 019d8a16-b5a1-7312-a1a4-3d00f42590c6] myUpdate: tool-progress

 ✓ node/core/src/tools/edl.test.ts (4 tests) 15ms
stderr | node/capabilities/render-pending-approvals.test.ts > pending approvals surfaced in parent thread > spawn_subagents surfaces bash_command approval in parent view
[Thread 019d8a16-b5a1-7312-a1a4-3d00f42590c6] myUpdate: tool-progress

stderr | node/capabilities/render-pending-approvals.test.ts > pending approvals surfaced in parent thread > spawn_subagents surfaces bash_command approval in parent view
[Thread 019d8a16-b5a1-7312-a1a4-3d00f42590c6] myUpdate: permission-pending-change

stderr | node/magenta.test.ts > abort command should work when response is in progress
getVar(magenta) failed: [1,"Key not found: magenta"]

stderr | node/magenta.test.ts > abort command should work when response is in progress
getVar(magenta_display_window) failed: [1,"Key not found: magenta_display_window"]

stderr | node/magenta.test.ts > abort command should work when response is in progress
[Thread 019d8a16-b69f-75b5-bd13-e6f337962fd4] myUpdate: send-message

stderr | node/magenta.test.ts > abort command should work when response is in progress
[Thread 019d8a16-b69f-75b5-bd13-e6f337962fd4] myUpdate: tool-progress

stderr | node/magenta.test.ts > abort command should work when response is in progress
[Thread 019d8a16-b69f-75b5-bd13-e6f337962fd4] myUpdate: tool-progress

stderr | node/magenta.test.ts > abort command should work when response is in progress
[Thread 019d8a16-b69f-75b5-bd13-e6f337962fd4] myUpdate: abort

stderr | node/magenta.test.ts > abort command should work when response is in progress
[Thread 019d8a16-b69f-75b5-bd13-e6f337962fd4] myUpdate: tool-progress
[Thread 019d8a16-b69f-75b5-bd13-e6f337962fd4] myUpdate: tool-progress

stderr | node/chat/thread.test.ts > processes @staged command to include staged diff in message
getVar(magenta) failed: [1,"Key not found: magenta"]

stderr | node/chat/thread.test.ts > processes @staged command to include staged diff in message
getVar(magenta_display_window) failed: [1,"Key not found: magenta_display_window"]

stderr | node/test/completions.test.ts > should show custom command completions
getVar(magenta) failed: [1,"Key not found: magenta"]

stderr | node/test/completions.test.ts > should show custom command completions
getVar(magenta_display_window) failed: [1,"Key not found: magenta_display_window"]

stderr | node/magenta.test.ts > abort command should work when response is in progress
[Thread 019d8a16-b69f-75b5-bd13-e6f337962fd4] myUpdate: tool-progress

stderr | node/chat/thread.test.ts > processes @staged command to include staged diff in message
[Thread 019d8a16-b5cb-72a4-bfb4-3306774d1f94] myUpdate: send-message

stderr | node/chat/thread.test.ts > processes @staged command to include staged diff in message
[Thread 019d8a16-b5cb-72a4-bfb4-3306774d1f94] myUpdate: tool-progress

stderr | node/chat/thread.test.ts > processes @staged command to include staged diff in message
[winston] Attempt to write logs with no transports, which can increase memory usage: {"message":"Usage: inputTokens=1000 outputTokens=5000 cacheHits=0 cacheMisses=0 stopReason=end_turn","level":"info"}

stderr | node/chat/thread.test.ts > processes @staged command to include staged diff in message
[Thread 019d8a16-b5cb-72a4-bfb4-3306774d1f94] myUpdate: tool-progress

stderr | node/chat/system-reminders.test.ts > system reminder is rendered in UI
getVar(magenta) failed: [1,"Key not found: magenta"]

stderr | node/chat/system-reminders.test.ts > system reminder is rendered in UI
getVar(magenta_display_window) failed: [1,"Key not found: magenta_display_window"]

stderr | node/chat/system-reminders.test.ts > system reminder is rendered in UI
[Thread 019d8a16-b73e-75ba-9d20-1c16e82090d4] myUpdate: send-message

stderr | node/chat/system-reminders.test.ts > system reminder is rendered in UI
[Thread 019d8a16-b73e-75ba-9d20-1c16e82090d4] myUpdate: tool-progress

stderr | node/chat/system-reminders.test.ts > system reminder is rendered in UI
[winston] Attempt to write logs with no transports, which can increase memory usage: {"message":"Usage: inputTokens=1000 outputTokens=5000 cacheHits=0 cacheMisses=0 stopReason=end_turn","level":"info"}

stderr | node/chat/system-reminders.test.ts > system reminder is rendered in UI
[Thread 019d8a16-b73e-75ba-9d20-1c16e82090d4] myUpdate: tool-progress

stderr | node/tools/edl.test.ts > edl tool buffer integration > edl reads from disk even when buffer has unsaved changes
getVar(magenta) failed: [1,"Key not found: magenta"]

stderr | node/tools/edl.test.ts > edl tool buffer integration > edl reads from disk even when buffer has unsaved changes
getVar(magenta_display_window) failed: [1,"Key not found: magenta_display_window"]

stderr | node/tools/edl.test.ts > edl tool buffer integration > edl reads from disk even when buffer has unsaved changes
[Thread 019d8a16-b73b-703d-98bd-fa9f031fda66] myUpdate: send-message

stderr | node/tools/edl.test.ts > edl tool buffer integration > edl reads from disk even when buffer has unsaved changes
[Thread 019d8a16-b73b-703d-98bd-fa9f031fda66] myUpdate: tool-progress

stderr | node/tools/edl.test.ts > edl tool buffer integration > edl reads from disk even when buffer has unsaved changes
[winston] Attempt to write logs with no transports, which can increase memory usage: {"message":"Usage: inputTokens=1000 outputTokens=5000 cacheHits=0 cacheMisses=0 stopReason=tool_use","level":"info"}

stderr | node/tools/edl.test.ts > edl tool buffer integration > edl reads from disk even when buffer has unsaved changes
[Thread 019d8a16-b73b-703d-98bd-fa9f031fda66] myUpdate: tool-progress

stderr | node/tools/edl.test.ts > edl tool buffer integration > edl reads from disk even when buffer has unsaved changes
[Thread 019d8a16-b73b-703d-98bd-fa9f031fda66] myUpdate: tool-progress

stderr | node/tools/edl.test.ts > edl tool buffer integration > edl reads from disk even when buffer has unsaved changes
[Thread 019d8a16-b73b-703d-98bd-fa9f031fda66] myUpdate: tool-progress

stderr | node/tools/edl.test.ts > edl tool buffer integration > edl reads from disk even when buffer has unsaved changes
[Thread 019d8a16-b73b-703d-98bd-fa9f031fda66] myUpdate: tool-progress

stderr | node/tools/edl.test.ts > edl tool buffer integration > edl reads from disk even when buffer has unsaved changes
Buffer for /private/tmp/magenta-test/l9qeph06qm/cwd/test.txt has unsaved changes; disk was updated by agent but buffer was not reloaded

stderr | node/chat/thread.test.ts > processes @staged command to include staged diff in message
[Thread 019d8a16-b5cb-72a4-bfb4-3306774d1f94] myUpdate: tool-progress

stderr | node/chat/system-reminders.test.ts > system reminder is rendered in UI
[Thread 019d8a16-b73e-75ba-9d20-1c16e82090d4] myUpdate: tool-progress

stderr | node/tools/edl.test.ts > edl tool buffer integration > edl reads from disk even when buffer has unsaved changes
[Thread 019d8a16-b73b-703d-98bd-fa9f031fda66] myUpdate: tool-progress

 ✓ node/tools/edl.test.ts (6 tests) 2351ms
   ✓ edl tool > shows mutation summary in display  328ms
   ✓ edl tool > toggles between preview and detail view  443ms
   ✓ edl tool > preview shows abridged script for long scripts  319ms
   ✓ edl tool > detail view shows full unabridged script  408ms
   ✓ edl tool buffer integration > edl writes to nvim buffer when file is open  347ms
   ✓ edl tool buffer integration > edl reads from disk even when buffer has unsaved changes  504ms
stderr | node/capabilities/render-pending-approvals.test.ts > pending approvals surfaced in parent thread > spawn_subagents surfaces bash_command approval in parent view
[Thread 019d8a16-b5a1-7312-a1a4-3d00f42590c6] myUpdate: tool-progress

stderr | node/capabilities/render-pending-approvals.test.ts > pending approvals surfaced in parent thread > spawn_subagents surfaces bash_command approval in parent view
[Thread 019d8a16-b5a1-7312-a1a4-3d00f42590c6] myUpdate: tool-progress

stderr | node/magenta.test.ts > abort command should stop pending tool use
getVar(magenta) failed: [1,"Key not found: magenta"]

stderr | node/capabilities/render-pending-approvals.test.ts > pending approvals surfaced in parent thread > spawn_subagents surfaces bash_command approval in parent view
[Thread 019d8a16-b5a1-7312-a1a4-3d00f42590c6] myUpdate: tool-progress

stderr | node/magenta.test.ts > abort command should stop pending tool use
getVar(magenta_display_window) failed: [1,"Key not found: magenta_display_window"]

stderr | node/magenta.test.ts > abort command should stop pending tool use
[Thread 019d8a16-b823-732d-9a33-62e3de20900f] myUpdate: send-message

stderr | node/magenta.test.ts > abort command should stop pending tool use
[Thread 019d8a16-b823-732d-9a33-62e3de20900f] myUpdate: tool-progress

stderr | node/magenta.test.ts > abort command should stop pending tool use
[winston] Attempt to write logs with no transports, which can increase memory usage: {"message":"Usage: inputTokens=1000 outputTokens=5000 cacheHits=0 cacheMisses=0 stopReason=tool_use","level":"info"}

stderr | node/magenta.test.ts > abort command should stop pending tool use
[Thread 019d8a16-b823-732d-9a33-62e3de20900f] myUpdate: permission-pending-change
[Thread 019d8a16-b823-732d-9a33-62e3de20900f] myUpdate: tool-progress

stderr | node/magenta.test.ts > abort command should stop pending tool use
[Thread 019d8a16-b823-732d-9a33-62e3de20900f] myUpdate: tool-progress

stderr | node/capabilities/render-pending-approvals.test.ts > pending approvals surfaced in parent thread > spawn_subagents surfaces bash_command approval in parent view
[winston] Attempt to write logs with no transports, which can increase memory usage: {"message":"Usage: inputTokens=1000 outputTokens=5000 cacheHits=0 cacheMisses=0 stopReason=tool_use","level":"info"}

stderr | node/capabilities/render-pending-approvals.test.ts > pending approvals surfaced in parent thread > spawn_subagents surfaces bash_command approval in parent view
[Thread 019d8a16-b5a1-7312-a1a4-3d00f42590c6] myUpdate: tool-progress
[Thread 019d8a16-b5a1-7312-a1a4-3d00f42590c6] myUpdate: tool-progress
[Thread 019d8a16-b5a1-7312-a1a4-3d00f42590c6] myUpdate: tool-progress
[Thread 019d8a16-b5a1-7312-a1a4-3d00f42590c6] myUpdate: tool-progress

stderr | node/capabilities/render-pending-approvals.test.ts > pending approvals surfaced in parent thread > spawn_subagents surfaces bash_command approval in parent view
[Thread 019d8a16-b579-70a6-bbbb-d9128d990ebf] myUpdate: tool-progress

stderr | node/capabilities/render-pending-approvals.test.ts > pending approvals surfaced in parent thread > spawn_subagents surfaces bash_command approval in parent view
[Thread 019d8a16-b579-70a6-bbbb-d9128d990ebf] myUpdate: tool-progress

 ✓ node/core/src/tools/toolManager.test.ts (10 tests) 3ms
stderr | node/chat/system-reminders.test.ts > system reminder content appears after context updates
getVar(magenta) failed: [1,"Key not found: magenta"]

stderr | node/chat/system-reminders.test.ts > system reminder content appears after context updates
getVar(magenta_display_window) failed: [1,"Key not found: magenta_display_window"]

stderr | node/chat/system-reminders.test.ts > system reminder content appears after context updates
Unrecognized command add-file


stderr | node/chat/system-reminders.test.ts > system reminder content appears after context updates
[Thread 019d8a16-b86b-751a-8551-9209d8fde5a2] myUpdate: send-message

stderr | node/chat/system-reminders.test.ts > system reminder content appears after context updates
[Thread 019d8a16-b86b-751a-8551-9209d8fde5a2] myUpdate: tool-progress

stderr | node/chat/thread.test.ts > handles @file commands
getVar(magenta) failed: [1,"Key not found: magenta"]

stderr | node/chat/thread.test.ts > handles @file commands
getVar(magenta_display_window) failed: [1,"Key not found: magenta_display_window"]

stderr | node/chat/thread.test.ts > handles @file commands
[Thread 019d8a16-b869-742c-adff-ee6c5d0e375b] myUpdate: tool-progress

stderr | node/chat/thread.test.ts > handles @file commands
[Thread 019d8a16-b869-742c-adff-ee6c5d0e375b] myUpdate: tool-progress

stderr | node/chat/thread.test.ts > handles @file commands
[Thread 019d8a16-b869-742c-adff-ee6c5d0e375b] myUpdate: send-message

stderr | node/chat/thread.test.ts > handles @file commands
[Thread 019d8a16-b869-742c-adff-ee6c5d0e375b] myUpdate: tool-progress

stderr | node/capabilities/render-pending-approvals.test.ts > pending approvals surfaced in parent thread > spawn_subagents surfaces bash_command approval in parent view
[Thread 019d8a16-b5a1-7312-a1a4-3d00f42590c6] myUpdate: tool-progress

stderr | node/capabilities/render-pending-approvals.test.ts > pending approvals surfaced in parent thread > spawn_subagents surfaces bash_command approval in parent view
[Thread 019d8a16-b579-70a6-bbbb-d9128d990ebf] myUpdate: tool-progress

 ✓ node/options.test.ts (7 tests) 3ms
stderr | node/chat/system-reminders.test.ts > multiple user messages each get their own system reminder
[Thread 019d8a16-b86b-751a-8551-9209d8fde5a2] myUpdate: tool-progress

stderr | node/magenta.test.ts > abort command should stop pending tool use
[Thread 019d8a16-b823-732d-9a33-62e3de20900f] myUpdate: abort
[Thread 019d8a16-b823-732d-9a33-62e3de20900f] myUpdate: permission-pending-change

stderr | node/magenta.test.ts > abort command should stop pending tool use
[Thread 019d8a16-b823-732d-9a33-62e3de20900f] myUpdate: tool-progress
[Thread 019d8a16-b823-732d-9a33-62e3de20900f] myUpdate: tool-progress

stderr | node/magenta.test.ts > abort command should stop pending tool use
[Thread 019d8a16-b823-732d-9a33-62e3de20900f] myUpdate: tool-progress

stderr | node/chat/thread.test.ts > handles @file commands
[Thread 019d8a16-b869-742c-adff-ee6c5d0e375b] myUpdate: tool-progress

 ↓ node/core/src/container/container.test.ts (2 tests | 2 skipped)
stderr | node/capabilities/render-pending-approvals.test.ts > pending approvals surfaced in parent thread > spawn_subagents surfaces bash_command approval in parent view
[winston] Attempt to write logs with no transports, which can increase memory usage: {"message":"Usage: inputTokens=1000 outputTokens=5000 cacheHits=0 cacheMisses=0 stopReason=end_turn","level":"info"}

stderr | node/capabilities/render-pending-approvals.test.ts > pending approvals surfaced in parent thread > spawn_subagents surfaces bash_command approval in parent view
[Thread 019d8a16-b579-70a6-bbbb-d9128d990ebf] myUpdate: tool-progress

stderr | node/chat/thread.test.ts > handles @file commands
[winston] Attempt to write logs with no transports, which can increase memory usage: {"message":"Usage: inputTokens=1000 outputTokens=5000 cacheHits=0 cacheMisses=0 stopReason=end_turn","level":"info"}

stderr | node/chat/thread.test.ts > handles @file commands
[Thread 019d8a16-b869-742c-adff-ee6c5d0e375b] myUpdate: tool-progress

stderr | node/capabilities/render-pending-approvals.test.ts > pending approvals surfaced in parent thread > spawn_subagents with multiple agents surfaces pending approvals
[Thread 019d8a16-b579-70a6-bbbb-d9128d990ebf] myUpdate: tool-progress

stderr | node/chat/thread.test.ts > handles @file command with non-existent file
[Thread 019d8a16-b869-742c-adff-ee6c5d0e375b] myUpdate: tool-progress

stderr | node/chat/system-reminders.test.ts > multiple user messages each get their own system reminder
getVar(magenta) failed: [1,"Key not found: magenta"]

stderr | node/chat/system-reminders.test.ts > multiple user messages each get their own system reminder
getVar(magenta_display_window) failed: [1,"Key not found: magenta_display_window"]

stderr | node/chat/system-reminders.test.ts > multiple user messages each get their own system reminder
[Thread 019d8a16-b93e-7068-bc60-5052f124939d] myUpdate: send-message

stderr | node/chat/system-reminders.test.ts > multiple user messages each get their own system reminder
[Thread 019d8a16-b93e-7068-bc60-5052f124939d] myUpdate: tool-progress

stderr | node/chat/system-reminders.test.ts > multiple user messages each get their own system reminder
[winston] Attempt to write logs with no transports, which can increase memory usage: {"message":"Usage: inputTokens=1000 outputTokens=5000 cacheHits=0 cacheMisses=0 stopReason=end_turn","level":"info"}

stderr | node/chat/system-reminders.test.ts > multiple user messages each get their own system reminder
[Thread 019d8a16-b93e-7068-bc60-5052f124939d] myUpdate: tool-progress

stderr | node/chat/system-reminders.test.ts > multiple user messages each get their own system reminder
[Thread 019d8a16-b93e-7068-bc60-5052f124939d] myUpdate: send-message

stderr | node/chat/system-reminders.test.ts > multiple user messages each get their own system reminder
[Thread 019d8a16-b93e-7068-bc60-5052f124939d] myUpdate: tool-progress

stderr | node/chat/system-reminders.test.ts > multiple user messages each get their own system reminder
[Thread 019d8a16-b93e-7068-bc60-5052f124939d] myUpdate: tool-progress

 ✓ node/chat/system-reminders.test.ts (9 tests) 2885ms
   ✓ user-submitted messages should include system reminder  343ms
   ✓ auto-respond messages should include system reminder after tool result  332ms
   ✓ auto-respond skips system reminder when output tokens are below threshold  317ms
   ✓ auto-respond includes system reminder after accumulating enough output tokens  443ms
   ✓ system reminder should be collapsed by default in UI  303ms
   ✓ system reminder is rendered in UI  486ms
stderr | node/capabilities/render-pending-approvals.test.ts > pending approvals surfaced in parent thread > spawn_subagents with multiple agents surfaces pending approvals
getVar(magenta) failed: [1,"Key not found: magenta"]

stderr | node/capabilities/render-pending-approvals.test.ts > pending approvals surfaced in parent thread > spawn_subagents with multiple agents surfaces pending approvals
getVar(magenta_display_window) failed: [1,"Key not found: magenta_display_window"]

stderr | node/capabilities/render-pending-approvals.test.ts > pending approvals surfaced in parent thread > spawn_subagents with multiple agents surfaces pending approvals
[Thread 019d8a16-b973-7756-af01-d1063e5a3c08] myUpdate: send-message

stderr | node/capabilities/render-pending-approvals.test.ts > pending approvals surfaced in parent thread > spawn_subagents with multiple agents surfaces pending approvals
[Thread 019d8a16-b973-7756-af01-d1063e5a3c08] myUpdate: tool-progress

stderr | node/capabilities/render-pending-approvals.test.ts > pending approvals surfaced in parent thread > spawn_subagents with multiple agents surfaces pending approvals
[winston] Attempt to write logs with no transports, which can increase memory usage: {"message":"Usage: inputTokens=1000 outputTokens=5000 cacheHits=0 cacheMisses=0 stopReason=tool_use","level":"info"}

stderr | node/capabilities/render-pending-approvals.test.ts > pending approvals surfaced in parent thread > spawn_subagents with multiple agents surfaces pending approvals
[Thread 019d8a16-b973-7756-af01-d1063e5a3c08] myUpdate: tool-progress

stderr | node/capabilities/render-pending-approvals.test.ts > pending approvals surfaced in parent thread > spawn_subagents with multiple agents surfaces pending approvals
[Thread 019d8a16-b987-7708-ae12-893c7c8a9564] myUpdate: send-message

stderr | node/capabilities/render-pending-approvals.test.ts > pending approvals surfaced in parent thread > spawn_subagents with multiple agents surfaces pending approvals
[Thread 019d8a16-b987-7708-ae12-893c7c8a9564] myUpdate: tool-progress
[Thread 019d8a16-b973-7756-af01-d1063e5a3c08] myUpdate: tool-progress

stderr | node/chat/thread.test.ts > handles @file command with non-existent file
getVar(magenta) failed: [1,"Key not found: magenta"]

stderr | node/capabilities/render-pending-approvals.test.ts > pending approvals surfaced in parent thread > spawn_subagents with multiple agents surfaces pending approvals
[Thread 019d8a16-b973-7756-af01-d1063e5a3c08] myUpdate: tool-progress

stderr | node/chat/thread.test.ts > handles @file command with non-existent file
getVar(magenta_display_window) failed: [1,"Key not found: magenta_display_window"]

stderr | node/capabilities/render-pending-approvals.test.ts > pending approvals surfaced in parent thread > spawn_subagents with multiple agents surfaces pending approvals
[Thread 019d8a16-b987-7708-ae12-893c7c8a9564] myUpdate: tool-progress

stderr | node/chat/thread.test.ts > handles @file command with non-existent file
Failed to add file to context for nonexistent.txt: File nonexistent.txt does not exist

stderr | node/chat/thread.test.ts > handles @file command with non-existent file
[Thread 019d8a16-b996-77b0-a10f-420fdbe342de] myUpdate: send-message

stderr | node/chat/thread.test.ts > handles @file command with non-existent file
[Thread 019d8a16-b996-77b0-a10f-420fdbe342de] myUpdate: tool-progress

stderr | node/chat/thread.test.ts > handles @file command with non-existent file
[winston] Attempt to write logs with no transports, which can increase memory usage: {"message":"Usage: inputTokens=1000 outputTokens=5000 cacheHits=0 cacheMisses=0 stopReason=end_turn","level":"info"}

stderr | node/chat/thread.test.ts > handles @file command with non-existent file
[Thread 019d8a16-b996-77b0-a10f-420fdbe342de] myUpdate: tool-progress

stderr | node/magenta.test.ts > can switch profiles
getVar(magenta) failed: [1,"Key not found: magenta"]

stderr | node/magenta.test.ts > can switch profiles
getVar(magenta_display_window) failed: [1,"Key not found: magenta_display_window"]

stderr | node/chat/thread.test.ts > handles @file command with non-existent file
[Thread 019d8a16-b996-77b0-a10f-420fdbe342de] myUpdate: tool-progress

stderr | node/capabilities/render-pending-approvals.test.ts > pending approvals surfaced in parent thread > spawn_subagents with multiple agents surfaces pending approvals
[winston] Attempt to write logs with no transports, which can increase memory usage: {"message":"Usage: inputTokens=1000 outputTokens=5000 cacheHits=0 cacheMisses=0 stopReason=tool_use","level":"info"}

stderr | node/capabilities/render-pending-approvals.test.ts > pending approvals surfaced in parent thread > spawn_subagents with multiple agents surfaces pending approvals
[Thread 019d8a16-b987-7708-ae12-893c7c8a9564] myUpdate: permission-pending-change
[Thread 019d8a16-b987-7708-ae12-893c7c8a9564] myUpdate: tool-progress

stderr | node/capabilities/render-pending-approvals.test.ts > pending approvals surfaced in parent thread > spawn_subagents with multiple agents surfaces pending approvals
[Thread 019d8a16-b987-7708-ae12-893c7c8a9564] myUpdate: tool-progress

stderr | node/capabilities/render-pending-approvals.test.ts > pending approvals surfaced in parent thread > spawn_subagents with multiple agents surfaces pending approvals
[Thread 019d8a16-b987-7708-ae12-893c7c8a9564] myUpdate: permission-pending-change

stderr | node/capabilities/render-pending-approvals.test.ts > pending approvals surfaced in parent thread > spawn_subagents with multiple agents surfaces pending approvals
[Thread 019d8a16-b987-7708-ae12-893c7c8a9564] myUpdate: tool-progress

stderr | node/capabilities/render-pending-approvals.test.ts > pending approvals surfaced in parent thread > spawn_subagents with multiple agents surfaces pending approvals
[Thread 019d8a16-b987-7708-ae12-893c7c8a9564] myUpdate: tool-progress

stderr | node/capabilities/render-pending-approvals.test.ts > pending approvals surfaced in parent thread > spawn_subagents with multiple agents surfaces pending approvals
[Thread 019d8a16-b987-7708-ae12-893c7c8a9564] myUpdate: tool-progress

stderr | node/chat/thread.test.ts > displays deleted context updates correctly
getVar(magenta) failed: [1,"Key not found: magenta"]

stderr | node/capabilities/render-pending-approvals.test.ts > pending approvals surfaced in parent thread > spawn_subagents with multiple agents surfaces pending approvals
[winston] Attempt to write logs with no transports, which can increase memory usage: {"message":"Usage: inputTokens=1000 outputTokens=5000 cacheHits=0 cacheMisses=0 stopReason=tool_use","level":"info"}

stderr | node/capabilities/render-pending-approvals.test.ts > pending approvals surfaced in parent thread > spawn_subagents with multiple agents surfaces pending approvals
[Thread 019d8a16-b987-7708-ae12-893c7c8a9564] myUpdate: tool-progress
[Thread 019d8a16-b987-7708-ae12-893c7c8a9564] myUpdate: tool-progress
[Thread 019d8a16-b987-7708-ae12-893c7c8a9564] myUpdate: tool-progress
[Thread 019d8a16-b987-7708-ae12-893c7c8a9564] myUpdate: tool-progress

stderr | node/capabilities/render-pending-approvals.test.ts > pending approvals surfaced in parent thread > spawn_subagents with multiple agents surfaces pending approvals
[Thread 019d8a16-b973-7756-af01-d1063e5a3c08] myUpdate: tool-progress

stderr | node/capabilities/render-pending-approvals.test.ts > pending approvals surfaced in parent thread > spawn_subagents with multiple agents surfaces pending approvals
[Thread 019d8a16-b973-7756-af01-d1063e5a3c08] myUpdate: tool-progress

stderr | node/chat/thread.test.ts > displays deleted context updates correctly
getVar(magenta_display_window) failed: [1,"Key not found: magenta_display_window"]

stderr | node/tools/mcp/manager.test.ts > should call mock tool through chat agent
getVar(magenta) failed: [1,"Key not found: magenta"]

stderr | node/chat/thread.test.ts > displays deleted context updates correctly
[Thread 019d8a16-bab6-758e-bd78-c706af813baf] myUpdate: tool-progress

stderr | node/tools/mcp/manager.test.ts > should call mock tool through chat agent
getVar(magenta_display_window) failed: [1,"Key not found: magenta_display_window"]

stderr | node/tools/mcp/manager.test.ts > should call mock tool through chat agent
[Thread 019d8a16-bab9-73cc-8c4b-83e49b81962e] myUpdate: send-message

stderr | node/tools/mcp/manager.test.ts > should call mock tool through chat agent
[Thread 019d8a16-bab9-73cc-8c4b-83e49b81962e] myUpdate: tool-progress

stderr | node/tools/mcp/manager.test.ts > should call mock tool through chat agent
[winston] Attempt to write logs with no transports, which can increase memory usage: {"message":"Usage: inputTokens=1000 outputTokens=5000 cacheHits=0 cacheMisses=0 stopReason=tool_use","level":"info"}

stderr | node/tools/mcp/manager.test.ts > should call mock tool through chat agent
[Thread 019d8a16-bab9-73cc-8c4b-83e49b81962e] myUpdate: tool-progress

stderr | node/capabilities/render-pending-approvals.test.ts > pending approvals surfaced in parent thread > spawn_subagents with multiple agents surfaces pending approvals
[Thread 019d8a16-b987-7708-ae12-893c7c8a9564] myUpdate: tool-progress

stderr | node/capabilities/render-pending-approvals.test.ts > pending approvals surfaced in parent thread > spawn_subagents with multiple agents surfaces pending approvals
[Thread 019d8a16-b973-7756-af01-d1063e5a3c08] myUpdate: tool-progress

stderr | node/tools/mcp/manager.test.ts > should call mock tool through chat agent
[Thread 019d8a16-bab9-73cc-8c4b-83e49b81962e] myUpdate: tool-progress

stderr | node/capabilities/render-pending-approvals.test.ts > pending approvals surfaced in parent thread > spawn_subagents with multiple agents surfaces pending approvals
[winston] Attempt to write logs with no transports, which can increase memory usage: {"message":"Usage: inputTokens=1000 outputTokens=5000 cacheHits=0 cacheMisses=0 stopReason=end_turn","level":"info"}

stderr | node/capabilities/render-pending-approvals.test.ts > pending approvals surfaced in parent thread > spawn_subagents with multiple agents surfaces pending approvals
[Thread 019d8a16-b973-7756-af01-d1063e5a3c08] myUpdate: tool-progress

stderr | node/chat/thread.test.ts > displays deleted context updates correctly
[Thread 019d8a16-bab6-758e-bd78-c706af813baf] myUpdate: send-message

stderr | node/chat/thread.test.ts > displays deleted context updates correctly
[Thread 019d8a16-bab6-758e-bd78-c706af813baf] myUpdate: tool-progress

stderr | node/tools/mcp/manager.test.ts > should call mock tool through chat agent
[Thread 019d8a16-bab9-73cc-8c4b-83e49b81962e] myUpdate: tool-progress

stderr | node/tools/mcp/manager.test.ts > should call mock tool through chat agent
[Thread 019d8a16-bab9-73cc-8c4b-83e49b81962e] myUpdate: tool-progress

 ✓ node/capabilities/render-pending-approvals.test.ts (2 tests) 1678ms
   ✓ pending approvals surfaced in parent thread > spawn_subagents surfaces bash_command approval in parent view  1061ms
   ✓ pending approvals surfaced in parent thread > spawn_subagents with multiple agents surfaces pending approvals  615ms
stderr | node/chat/thread.test.ts > displays deleted context updates correctly
[Thread 019d8a16-bab6-758e-bd78-c706af813baf] myUpdate: tool-progress

stderr | node/tools/mcp/manager.test.ts > should call mock tool through chat agent
[Thread 019d8a16-bab9-73cc-8c4b-83e49b81962e] myUpdate: tool-progress

stderr | node/chat/thread.test.ts > displays deleted context updates correctly
[winston] Attempt to write logs with no transports, which can increase memory usage: {"message":"Usage: inputTokens=1000 outputTokens=5000 cacheHits=0 cacheMisses=0 stopReason=end_turn","level":"info"}

stderr | node/chat/thread.test.ts > displays deleted context updates correctly
[Thread 019d8a16-bab6-758e-bd78-c706af813baf] myUpdate: tool-progress

stderr | node/tools/mcp/manager.test.ts > should call mock tool through chat agent
[winston] Attempt to write logs with no transports, which can increase memory usage: {"message":"Usage: inputTokens=1000 outputTokens=5000 cacheHits=0 cacheMisses=0 stopReason=end_turn","level":"info"}

stderr | node/tools/mcp/manager.test.ts > should call mock tool through chat agent
[Thread 019d8a16-bab9-73cc-8c4b-83e49b81962e] myUpdate: tool-progress

stderr | node/chat/thread.test.ts > handles web search results and citations together
[Thread 019d8a16-bab6-758e-bd78-c706af813baf] myUpdate: tool-progress

stderr | node/tools/mcp/manager.test.ts > should call mock tool through chat agent
[Thread 019d8a16-bab9-73cc-8c4b-83e49b81962e] myUpdate: tool-progress

 ✓ node/core/src/tools/diagnostics.test.ts (3 tests) 1ms
stderr | node/magenta.test.ts > should use project settings to allow bash commands without permission
getVar(magenta) failed: [1,"Key not found: magenta"]

stderr | node/magenta.test.ts > should use project settings to allow bash commands without permission
getVar(magenta_display_window) failed: [1,"Key not found: magenta_display_window"]

stderr | node/magenta.test.ts > should use project settings to allow bash commands without permission
[Thread 019d8a16-bc20-7650-af80-fea5727997c6] myUpdate: send-message

stderr | node/magenta.test.ts > should use project settings to allow bash commands without permission
[Thread 019d8a16-bc20-7650-af80-fea5727997c6] myUpdate: tool-progress

stderr | node/magenta.test.ts > should use project settings to allow bash commands without permission
[winston] Attempt to write logs with no transports, which can increase memory usage: {"message":"Usage: inputTokens=1000 outputTokens=5000 cacheHits=0 cacheMisses=0 stopReason=tool_use","level":"info"}

stderr | node/magenta.test.ts > should use project settings to allow bash commands without permission
[Thread 019d8a16-bc20-7650-af80-fea5727997c6] myUpdate: tool-progress

stderr | node/magenta.test.ts > should use project settings to allow bash commands without permission
[Thread 019d8a16-bc20-7650-af80-fea5727997c6] myUpdate: tool-progress

stderr | node/magenta.test.ts > should use project settings to allow bash commands without permission
[Thread 019d8a16-bc20-7650-af80-fea5727997c6] myUpdate: tool-progress

stderr | node/magenta.test.ts > should use project settings to allow bash commands without permission
[Thread 019d8a16-bc20-7650-af80-fea5727997c6] myUpdate: tool-progress

stderr | node/magenta.test.ts > should use project settings to allow bash commands without permission
[Thread 019d8a16-bc20-7650-af80-fea5727997c6] myUpdate: tool-progress

stderr | node/chat/thread.test.ts > handles web search results and citations together
getVar(magenta) failed: [1,"Key not found: magenta"]

stderr | node/chat/thread.test.ts > handles web search results and citations together
getVar(magenta_display_window) failed: [1,"Key not found: magenta_display_window"]

stderr | node/chat/thread.test.ts > handles web search results and citations together
[Thread 019d8a16-bc5a-7653-b162-40b131a4af5e] myUpdate: send-message

stderr | node/chat/thread.test.ts > handles web search results and citations together
[Thread 019d8a16-bc5a-7653-b162-40b131a4af5e] myUpdate: tool-progress

stderr | node/chat/thread.test.ts > handles web search results and citations together
[winston] Attempt to write logs with no transports, which can increase memory usage: {"message":"Usage: inputTokens=1000 outputTokens=5000 cacheHits=0 cacheMisses=0 stopReason=end_turn","level":"info"}

stderr | node/chat/thread.test.ts > handles web search results and citations together
[Thread 019d8a16-bc5a-7653-b162-40b131a4af5e] myUpdate: tool-progress

stderr | node/chat/thread.test.ts > handles web search results and citations together
[Thread 019d8a16-bc5a-7653-b162-40b131a4af5e] myUpdate: tool-progress

 ✓ node/magenta.test.ts (7 tests) 2639ms
   ✓ new-thread command should work  453ms
   ✓ abort command should work when waiting for response  318ms
   ✓ abort command should work when response is in progress  530ms
   ✓ abort command should stop pending tool use  390ms
   ✓ paste-selection command  318ms
   ✓ should use project settings to allow bash commands without permission  336ms
stderr | node/tools/mcp/manager.test.ts > should handle tool errors gracefully
getVar(magenta) failed: [1,"Key not found: magenta"]

stderr | node/tools/mcp/manager.test.ts > should handle tool errors gracefully
getVar(magenta_display_window) failed: [1,"Key not found: magenta_display_window"]

stderr | node/tools/mcp/manager.test.ts > should handle tool errors gracefully
[Thread 019d8a16-bcd0-736e-a2d0-28a06736a713] myUpdate: send-message

stderr | node/tools/mcp/manager.test.ts > should handle tool errors gracefully
[Thread 019d8a16-bcd0-736e-a2d0-28a06736a713] myUpdate: tool-progress

stderr | node/tools/mcp/manager.test.ts > should handle tool errors gracefully
[winston] Attempt to write logs with no transports, which can increase memory usage: {"message":"Usage: inputTokens=1000 outputTokens=5000 cacheHits=0 cacheMisses=0 stopReason=tool_use","level":"info"}

stderr | node/tools/mcp/manager.test.ts > should handle tool errors gracefully
[Thread 019d8a16-bcd0-736e-a2d0-28a06736a713] myUpdate: tool-progress

stderr | node/tools/mcp/manager.test.ts > should handle tool errors gracefully
[Thread 019d8a16-bcd0-736e-a2d0-28a06736a713] myUpdate: tool-progress

 ✓ node/utils/pdf-pages.test.ts (6 tests) 1471ms
   ✓ extractPDFPage extracts valid page  332ms
stderr | node/tools/mcp/manager.test.ts > should handle tool errors gracefully
[Thread 019d8a16-bcd0-736e-a2d0-28a06736a713] myUpdate: tool-progress

stderr | node/tools/mcp/manager.test.ts > should handle tool errors gracefully
[Thread 019d8a16-bcd0-736e-a2d0-28a06736a713] myUpdate: tool-progress

stderr | node/tools/mcp/manager.test.ts > should handle tool errors gracefully
[Thread 019d8a16-bcd0-736e-a2d0-28a06736a713] myUpdate: tool-progress

 ✓ node/chat/thread-supervisor.test.ts (7 tests) 3ms
stderr | node/chat/thread.test.ts > handles thinking and redacted thinking blocks
getVar(magenta) failed: [1,"Key not found: magenta"]

stderr | node/chat/thread.test.ts > handles thinking and redacted thinking blocks
getVar(magenta_display_window) failed: [1,"Key not found: magenta_display_window"]

stderr | node/chat/thread.test.ts > handles thinking and redacted thinking blocks
[Thread 019d8a16-bd9d-767c-90e5-40544e75a35b] myUpdate: send-message

stderr | node/chat/thread.test.ts > handles thinking and redacted thinking blocks
[Thread 019d8a16-bd9d-767c-90e5-40544e75a35b] myUpdate: tool-progress

stderr | node/chat/thread.test.ts > handles thinking and redacted thinking blocks
[winston] Attempt to write logs with no transports, which can increase memory usage: {"message":"Usage: inputTokens=1000 outputTokens=5000 cacheHits=0 cacheMisses=0 stopReason=end_turn","level":"info"}

stderr | node/chat/thread.test.ts > handles thinking and redacted thinking blocks
[Thread 019d8a16-bd9d-767c-90e5-40544e75a35b] myUpdate: tool-progress

stderr | node/chat/thread.test.ts > handles thinking and redacted thinking blocks
[Thread 019d8a16-bd9d-767c-90e5-40544e75a35b] myUpdate: tool-progress

 ✓ node/tea/util.test.ts (5 tests) 767ms
stderr | node/chat/thread.test.ts > handles thinking and redacted thinking blocks
[Thread 019d8a16-bd9d-767c-90e5-40544e75a35b] myUpdate: toggle-expand-content

stderr | node/chat/thread.test.ts > handles thinking and redacted thinking blocks
[Thread 019d8a16-bd9d-767c-90e5-40544e75a35b] myUpdate: toggle-expand-content

stderr | node/chat/thread.test.ts > handles thinking and redacted thinking blocks
[Thread 019d8a16-bd9d-767c-90e5-40544e75a35b] myUpdate: send-message

stderr | node/chat/thread.test.ts > handles thinking and redacted thinking blocks
[Thread 019d8a16-bd9d-767c-90e5-40544e75a35b] myUpdate: tool-progress

stderr | node/chat/thread.test.ts > handles thinking and redacted thinking blocks
[Thread 019d8a16-bd9d-767c-90e5-40544e75a35b] myUpdate: tool-progress

stderr | node/tools/mcp/manager.test.ts > should handle tools with no input schema
getVar(magenta) failed: [1,"Key not found: magenta"]

stderr | node/tools/mcp/manager.test.ts > should handle tools with no input schema
getVar(magenta_display_window) failed: [1,"Key not found: magenta_display_window"]

stderr | node/tools/mcp/manager.test.ts > should handle tools with no input schema
[Thread 019d8a16-be57-76a8-8428-7297607ac839] myUpdate: send-message

stderr | node/tools/mcp/manager.test.ts > should handle tools with no input schema
[Thread 019d8a16-be57-76a8-8428-7297607ac839] myUpdate: tool-progress

stderr | node/tools/mcp/manager.test.ts > should handle tools with no input schema
[winston] Attempt to write logs with no transports, which can increase memory usage: {"message":"Usage: inputTokens=1000 outputTokens=5000 cacheHits=0 cacheMisses=0 stopReason=tool_use","level":"info"}

stderr | node/tools/mcp/manager.test.ts > should handle tools with no input schema
[Thread 019d8a16-be57-76a8-8428-7297607ac839] myUpdate: tool-progress

stderr | node/tools/mcp/manager.test.ts > should handle tools with no input schema
[Thread 019d8a16-be57-76a8-8428-7297607ac839] myUpdate: tool-progress

 ✓ node/core/src/edl/in-memory-file-io.test.ts (10 tests) 2ms
stderr | node/tools/mcp/manager.test.ts > should handle tools with no input schema
[Thread 019d8a16-be57-76a8-8428-7297607ac839] myUpdate: tool-progress

stderr | node/tools/mcp/manager.test.ts > should handle tools with no input schema
[Thread 019d8a16-be57-76a8-8428-7297607ac839] myUpdate: tool-progress

stderr | node/tools/mcp/manager.test.ts > should handle tools with no input schema
[Thread 019d8a16-be57-76a8-8428-7297607ac839] myUpdate: tool-progress

stderr | node/chat/thread.test.ts > handles streaming thinking blocks correctly
getVar(magenta) failed: [1,"Key not found: magenta"]

stderr | node/chat/thread.test.ts > handles streaming thinking blocks correctly
getVar(magenta_display_window) failed: [1,"Key not found: magenta_display_window"]

stderr | node/chat/thread.test.ts > handles streaming thinking blocks correctly
[Thread 019d8a16-bf24-758d-94e9-f236ddd4cd98] myUpdate: send-message

stderr | node/chat/thread.test.ts > handles streaming thinking blocks correctly
[Thread 019d8a16-bf24-758d-94e9-f236ddd4cd98] myUpdate: tool-progress

 ✓ node/tools/mcp/manager.test.ts (3 tests) 1483ms
   ✓ should call mock tool through chat agent  665ms
   ✓ should handle tool errors gracefully  415ms
   ✓ should handle tools with no input schema  402ms
stderr | node/chat/thread.test.ts > handles streaming thinking blocks correctly
[Thread 019d8a16-bf24-758d-94e9-f236ddd4cd98] myUpdate: tool-progress

stderr | node/chat/thread.test.ts > handles streaming thinking blocks correctly
[Thread 019d8a16-bf24-758d-94e9-f236ddd4cd98] myUpdate: tool-progress

stderr | node/tools/docs.test.ts > docs tool returns skills documentation when agent requests it
getVar(magenta) failed: [1,"Key not found: magenta"]

stderr | node/tools/docs.test.ts > docs tool returns skills documentation when agent requests it
getVar(magenta_display_window) failed: [1,"Key not found: magenta_display_window"]

stderr | node/tools/docs.test.ts > docs tool returns skills documentation when agent requests it
[Thread 019d8a16-bfed-7249-84b6-4438c42c4374] myUpdate: send-message

stderr | node/tools/docs.test.ts > docs tool returns skills documentation when agent requests it
[Thread 019d8a16-bfed-7249-84b6-4438c42c4374] myUpdate: tool-progress

stderr | node/tools/docs.test.ts > docs tool returns skills documentation when agent requests it
[winston] Attempt to write logs with no transports, which can increase memory usage: {"message":"Usage: inputTokens=1000 outputTokens=5000 cacheHits=0 cacheMisses=0 stopReason=tool_use","level":"info"}

stderr | node/tools/docs.test.ts > docs tool returns skills documentation when agent requests it
[Thread 019d8a16-bfed-7249-84b6-4438c42c4374] myUpdate: tool-progress

stderr | node/tools/docs.test.ts > docs tool returns skills documentation when agent requests it
[Thread 019d8a16-bfed-7249-84b6-4438c42c4374] myUpdate: tool-progress

stderr | node/tools/docs.test.ts > docs tool returns skills documentation when agent requests it
[Thread 019d8a16-bfed-7249-84b6-4438c42c4374] myUpdate: tool-progress

stderr | node/tools/docs.test.ts > docs tool returns skills documentation when agent requests it
[Thread 019d8a16-bfed-7249-84b6-4438c42c4374] myUpdate: tool-progress

 ✓ node/utils/files.test.ts (17 tests) 2412ms
   ✓ isLikelyTextFile > should detect binary files by content  312ms
 ✓ node/core/src/tools/helpers.test.ts (11 tests) 2ms
 ✓ node/tea/view.test.ts (1 test) 224ms
stderr | node/chat/thread.test.ts > shows EDL script preview while streaming
getVar(magenta) failed: [1,"Key not found: magenta"]

stderr | node/chat/thread.test.ts > shows EDL script preview while streaming
getVar(magenta_display_window) failed: [1,"Key not found: magenta_display_window"]

stderr | node/chat/thread.test.ts > shows EDL script preview while streaming
[Thread 019d8a16-c0c1-73b2-9a95-47217ff87b64] myUpdate: send-message

stderr | node/chat/thread.test.ts > shows EDL script preview while streaming
[Thread 019d8a16-c0c1-73b2-9a95-47217ff87b64] myUpdate: tool-progress

stderr | node/chat/chat.test.ts > node/chat/chat.test.ts > resets view when switching to a new thread
getVar(magenta) failed: [1,"Key not found: magenta"]

stderr | node/chat/chat.test.ts > node/chat/chat.test.ts > resets view when switching to a new thread
getVar(magenta_display_window) failed: [1,"Key not found: magenta_display_window"]

stderr | node/chat/chat.test.ts > node/chat/chat.test.ts > resets view when switching to a new thread
[Thread 019d8a16-c0c5-76da-b952-ce6317a2ab9d] myUpdate: send-message

stderr | node/chat/chat.test.ts > node/chat/chat.test.ts > resets view when switching to a new thread
[Thread 019d8a16-c0c5-76da-b952-ce6317a2ab9d] myUpdate: tool-progress

stderr | node/chat/thread.test.ts > shows EDL script preview while streaming
[Thread 019d8a16-c0c1-73b2-9a95-47217ff87b64] myUpdate: tool-progress

stderr | node/chat/chat.test.ts > node/chat/chat.test.ts > resets view when switching to a new thread
[Thread 019d8a16-c0c5-76da-b952-ce6317a2ab9d] myUpdate: tool-progress

stderr | node/tools/docs.test.ts > docs tool returns neovim help doc when agent requests it
getVar(magenta) failed: [1,"Key not found: magenta"]

stderr | node/tools/docs.test.ts > docs tool returns neovim help doc when agent requests it
getVar(magenta_display_window) failed: [1,"Key not found: magenta_display_window"]

stderr | node/tools/docs.test.ts > docs tool returns neovim help doc when agent requests it
[Thread 019d8a16-c129-745d-b139-08efac481ef8] myUpdate: send-message

stderr | node/tools/docs.test.ts > docs tool returns neovim help doc when agent requests it
[Thread 019d8a16-c129-745d-b139-08efac481ef8] myUpdate: tool-progress

stderr | node/tools/docs.test.ts > docs tool returns neovim help doc when agent requests it
[winston] Attempt to write logs with no transports, which can increase memory usage: {"message":"Usage: inputTokens=1000 outputTokens=5000 cacheHits=0 cacheMisses=0 stopReason=tool_use","level":"info"}

stderr | node/tools/docs.test.ts > docs tool returns neovim help doc when agent requests it
[Thread 019d8a16-c129-745d-b139-08efac481ef8] myUpdate: tool-progress

stderr | node/tools/docs.test.ts > docs tool returns neovim help doc when agent requests it
[Thread 019d8a16-c129-745d-b139-08efac481ef8] myUpdate: tool-progress

stderr | node/tools/docs.test.ts > docs tool returns neovim help doc when agent requests it
[Thread 019d8a16-c129-745d-b139-08efac481ef8] myUpdate: tool-progress

stderr | node/chat/chat.test.ts > node/chat/chat.test.ts > resets view when switching to a new thread
[winston] Attempt to write logs with no transports, which can increase memory usage: {"message":"Usage: inputTokens=1000 outputTokens=5000 cacheHits=0 cacheMisses=0 stopReason=end_turn","level":"info"}

stderr | node/chat/chat.test.ts > node/chat/chat.test.ts > resets view when switching to a new thread
[Thread 019d8a16-c0c5-76da-b952-ce6317a2ab9d] myUpdate: tool-progress

 ✓ node/core/src/tools/yield-to-parent.test.ts (3 tests) 2ms
stderr | node/tools/docs.test.ts > docs tool returns neovim help doc when agent requests it
[Thread 019d8a16-c129-745d-b139-08efac481ef8] myUpdate: tool-progress

stderr | node/chat/thread.test.ts > shows EDL script preview while streaming
[Thread 019d8a16-c0c1-73b2-9a95-47217ff87b64] myUpdate: tool-progress

stderr | node/chat/chat.test.ts > node/chat/chat.test.ts > resets view when switching to a new thread
[Thread 019d8a16-c0c5-76da-b952-ce6317a2ab9d] myUpdate: tool-progress

 ✓ node/tools/docs.test.ts (2 tests) 657ms
   ✓ docs tool returns skills documentation when agent requests it  347ms
   ✓ docs tool returns neovim help doc when agent requests it  309ms
 ✓ node/core/src/providers/anthropic-agent.test.ts (6 tests) 2ms
stderr | node/chat/thread.test.ts > handles @async messages by queueing them and sending on next tool response
getVar(magenta) failed: [1,"Key not found: magenta"]

stderr | node/chat/thread.test.ts > handles @async messages by queueing them and sending on next tool response
getVar(magenta_display_window) failed: [1,"Key not found: magenta_display_window"]

stderr | node/chat/thread.test.ts > handles @async messages by queueing them and sending on next tool response
[Thread 019d8a16-c270-72ae-89a5-7ccc3924e425] myUpdate: send-message

stderr | node/chat/thread.test.ts > handles @async messages by queueing them and sending on next tool response
[Thread 019d8a16-c270-72ae-89a5-7ccc3924e425] myUpdate: tool-progress

stderr | node/chat/thread.test.ts > handles @async messages by queueing them and sending on next tool response
[winston] Attempt to write logs with no transports, which can increase memory usage: {"message":"Usage: inputTokens=1000 outputTokens=5000 cacheHits=0 cacheMisses=0 stopReason=tool_use","level":"info"}

stderr | node/chat/thread.test.ts > handles @async messages by queueing them and sending on next tool response
[Thread 019d8a16-c270-72ae-89a5-7ccc3924e425] myUpdate: permission-pending-change
[Thread 019d8a16-c270-72ae-89a5-7ccc3924e425] myUpdate: tool-progress

stderr | node/chat/chat.test.ts > node/chat/chat.test.ts > shows thread overview and allows selecting a thread
getVar(magenta) failed: [1,"Key not found: magenta"]

stderr | node/chat/chat.test.ts > node/chat/chat.test.ts > shows thread overview and allows selecting a thread
getVar(magenta_display_window) failed: [1,"Key not found: magenta_display_window"]

stderr | node/chat/chat.test.ts > node/chat/chat.test.ts > shows thread overview and allows selecting a thread
[Thread 019d8a16-c28a-72ed-89b4-e04ed47fa146] myUpdate: send-message

stderr | node/chat/chat.test.ts > node/chat/chat.test.ts > shows thread overview and allows selecting a thread
[Thread 019d8a16-c28a-72ed-89b4-e04ed47fa146] myUpdate: tool-progress

stderr | node/chat/chat.test.ts > node/chat/chat.test.ts > shows thread overview and allows selecting a thread
[Thread 019d8a16-c28a-72ed-89b4-e04ed47fa146] myUpdate: tool-progress

stderr | node/chat/chat.test.ts > node/chat/chat.test.ts > shows thread overview and allows selecting a thread
[winston] Attempt to write logs with no transports, which can increase memory usage: {"message":"Usage: inputTokens=1000 outputTokens=5000 cacheHits=0 cacheMisses=0 stopReason=end_turn","level":"info"}

stderr | node/chat/chat.test.ts > node/chat/chat.test.ts > shows thread overview and allows selecting a thread
[Thread 019d8a16-c28a-72ed-89b4-e04ed47fa146] myUpdate: tool-progress

 ✓ node/core/src/tools/thread-title.test.ts (2 tests) 2ms
stderr | node/chat/thread.test.ts > handles @async messages by queueing them and sending on next tool response
[Thread 019d8a16-c270-72ae-89a5-7ccc3924e425] myUpdate: tool-progress

stderr | node/chat/chat.test.ts > node/chat/chat.test.ts > shows thread overview and allows selecting a thread
[Thread 019d8a16-c2a1-70d8-ac8d-175d633fb326] myUpdate: send-message

stderr | node/chat/chat.test.ts > node/chat/chat.test.ts > shows thread overview and allows selecting a thread
[Thread 019d8a16-c2a1-70d8-ac8d-175d633fb326] myUpdate: tool-progress

stderr | node/chat/chat.test.ts > node/chat/chat.test.ts > shows thread overview and allows selecting a thread
[Thread 019d8a16-c2a1-70d8-ac8d-175d633fb326] myUpdate: tool-progress

stderr | node/chat/chat.test.ts > node/chat/chat.test.ts > shows thread overview and allows selecting a thread
[winston] Attempt to write logs with no transports, which can increase memory usage: {"message":"Usage: inputTokens=1000 outputTokens=5000 cacheHits=0 cacheMisses=0 stopReason=end_turn","level":"info"}

stderr | node/chat/chat.test.ts > node/chat/chat.test.ts > shows thread overview and allows selecting a thread
[Thread 019d8a16-c2a1-70d8-ac8d-175d633fb326] myUpdate: tool-progress

stderr | node/chat/chat.test.ts > node/chat/chat.test.ts > shows thread overview and allows selecting a thread
[Thread 019d8a16-c28a-72ed-89b4-e04ed47fa146] myUpdate: tool-progress

stderr | node/chat/chat.test.ts > node/chat/chat.test.ts > shows thread overview and allows selecting a thread
[Thread 019d8a16-c2a1-70d8-ac8d-175d633fb326] myUpdate: tool-progress

 ✓ node/chat/chat.test.ts (2 tests) 749ms
   ✓ node/chat/chat.test.ts > resets view when switching to a new thread  486ms
stderr | node/chat/thread.test.ts > handles @async messages by queueing them and sending on next tool response
[Thread 019d8a16-c270-72ae-89a5-7ccc3924e425] myUpdate: send-message

stderr | node/chat/thread.test.ts > handles @async messages by queueing them and sending on next tool response
[Thread 019d8a16-c270-72ae-89a5-7ccc3924e425] myUpdate: permission-pending-change

stderr | node/chat/thread.test.ts > handles @async messages by queueing them and sending on next tool response
[Thread 019d8a16-c270-72ae-89a5-7ccc3924e425] myUpdate: tool-progress

stderr | node/chat/thread.test.ts > handles @async messages by queueing them and sending on next tool response
[Thread 019d8a16-c270-72ae-89a5-7ccc3924e425] myUpdate: tool-progress

stderr | node/chat/thread.test.ts > handles @async messages by queueing them and sending on next tool response
[Thread 019d8a16-c270-72ae-89a5-7ccc3924e425] myUpdate: tool-progress

stderr | node/chat/thread.test.ts > handles @async messages by queueing them and sending on next tool response
[Thread 019d8a16-c270-72ae-89a5-7ccc3924e425] myUpdate: tool-progress

 ✓ node/core/src/tools/docker-toolspecs.test.ts (2 tests) 2ms
 ✓ node/core/src/providers/system-reminders.test.ts (2 tests) 1ms
stderr | node/chat/thread.test.ts > handles @async messages by queueing them and sending on next tool response
[Thread 019d8a16-c270-72ae-89a5-7ccc3924e425] myUpdate: tool-progress

 ✓ node/nvim.test.ts (3 tests) 646ms
stderr | node/chat/thread.test.ts > handles @async messages and sends them on end turn
getVar(magenta) failed: [1,"Key not found: magenta"]

stderr | node/chat/thread.test.ts > handles @async messages and sends them on end turn
getVar(magenta_display_window) failed: [1,"Key not found: magenta_display_window"]

stderr | node/chat/thread.test.ts > handles @async messages and sends them on end turn
[Thread 019d8a16-c49a-743d-8903-ea0db713e70e] myUpdate: send-message

stderr | node/chat/thread.test.ts > handles @async messages and sends them on end turn
[Thread 019d8a16-c49a-743d-8903-ea0db713e70e] myUpdate: tool-progress

stderr | node/chat/thread.test.ts > handles @async messages and sends them on end turn
[Thread 019d8a16-c49a-743d-8903-ea0db713e70e] myUpdate: send-message

stderr | node/chat/thread.test.ts > handles @async messages and sends them on end turn
[winston] Attempt to write logs with no transports, which can increase memory usage: {"message":"Usage: inputTokens=1000 outputTokens=5000 cacheHits=0 cacheMisses=0 stopReason=end_turn","level":"info"}

stderr | node/chat/thread.test.ts > handles @async messages and sends them on end turn
[Thread 019d8a16-c49a-743d-8903-ea0db713e70e] myUpdate: tool-progress

stderr | node/chat/thread.test.ts > handles @async messages and sends them on end turn
[Thread 019d8a16-c49a-743d-8903-ea0db713e70e] myUpdate: tool-progress

stderr | node/chat/thread.test.ts > handles @async messages and sends them on end turn
[Thread 019d8a16-c49a-743d-8903-ea0db713e70e] myUpdate: tool-progress

stderr | node/tools/thread-title.test.ts > node/tools/thread-title.test.ts > sets thread title after user message
getVar(magenta) failed: [1,"Key not found: magenta"]

stderr | node/tools/thread-title.test.ts > node/tools/thread-title.test.ts > sets thread title after user message
getVar(magenta_display_window) failed: [1,"Key not found: magenta_display_window"]

stderr | node/tools/thread-title.test.ts > node/tools/thread-title.test.ts > sets thread title after user message
[Thread 019d8a16-c51d-719b-8a95-ce22c86909fa] myUpdate: send-message

stderr | node/tools/thread-title.test.ts > node/tools/thread-title.test.ts > sets thread title after user message
[Thread 019d8a16-c51d-719b-8a95-ce22c86909fa] myUpdate: tool-progress

stderr | node/tools/thread-title.test.ts > node/tools/thread-title.test.ts > sets thread title after user message
[Thread 019d8a16-c51d-719b-8a95-ce22c86909fa] myUpdate: tool-progress

 ✓ node/nvim/nvim-node/logger.test.ts (1 test) 279ms
stderr | node/tools/thread-title.test.ts > node/tools/thread-title.test.ts > sets thread title after user message
[Thread 019d8a16-c51d-719b-8a95-ce22c86909fa] myUpdate: tool-progress

stderr | node/chat/thread.test.ts > should process custom commands in messages
getVar(magenta) failed: [1,"Key not found: magenta"]

stderr | node/chat/thread.test.ts > should process custom commands in messages
getVar(magenta_display_window) failed: [1,"Key not found: magenta_display_window"]

stderr | node/chat/thread.test.ts > should process custom commands in messages
[Thread 019d8a16-c5b0-777b-855e-a7ab1ffbd9a4] myUpdate: send-message

stderr | node/chat/thread.test.ts > should process custom commands in messages
[Thread 019d8a16-c5b0-777b-855e-a7ab1ffbd9a4] myUpdate: tool-progress

stderr | node/chat/thread.test.ts > should process custom commands in messages
[Thread 019d8a16-c5b0-777b-855e-a7ab1ffbd9a4] myUpdate: tool-progress

stderr | node/tools/thread-title.test.ts > node/tools/thread-title.test.ts > sets thread title after user message
[winston] Attempt to write logs with no transports, which can increase memory usage: {"message":"Usage: inputTokens=1000 outputTokens=5000 cacheHits=0 cacheMisses=0 stopReason=end_turn","level":"info"}

stderr | node/tools/thread-title.test.ts > node/tools/thread-title.test.ts > sets thread title after user message
[Thread 019d8a16-c51d-719b-8a95-ce22c86909fa] myUpdate: tool-progress

 ✓ node/tools/thread-title.test.ts (1 test) 433ms
   ✓ node/tools/thread-title.test.ts > sets thread title after user message  433ms
 ✓ node/providers/system-prompt.test.ts (3 tests) 590ms
stderr | node/tools/findReferences.test.ts > node/tools/findReferences.test.ts > findReferences end-to-end
getVar(magenta) failed: [1,"Key not found: magenta"]

stderr | node/tools/findReferences.test.ts > node/tools/findReferences.test.ts > findReferences end-to-end
getVar(magenta_display_window) failed: [1,"Key not found: magenta_display_window"]

stderr | node/tools/findReferences.test.ts > node/tools/findReferences.test.ts > findReferences end-to-end
[Thread 019d8a16-c5fd-7418-9817-a92f6393958b] myUpdate: send-message

stderr | node/tools/findReferences.test.ts > node/tools/findReferences.test.ts > findReferences end-to-end
[Thread 019d8a16-c5fd-7418-9817-a92f6393958b] myUpdate: tool-progress

stderr | node/tools/findReferences.test.ts > node/tools/findReferences.test.ts > findReferences end-to-end
[winston] Attempt to write logs with no transports, which can increase memory usage: {"message":"Usage: inputTokens=1000 outputTokens=5000 cacheHits=0 cacheMisses=0 stopReason=tool_use","level":"info"}

stderr | node/tools/findReferences.test.ts > node/tools/findReferences.test.ts > findReferences end-to-end
[Thread 019d8a16-c5fd-7418-9817-a92f6393958b] myUpdate: tool-progress

stderr | node/tools/findReferences.test.ts > node/tools/findReferences.test.ts > findReferences end-to-end
[Thread 019d8a16-c5fd-7418-9817-a92f6393958b] myUpdate: tool-progress

 ↓ node/tools/hover.test.ts (1 test | 1 skipped)
stderr | node/chat/thread.test.ts > renders successive tool uses with single assistant header and inline metadata
getVar(magenta) failed: [1,"Key not found: magenta"]

stderr | node/chat/thread.test.ts > renders successive tool uses with single assistant header and inline metadata
getVar(magenta_display_window) failed: [1,"Key not found: magenta_display_window"]

stderr | node/chat/thread.test.ts > renders successive tool uses with single assistant header and inline metadata
[Thread 019d8a16-c6dd-762f-ba81-d6740a4d4a6d] myUpdate: send-message

stderr | node/chat/thread.test.ts > renders successive tool uses with single assistant header and inline metadata
[Thread 019d8a16-c6dd-762f-ba81-d6740a4d4a6d] myUpdate: tool-progress

stderr | node/chat/thread.test.ts > renders successive tool uses with single assistant header and inline metadata
[winston] Attempt to write logs with no transports, which can increase memory usage: {"message":"Usage: inputTokens=1000 outputTokens=5000 cacheHits=0 cacheMisses=0 stopReason=tool_use","level":"info"}

stderr | node/chat/thread.test.ts > renders successive tool uses with single assistant header and inline metadata
[Thread 019d8a16-c6dd-762f-ba81-d6740a4d4a6d] myUpdate: tool-progress

stderr | node/chat/thread.test.ts > renders successive tool uses with single assistant header and inline metadata
[Thread 019d8a16-c6dd-762f-ba81-d6740a4d4a6d] myUpdate: tool-progress

stderr | node/chat/thread.test.ts > renders successive tool uses with single assistant header and inline metadata
[Thread 019d8a16-c6dd-762f-ba81-d6740a4d4a6d] myUpdate: tool-progress

stderr | node/chat/thread.test.ts > renders successive tool uses with single assistant header and inline metadata
[Thread 019d8a16-c6dd-762f-ba81-d6740a4d4a6d] myUpdate: tool-progress

stderr | node/tools/diagnostics.test.ts > node/tools/diagnostics.test.ts > diagnostics end-to-end
getVar(magenta) failed: [1,"Key not found: magenta"]

stderr | node/tools/diagnostics.test.ts > node/tools/diagnostics.test.ts > diagnostics end-to-end
getVar(magenta_display_window) failed: [1,"Key not found: magenta_display_window"]

stderr | node/chat/thread.test.ts > renders successive tool uses with single assistant header and inline metadata
[Thread 019d8a16-c6dd-762f-ba81-d6740a4d4a6d] myUpdate: tool-progress

stderr | node/tools/diagnostics.test.ts > node/tools/diagnostics.test.ts > diagnostics end-to-end
[Thread 019d8a16-c66f-77f9-8d76-ec4e7eac5f8f] myUpdate: send-message

stderr | node/tools/diagnostics.test.ts > node/tools/diagnostics.test.ts > diagnostics end-to-end
[Thread 019d8a16-c66f-77f9-8d76-ec4e7eac5f8f] myUpdate: tool-progress

stderr | node/tools/diagnostics.test.ts > node/tools/diagnostics.test.ts > diagnostics end-to-end
[Thread 019d8a16-c66f-77f9-8d76-ec4e7eac5f8f] myUpdate: tool-progress

stderr | node/chat/thread.test.ts > renders successive tool uses with single assistant header and inline metadata
[winston] Attempt to write logs with no transports, which can increase memory usage: {"message":"Usage: inputTokens=1000 outputTokens=5000 cacheHits=0 cacheMisses=0 stopReason=tool_use","level":"info"}

stderr | node/chat/thread.test.ts > renders successive tool uses with single assistant header and inline metadata
[Thread 019d8a16-c6dd-762f-ba81-d6740a4d4a6d] myUpdate: tool-progress

stderr | node/chat/thread.test.ts > renders successive tool uses with single assistant header and inline metadata
[Thread 019d8a16-c6dd-762f-ba81-d6740a4d4a6d] myUpdate: tool-progress

stderr | node/chat/thread.test.ts > renders successive tool uses with single assistant header and inline metadata
[Thread 019d8a16-c6dd-762f-ba81-d6740a4d4a6d] myUpdate: tool-progress

stderr | node/chat/thread.test.ts > renders successive tool uses with single assistant header and inline metadata
[Thread 019d8a16-c6dd-762f-ba81-d6740a4d4a6d] myUpdate: tool-progress

stderr | node/chat/thread.test.ts > renders successive tool uses with single assistant header and inline metadata
[Thread 019d8a16-c6dd-762f-ba81-d6740a4d4a6d] myUpdate: tool-progress

stderr | node/chat/thread.test.ts > renders successive tool uses with single assistant header and inline metadata
[winston] Attempt to write logs with no transports, which can increase memory usage: {"message":"Usage: inputTokens=1000 outputTokens=5000 cacheHits=0 cacheMisses=0 stopReason=end_turn","level":"info"}

stderr | node/chat/thread.test.ts > renders successive tool uses with single assistant header and inline metadata
[Thread 019d8a16-c6dd-762f-ba81-d6740a4d4a6d] myUpdate: tool-progress

stderr | node/tools/findReferences.test.ts > node/tools/findReferences.test.ts > findReferences end-to-end
[Thread 019d8a16-c5fd-7418-9817-a92f6393958b] myUpdate: tool-progress

stderr | node/tools/findReferences.test.ts > node/tools/findReferences.test.ts > findReferences end-to-end
[Thread 019d8a16-c5fd-7418-9817-a92f6393958b] myUpdate: tool-progress

stderr | node/chat/thread.test.ts > renders successive tool uses with single assistant header and inline metadata
[Thread 019d8a16-c6dd-762f-ba81-d6740a4d4a6d] myUpdate: tool-progress

stderr | node/tools/findReferences.test.ts > node/tools/findReferences.test.ts > findReferences end-to-end
[Thread 019d8a16-c5fd-7418-9817-a92f6393958b] myUpdate: tool-progress

 ✓ node/tools/findReferences.test.ts (1 test) 666ms
   ✓ node/tools/findReferences.test.ts > findReferences end-to-end  665ms
stderr | node/options-loader.test.ts > dynamically picks up sandbox config changes from project options.json
getVar(magenta) failed: [1,"Key not found: magenta"]

stderr | node/options-loader.test.ts > dynamically picks up sandbox config changes from project options.json
getVar(magenta_display_window) failed: [1,"Key not found: magenta_display_window"]

stderr | node/options-loader.test.ts > dynamically picks up sandbox config changes from project options.json
[Thread 019d8a16-c8c2-724b-a5ca-1f6b953eae0c] myUpdate: send-message

stderr | node/options-loader.test.ts > dynamically picks up sandbox config changes from project options.json
[Thread 019d8a16-c8c2-724b-a5ca-1f6b953eae0c] myUpdate: tool-progress

stderr | node/options-loader.test.ts > dynamically picks up sandbox config changes from project options.json
[winston] Attempt to write logs with no transports, which can increase memory usage: {"message":"Usage: inputTokens=1000 outputTokens=5000 cacheHits=0 cacheMisses=0 stopReason=end_turn","level":"info"}

stderr | node/options-loader.test.ts > dynamically picks up sandbox config changes from project options.json
[Thread 019d8a16-c8c2-724b-a5ca-1f6b953eae0c] myUpdate: tool-progress

stderr | node/tools/diagnostics.test.ts > node/tools/diagnostics.test.ts > diagnostics end-to-end
[winston] Attempt to write logs with no transports, which can increase memory usage: {"message":"Usage: inputTokens=1000 outputTokens=5000 cacheHits=0 cacheMisses=0 stopReason=tool_use","level":"info"}

stderr | node/tools/diagnostics.test.ts > node/tools/diagnostics.test.ts > diagnostics end-to-end
[Thread 019d8a16-c66f-77f9-8d76-ec4e7eac5f8f] myUpdate: tool-progress

stderr | node/tools/diagnostics.test.ts > node/tools/diagnostics.test.ts > diagnostics end-to-end
[Thread 019d8a16-c66f-77f9-8d76-ec4e7eac5f8f] myUpdate: tool-progress

stderr | node/tools/diagnostics.test.ts > node/tools/diagnostics.test.ts > diagnostics end-to-end
[Thread 019d8a16-c66f-77f9-8d76-ec4e7eac5f8f] myUpdate: tool-progress

stderr | node/options-loader.test.ts > dynamically picks up sandbox config changes from project options.json
[Thread 019d8a16-c8c2-724b-a5ca-1f6b953eae0c] myUpdate: tool-progress

stderr | node/chat/thread.test.ts > followup user message text is visible after tool-use cycle
getVar(magenta) failed: [1,"Key not found: magenta"]

stderr | node/chat/thread.test.ts > followup user message text is visible after tool-use cycle
getVar(magenta_display_window) failed: [1,"Key not found: magenta_display_window"]

stderr | node/chat/thread.test.ts > followup user message text is visible after tool-use cycle
[Thread 019d8a16-c91f-736a-903d-4384f93a92e7] myUpdate: send-message

stderr | node/chat/thread.test.ts > followup user message text is visible after tool-use cycle
[Thread 019d8a16-c91f-736a-903d-4384f93a92e7] myUpdate: tool-progress

stderr | node/chat/thread.test.ts > followup user message text is visible after tool-use cycle
[winston] Attempt to write logs with no transports, which can increase memory usage: {"message":"Usage: inputTokens=1000 outputTokens=5000 cacheHits=0 cacheMisses=0 stopReason=tool_use","level":"info"}

stderr | node/chat/thread.test.ts > followup user message text is visible after tool-use cycle
[Thread 019d8a16-c91f-736a-903d-4384f93a92e7] myUpdate: tool-progress

stderr | node/chat/thread.test.ts > followup user message text is visible after tool-use cycle
[Thread 019d8a16-c91f-736a-903d-4384f93a92e7] myUpdate: tool-progress

stderr | node/chat/thread.test.ts > followup user message text is visible after tool-use cycle
[Thread 019d8a16-c91f-736a-903d-4384f93a92e7] myUpdate: tool-progress

stderr | node/chat/thread.test.ts > followup user message text is visible after tool-use cycle
[Thread 019d8a16-c91f-736a-903d-4384f93a92e7] myUpdate: tool-progress

stderr | node/tools/diagnostics.test.ts > node/tools/diagnostics.test.ts > diagnostics end-to-end
[Thread 019d8a16-c66f-77f9-8d76-ec4e7eac5f8f] myUpdate: tool-progress

stderr | node/chat/thread.test.ts > followup user message text is visible after tool-use cycle
[Thread 019d8a16-c91f-736a-903d-4384f93a92e7] myUpdate: tool-progress

 ✓ node/options-loader.test.ts (1 test) 424ms
   ✓ dynamically picks up sandbox config changes from project options.json  424ms
 ✓ node/tools/diagnostics.test.ts (1 test) 942ms
   ✓ node/tools/diagnostics.test.ts > diagnostics end-to-end  942ms
stderr | node/chat/thread.test.ts > followup user message text is visible after tool-use cycle
[winston] Attempt to write logs with no transports, which can increase memory usage: {"message":"Usage: inputTokens=1000 outputTokens=5000 cacheHits=0 cacheMisses=0 stopReason=end_turn","level":"info"}

stderr | node/chat/thread.test.ts > followup user message text is visible after tool-use cycle
[Thread 019d8a16-c91f-736a-903d-4384f93a92e7] myUpdate: tool-progress

stderr | node/chat/thread.test.ts > followup user message text is visible after tool-use cycle
[Thread 019d8a16-c91f-736a-903d-4384f93a92e7] myUpdate: tool-progress

stderr | node/test/completions.test.ts > should show keyword completions when typing '@' in magenta input buffer
getVar(magenta) failed: [1,"Key not found: magenta"]

 ✓ node/nvim/nvim-node/attach.test.ts (1 test) 149ms
stderr | node/test/completions.test.ts > should show keyword completions when typing '@' in magenta input buffer
getVar(magenta_display_window) failed: [1,"Key not found: magenta_display_window"]

stderr | node/chat/thread.test.ts > followup user message text is visible after tool-use cycle
[Thread 019d8a16-c91f-736a-903d-4384f93a92e7] myUpdate: send-message

stderr | node/chat/thread.test.ts > followup user message text is visible after tool-use cycle
[Thread 019d8a16-c91f-736a-903d-4384f93a92e7] myUpdate: tool-progress

stderr | node/chat/thread.test.ts > followup user message text is visible after tool-use cycle
[Thread 019d8a16-c91f-736a-903d-4384f93a92e7] myUpdate: tool-progress

stderr | node/chat/thread.test.ts > followup user message text is visible after tool-use cycle
[winston] Attempt to write logs with no transports, which can increase memory usage: {"message":"Usage: inputTokens=1000 outputTokens=5000 cacheHits=0 cacheMisses=0 stopReason=end_turn","level":"info"}

stderr | node/chat/thread.test.ts > followup user message text is visible after tool-use cycle
[Thread 019d8a16-c91f-736a-903d-4384f93a92e7] myUpdate: tool-progress

stderr | node/chat/thread.test.ts > followup user message text is visible with context updates
[Thread 019d8a16-c91f-736a-903d-4384f93a92e7] myUpdate: tool-progress

stderr | node/chat/thread.test.ts > followup user message text is visible with context updates
getVar(magenta) failed: [1,"Key not found: magenta"]

stderr | node/chat/thread.test.ts > followup user message text is visible with context updates
getVar(magenta_display_window) failed: [1,"Key not found: magenta_display_window"]

stderr | node/chat/thread.test.ts > followup user message text is visible with context updates
[Thread 019d8a16-caef-76cb-9a82-6e1f6a7ecccd] myUpdate: tool-progress

stderr | node/chat/thread.test.ts > followup user message text is visible with context updates
[Thread 019d8a16-caef-76cb-9a82-6e1f6a7ecccd] myUpdate: send-message

stderr | node/chat/thread.test.ts > followup user message text is visible with context updates
[Thread 019d8a16-caef-76cb-9a82-6e1f6a7ecccd] myUpdate: tool-progress

stderr | node/chat/thread.test.ts > followup user message text is visible with context updates
[Thread 019d8a16-caef-76cb-9a82-6e1f6a7ecccd] myUpdate: tool-progress

stderr | node/chat/thread.test.ts > followup user message text is visible with context updates
[winston] Attempt to write logs with no transports, which can increase memory usage: {"message":"Usage: inputTokens=1000 outputTokens=5000 cacheHits=0 cacheMisses=0 stopReason=end_turn","level":"info"}

stderr | node/chat/thread.test.ts > followup user message text is visible with context updates
[Thread 019d8a16-caef-76cb-9a82-6e1f6a7ecccd] myUpdate: tool-progress

stderr | node/chat/thread.test.ts > followup user message text is visible with context updates
[Thread 019d8a16-caef-76cb-9a82-6e1f6a7ecccd] myUpdate: tool-progress

stderr | node/chat/thread.test.ts > followup user message text is visible with context updates
[Thread 019d8a16-caef-76cb-9a82-6e1f6a7ecccd] myUpdate: send-message

stderr | node/chat/thread.test.ts > followup user message text is visible with context updates
[Thread 019d8a16-caef-76cb-9a82-6e1f6a7ecccd] myUpdate: tool-progress

stderr | node/chat/thread.test.ts > followup user message text is visible with context updates
[Thread 019d8a16-caef-76cb-9a82-6e1f6a7ecccd] myUpdate: tool-progress

stderr | node/chat/thread.test.ts > followup user message text is visible with context updates
[winston] Attempt to write logs with no transports, which can increase memory usage: {"message":"Usage: inputTokens=1000 outputTokens=5000 cacheHits=0 cacheMisses=0 stopReason=end_turn","level":"info"}

stderr | node/chat/thread.test.ts > followup user message text is visible with context updates
[Thread 019d8a16-caef-76cb-9a82-6e1f6a7ecccd] myUpdate: tool-progress

stderr | node/chat/thread.test.ts > handles malformed tool_use by sending error tool_result and continuing
[Thread 019d8a16-caef-76cb-9a82-6e1f6a7ecccd] myUpdate: tool-progress

stderr | node/chat/thread.test.ts > handles malformed tool_use by sending error tool_result and continuing
getVar(magenta) failed: [1,"Key not found: magenta"]

stderr | node/chat/thread.test.ts > handles malformed tool_use by sending error tool_result and continuing
getVar(magenta_display_window) failed: [1,"Key not found: magenta_display_window"]

stderr | node/chat/thread.test.ts > handles malformed tool_use by sending error tool_result and continuing
[Thread 019d8a16-cd23-726c-a47d-cf746fc71de6] myUpdate: send-message

stderr | node/chat/thread.test.ts > handles malformed tool_use by sending error tool_result and continuing
[Thread 019d8a16-cd23-726c-a47d-cf746fc71de6] myUpdate: tool-progress

stderr | node/chat/thread.test.ts > handles malformed tool_use by sending error tool_result and continuing
[winston] Attempt to write logs with no transports, which can increase memory usage: {"message":"Usage: inputTokens=1000 outputTokens=5000 cacheHits=0 cacheMisses=0 stopReason=tool_use","level":"info"}

stderr | node/chat/thread.test.ts > handles malformed tool_use by sending error tool_result and continuing
[Thread 019d8a16-cd23-726c-a47d-cf746fc71de6] myUpdate: tool-progress
[Thread 019d8a16-cd23-726c-a47d-cf746fc71de6] myUpdate: tool-progress

stderr | node/chat/thread.test.ts > handles malformed tool_use by sending error tool_result and continuing
[Thread 019d8a16-cd23-726c-a47d-cf746fc71de6] myUpdate: tool-progress

stderr | node/chat/thread.test.ts > handles malformed tool_use by sending error tool_result and continuing
[winston] Attempt to write logs with no transports, which can increase memory usage: {"message":"Usage: inputTokens=1000 outputTokens=5000 cacheHits=0 cacheMisses=0 stopReason=end_turn","level":"info"}

stderr | node/chat/thread.test.ts > handles malformed tool_use by sending error tool_result and continuing
[Thread 019d8a16-cd23-726c-a47d-cf746fc71de6] myUpdate: tool-progress

stderr | node/chat/thread.test.ts > handles malformed tool_use by sending error tool_result and continuing
Error scrolling to last user message: undefined
undefined

stderr | node/chat/thread.test.ts > handles malformed tool_use by sending error tool_result and continuing
[Thread 019d8a16-cd23-726c-a47d-cf746fc71de6] myUpdate: tool-progress

 ✓ node/chat/thread.test.ts (30 tests | 1 skipped) 14335ms
   ✓ chat render and a few updates  936ms
   ✓ new-thread creates fresh thread  434ms
   ✓ getMessages correctly interleaves tool requests and responses  636ms
   ✓ handles errors during streaming response  406ms
   ✓ processes @diag keyword to include diagnostics in message  1797ms
   ✓ processes @diagnostics keyword to include diagnostics in message  1020ms
   ✓ processes @quickfix keyword to include quickfix list in message  323ms
   ✓ handles empty quickfix list with @qf command  341ms
   ✓ processes @buf keyword to include buffers list in message  349ms
   ✓ processes @buffers keyword to include buffers list in message  332ms
   ✓ handles empty buffers list with @buf command  359ms
   ✓ processes @diff command to include git diff in message  443ms
   ✓ processes @staged command to include staged diff in message  668ms
   ✓ handles @file commands  321ms
   ✓ displays deleted context updates correctly  403ms
   ✓ handles web search results and citations together  324ms
   ✓ handles thinking and redacted thinking blocks  342ms
   ✓ handles streaming thinking blocks correctly  472ms
   ✓ shows EDL script preview while streaming  404ms
   ✓ handles @async messages by queueing them and sending on next tool response  557ms
   ✓ handles @async messages and sends them on end turn  322ms
   ✓ renders successive tool uses with single assistant header and inline metadata  521ms
   ✓ followup user message text is visible after tool-use cycle  561ms
   ✓ followup user message text is visible with context updates  565ms
   ✓ handles malformed tool_use by sending error tool_result and continuing  359ms
stderr | node/test/completions.test.ts > should show file path completions when typing '@file:' in magenta input buffer
getVar(magenta) failed: [1,"Key not found: magenta"]

stderr | node/test/completions.test.ts > should show file path completions when typing '@file:' in magenta input buffer
getVar(magenta_display_window) failed: [1,"Key not found: magenta_display_window"]

stderr | node/test/completions.test.ts > should fuzzy-find in @file:
getVar(magenta) failed: [1,"Key not found: magenta"]

stderr | node/test/completions.test.ts > should fuzzy-find in @file:
getVar(magenta_display_window) failed: [1,"Key not found: magenta_display_window"]

stderr | node/test/completions.test.ts > should ignore gitignored files in @file: completions
getVar(magenta) failed: [1,"Key not found: magenta"]

stderr | node/test/completions.test.ts > should ignore gitignored files in @file: completions
getVar(magenta_display_window) failed: [1,"Key not found: magenta_display_window"]

stderr | node/test/completions.test.ts > should show @diff: completions for unstaged files
getVar(magenta) failed: [1,"Key not found: magenta"]

stderr | node/test/completions.test.ts > should show @diff: completions for unstaged files
getVar(magenta_display_window) failed: [1,"Key not found: magenta_display_window"]

stderr | node/test/completions.test.ts > should show @staged: completions for staged files
getVar(magenta) failed: [1,"Key not found: magenta"]

stderr | node/test/completions.test.ts > should show @staged: completions for staged files
getVar(magenta_display_window) failed: [1,"Key not found: magenta_display_window"]

stderr | node/test/completions.test.ts > should prioritize open buffers first in @file: completions
getVar(magenta) failed: [1,"Key not found: magenta"]

stderr | node/test/completions.test.ts > should prioritize open buffers first in @file: completions
getVar(magenta_display_window) failed: [1,"Key not found: magenta_display_window"]

 ❯ node/test/completions.test.ts (9 tests | 3 failed) 16928ms
   ✓ should have nvim-cmp available 230ms
   × should show custom command completions 5004ms
     → Test timed out in 5000ms.
If this is a long-running test, pass a timeout value as the last argument or configure it globally with "testTimeout".
   × should show keyword completions when typing '@' in magenta input buffer 5002ms
     → Test timed out in 5000ms.
If this is a long-running test, pass a timeout value as the last argument or configure it globally with "testTimeout".
   ✓ should show file path completions when typing '@file:' in magenta input buffer 290ms
   × should fuzzy-find in @file: 5000ms
     → Test timed out in 5000ms.
If this is a long-running test, pass a timeout value as the last argument or configure it globally with "testTimeout".
   ✓ should ignore gitignored files in @file: completions 205ms
   ✓ should show @diff: completions for unstaged files  398ms
   ✓ should show @staged: completions for staged files  426ms
   ✓ should prioritize open buffers first in @file: completions  370ms

⎯⎯⎯⎯⎯⎯⎯ Failed Tests 3 ⎯⎯⎯⎯⎯⎯⎯

 FAIL  node/test/completions.test.ts > should show custom command completions
Error: Test timed out in 5000ms.
If this is a long-running test, pass a timeout value as the last argument or configure it globally with "testTimeout".
 ❯ node/test/completions.test.ts:23:1
     21| });
     22| 
     23| it("should show custom command completions", async () => {
       | ^
     24|   await withDriver(
     25|     {

⎯⎯⎯⎯⎯⎯⎯⎯⎯⎯⎯⎯⎯⎯⎯⎯⎯⎯⎯⎯⎯⎯⎯⎯[1/3]⎯

 FAIL  node/test/completions.test.ts > should show keyword completions when typing '@' in magenta input buffer
Error: Test timed out in 5000ms.
If this is a long-running test, pass a timeout value as the last argument or configure it globally with "testTimeout".
 ❯ node/test/completions.test.ts:63:1
     61| });
     62| 
     63| it("should show keyword completions when typing '@' in magenta input b…
       | ^
     64|   await withDriver({}, async (driver) => {
     65|     // Set up sidebar and wait for it to be ready

⎯⎯⎯⎯⎯⎯⎯⎯⎯⎯⎯⎯⎯⎯⎯⎯⎯⎯⎯⎯⎯⎯⎯⎯[2/3]⎯

 FAIL  node/test/completions.test.ts > should fuzzy-find in @file:
Error: Test timed out in 5000ms.
If this is a long-running test, pass a timeout value as the last argument or configure it globally with "testTimeout".
 ❯ node/test/completions.test.ts:118:1
    116| });
    117| 
    118| it("should fuzzy-find in @file:", async () => {
       | ^
    119|   await withDriver({}, async (driver) => {
    120|     // Set up sidebar and wait for it to be ready

⎯⎯⎯⎯⎯⎯⎯⎯⎯⎯⎯⎯⎯⎯⎯⎯⎯⎯⎯⎯⎯⎯⎯⎯[3/3]⎯


 Test Files  1 failed | 66 passed | 6 skipped (73)
      Tests  3 failed | 844 passed | 23 skipped | 2 todo (872)
   Start at  20:43:41
   Duration  32.59s (transform 2.23s, setup 179ms, collect 135.42s, tests 119.33s, environment 6ms, prepare 6.15s)

