// Vitest Snapshot v1, https://vitest.dev/guide/snapshot.html

exports[`node/chat/thread.spec.ts > compacts a thread with multiple messages into a new thread > compacted-thread-messages 1`] = `
[
  {
    "content": [
      {
        "text": "These files are part of your context. This is the latest information about the content of each file.
From now on, whenever any of these files are updated by the user, you will get a message letting you know.
- \`node/test/tmp/poem.txt\`
\`\`\`
Moonlight whispers through the trees,
Silver shadows dance with ease.
Stars above like diamonds bright,
Paint their stories in the night.

\`\`\`
- \`node/test/tmp/poem2.txt\`
\`\`\`
Moonlight whispers through the trees,
Silver shadows dance with ease.
Stars above like diamonds bright,
Paint their stories in the night.

\`\`\`",
        "type": "text",
      },
      {
        "text": "# Previous thread summary:
We discussed European capitals (France: Paris, Germany: Berlin) and examined your project structure, which contains TypeScript files.

# The user would like you to address this prompt next:
Tell me about Italy",
        "type": "text",
      },
    ],
    "role": "user",
  },
  {
    "content": [
      {
        "citations": undefined,
        "text": "Italy's capital is Rome. It's known for its rich history, art, and cuisine.",
        "type": "text",
      },
    ],
    "role": "assistant",
  },
]
`;

exports[`node/chat/thread.spec.ts > compacts a thread with multiple messages into a new thread > forced-tool-request-messages 1`] = `
[
  {
    "content": [
      {
        "text": "What is the capital of France?",
        "type": "text",
      },
    ],
    "role": "user",
  },
  {
    "content": [
      {
        "citations": undefined,
        "text": "The capital of France is Paris.",
        "type": "text",
      },
    ],
    "role": "assistant",
  },
  {
    "content": [
      {
        "text": "What about Germany?",
        "type": "text",
      },
    ],
    "role": "user",
  },
  {
    "content": [
      {
        "citations": undefined,
        "text": "Let me check if I can find some information about Germany in your system.",
        "type": "text",
      },
      {
        "id": "first-bash-tool",
        "name": "bash_command",
        "request": {
          "status": "ok",
          "value": {
            "id": "first-bash-tool",
            "input": {
              "command": "echo 'Information about Germany'",
            },
            "toolName": "bash_command",
          },
        },
        "type": "tool_use",
      },
    ],
    "role": "assistant",
  },
  {
    "content": [
      {
        "id": "first-bash-tool",
        "result": {
          "status": "ok",
          "value": [
            {
              "text": "stdout:
Information about Germany
exit code 0
",
              "type": "text",
            },
          ],
        },
        "type": "tool_result",
      },
    ],
    "role": "user",
  },
  {
    "content": [
      {
        "citations": undefined,
        "text": "Let me check for more details about European countries.",
        "type": "text",
      },
      {
        "id": "second-bash-tool",
        "name": "bash_command",
        "request": {
          "status": "ok",
          "value": {
            "id": "second-bash-tool",
            "input": {
              "command": "echo 'European countries information'",
            },
            "toolName": "bash_command",
          },
        },
        "type": "tool_use",
      },
    ],
    "role": "assistant",
  },
  {
    "content": [
      {
        "id": "second-bash-tool",
        "result": {
          "status": "ok",
          "value": [
            {
              "text": "stdout:
European countries information
exit code 0
",
              "type": "text",
            },
          ],
        },
        "type": "tool_result",
      },
    ],
    "role": "user",
  },
  {
    "content": [
      {
        "citations": undefined,
        "text": "test bash tool",
        "type": "text",
      },
      {
        "id": "bash-tool",
        "name": "bash_command",
        "request": {
          "status": "ok",
          "value": {
            "id": "bash-tool",
            "input": {
              "command": "echo test",
            },
            "toolName": "bash_command",
          },
        },
        "type": "tool_use",
      },
    ],
    "role": "assistant",
  },
  {
    "content": [
      {
        "id": "bash-tool",
        "result": {
          "status": "ok",
          "value": [
            {
              "text": "stdout:
test
exit code 0
",
              "type": "text",
            },
          ],
        },
        "type": "tool_result",
      },
    ],
    "role": "user",
  },
  {
    "content": [
      {
        "citations": undefined,
        "text": "The capital of Germany is Berlin.",
        "type": "text",
      },
    ],
    "role": "assistant",
  },
  {
    "content": [
      {
        "text": "Use the compact_thread tool to analyze my next prompt and extract only the relevant parts of our conversation history.

My next prompt will be:
Tell me about Italy",
        "type": "text",
      },
    ],
    "role": "user",
  },
]
`;
